2026-02-11 14:36:11.834  3564-4024  DisplayManagerService   system_server                        D  performTraversalInternal pendingTraversal
2026-02-11 14:36:11.834  3564-4024  DisplayDevice           system_server                        D  setLayerStackLocked id=local:4630947008615494291 token=android.os.BinderProxy@ea8ede stack=0->0
2026-02-11 14:36:11.834  3564-4024  DisplayDevice           system_server                        D  setLayerStackLocked id=virtual:com.android.shell,2000,studio.screen.sharing:0,198 token=android.os.BinderProxy@73324de stack=-1->201
2026-02-11 14:36:11.834  3564-4024  DisplayDevice           system_server                        I  [201] Layerstack set to 201 for virtual:com.android.shell,2000,studio.screen.sharing:0,198
2026-02-11 14:36:11.834  3564-4024  OplusMirag...aceManager system_server                        D  device:[id=virtual:com.android.shell,2000,studio.screen.sharing:0,198,stack=201] surface:Surface(name=null mNativeObject=-5476376665503832576)/@0xfaaec4a
2026-02-11 14:36:11.834  3564-4024  PointerIconCache        system_server                        I  Reloading pointer icons due to density change on display: 201
2026-02-11 14:36:11.835  3564-4026  DisplayDeviceRepository system_server                        I  Display device changed state: "studio.screen.sharing:0", ON
2026-02-11 14:36:11.835  3564-4026  LogicalDisplayMapper    system_server                        D  Display device changed diff=2
2026-02-11 14:36:11.835  3564-4026  DisplayMan...iceExtImpl system_server                        D  scheduleTraversalLocked intraversal=false
2026-02-11 14:36:11.835  3564-4026  DisplayMan...iceExtImpl system_server                        I  handle logical display changed logicalDisplay=id=201,stack=201,content=false,displayInfo{stack=201,type=5,id=201,uId=virtual:com.android.shell,2000,studio.screen.sharing:0,198,state=ON,pkg=com.android.shell}
2026-02-11 14:36:11.835  3564-4027  DisplayModeDirector     system_server                        D  setAppRequest displayId : 201  modeId: 0  requestedRefreshRate: 0.0  requestedMinRefreshRateRange: 0.0  requestedMaxRefreshRateRange: 0.0
2026-02-11 14:36:11.835  3564-4026  ModeChangeObserver      system_server                        E  Changed display not found
2026-02-11 14:36:11.835  3564-4026  DisplayManagerService   system_server                        D  Delivering display event: displayId=201, event=BASIC_CHANGED
2026-02-11 14:36:11.835  5005-5005  CastManagerService      com.oplus.exsystemservice            D  onDisplayChanged.
2026-02-11 14:36:11.836  3564-4027  DisplayModeDirector     system_server                        D  setAppRequest displayId : 0  modeId: 2  requestedRefreshRate: 0.0  requestedMinRefreshRateRange: 0.0  requestedMaxRefreshRateRange: 120.00001
2026-02-11 14:36:11.836  3564-4027  DisplayManagerService   system_server                        D  performTraversalInternal pendingTraversal
2026-02-11 14:36:11.836  3564-4027  DisplayDevice           system_server                        D  setLayerStackLocked id=local:4630947008615494291 token=android.os.BinderProxy@ea8ede stack=0->0
2026-02-11 14:36:11.836  3564-4027  DisplayDevice           system_server                        D  setLayerStackLocked id=virtual:com.android.shell,2000,studio.screen.sharing:0,198 token=android.os.BinderProxy@73324de stack=201->201
2026-02-11 14:36:11.836  3564-4026  DisplayManagerService   system_server                        D  Delivering display event: displayId=201, event=BASIC_CHANGED
2026-02-11 14:36:11.837  3564-4024  WindowManager           system_server                        D  DeferredDisplayUpdater: applying DisplayInfo(808 x 1778) immediately
2026-02-11 14:36:11.837  3564-4024  WindowManager           system_server                        D  Remove SleepToken: tag=Display-off, displayId=201
2026-02-11 14:36:11.837  3564-4024  WindowManager           system_server                        V  Content Recording: Display 201 state was (1), is now (2), so update recording?
2026-02-11 14:36:11.838  3564-4024  WindowManager           system_server                        V  Content Recording: Display 201 has no content and is on, so start recording for state 2
2026-02-11 14:36:11.838  3564-4026  DisplayManagerService   system_server                        D  MSG_REQUEST_TRAVERSAL pendingCompleted=false
2026-02-11 14:36:11.838  3564-4024  WindowManager           system_server                        V  Content Recording: Apply transformations of shift 0 x 0, scale 0.6392405033111572 x 0.6392405033111572, crop (aka recorded content size) 1264 x 2780 for display 201; display has size 231 x 508; surface has size 808 x 1778
2026-02-11 14:36:11.838  3564-4024  ContentRecorder         system_server                        D  Update mirror layer surface.  curRotation=: 0
                                                                                                     realScale=: 0.6392405 shiftedX=: 0 shiftedY=: 0
                                                                                                     surfaceSize.x=: 808
                                                                                                     surfaceSize.y=: 1778
                                                                                                     recordedContentwidth=: 1264
                                                                                                     recordedContenthight=: 2780
2026-02-11 14:36:11.838  3564-4024  ScreenProt...Controller system_server                        D  needScreenShareProtection: com.android.shell should protected
2026-02-11 14:36:11.838  3564-4024  ContentRecorder         system_server                        D  Setting secure flags on mirrorRoot surface
2026-02-11 14:36:11.838  3564-4024  MediaProje...gerService system_server                        I  Cannot log MediaProjectionTargetChanged atom due to null projection
2026-02-11 14:36:11.838  3564-4024  OplusVFXSc...ectFeature system_server                        D  notifySFCompatWindowStateChange entered false
2026-02-11 14:36:11.839  3564-4024  FSS_FoldSc...Controller system_server                        D  displayChangeToOn, dc:Display{#201 state=ON size=808x1778 ROTATION_0}
2026-02-11 14:36:11.839  3564-4024  DisplayModeDirector     system_server                        D  setAppRequest displayId : 201  modeId: 0  requestedRefreshRate: 0.0  requestedMinRefreshRateRange: 0.0  requestedMaxRefreshRateRange: 0.0
2026-02-11 14:36:11.839  3564-4024  DisplayModeDirector     system_server                        D  setAppRequest displayId : 0  modeId: 2  requestedRefreshRate: 0.0  requestedMinRefreshRateRange: 0.0  requestedMaxRefreshRateRange: 120.00001
2026-02-11 14:36:11.839  3564-4026  DisplayManagerService   system_server                        D  Delivering display event: displayId=201, event=EVENT_DISPLAY_STATE_CHANGED
2026-02-11 14:36:11.839  3564-4027  DisplayModeDirector     system_server                        D  setAppRequest displayId : 201  modeId: 0  requestedRefreshRate: 0.0  requestedMinRefreshRateRange: 0.0  requestedMaxRefreshRateRange: 0.0
2026-02-11 14:36:11.840  3564-4027  DisplayModeDirector     system_server                        D  setAppRequest displayId : 0  modeId: 2  requestedRefreshRate: 0.0  requestedMinRefreshRateRange: 0.0  requestedMaxRefreshRateRange: 120.00001
2026-02-11 14:36:11.840  3564-4026  DisplayMan...iceExtImpl system_server                        D  scheduleTraversalLocked intraversal=false
2026-02-11 14:36:11.840  3564-4026  ModeChangeObserver      system_server                        E  Changed display not found
2026-02-11 14:36:11.840  3564-4026  DisplayManagerService   system_server                        D  MSG_REQUEST_TRAVERSAL pendingCompleted=false
2026-02-11 14:36:11.840  3564-4027  DisplayModeDirector     system_server                        D  setAppRequest displayId : 201  modeId: 0  requestedRefreshRate: 0.0  requestedMinRefreshRateRange: 0.0  requestedMaxRefreshRateRange: 0.0
2026-02-11 14:36:11.841  3564-4027  DisplayModeDirector     system_server                        D  setAppRequest displayId : 0  modeId: 2  requestedRefreshRate: 0.0  requestedMinRefreshRateRange: 0.0  requestedMaxRefreshRateRange: 120.00001
2026-02-11 14:36:11.841  3564-4027  DisplayManagerService   system_server                        D  performTraversalInternal pendingTraversal
2026-02-11 14:36:11.841  3564-4027  DisplayDevice           system_server                        D  setLayerStackLocked id=local:4630947008615494291 token=android.os.BinderProxy@ea8ede stack=0->0
2026-02-11 14:36:11.841  3564-4027  DisplayDevice           system_server                        D  setLayerStackLocked id=virtual:com.android.shell,2000,studio.screen.sharing:0,198 token=android.os.BinderProxy@73324de stack=201->201
2026-02-11 14:36:11.896  3564-4131  PowerManagerService     system_server                        D  userActivityNoUpdateLocked: groupId=0, eventTime=25228709, event=other, flags=0x0, uid=1000
2026-02-11 14:36:11.907  3564-4026  Accessibil...sPopulator system_server                        I  getInsensibleFlag flag = 0
2026-02-11 14:36:12.001  3564-4131  PowerManagerService     system_server                        D  userActivityNoUpdateLocked: groupId=0, eventTime=25228816, event=other, flags=0x0, uid=1000
2026-02-11 14:36:12.107  3564-4131  PowerManagerService     system_server                        D  userActivityNoUpdateLocked: groupId=0, eventTime=25228923, event=other, flags=0x0, uid=1000
2026-02-11 14:36:12.209  3564-4131  PowerManagerService     system_server                        D  userActivityNoUpdateLocked: groupId=0, eventTime=25229024, event=other, flags=0x0, uid=1000
2026-02-11 14:36:12.313  3564-4131  PowerManagerService     system_server                        D  userActivityNoUpdateLocked: groupId=0, eventTime=25229128, event=other, flags=0x0, uid=1000
2026-02-11 14:36:12.425  3564-4131  PowerManagerService     system_server                        D  userActivityNoUpdateLocked: groupId=0, eventTime=25229238, event=other, flags=0x0, uid=1000
2026-02-11 14:36:12.532  3564-4131  PowerManagerService     system_server                        D  userActivityNoUpdateLocked: groupId=0, eventTime=25229345, event=other, flags=0x0, uid=1000
2026-02-11 14:36:12.630  3564-4131  PowerManagerService     system_server                        D  userActivityNoUpdateLocked: groupId=0, eventTime=25229445, event=other, flags=0x0, uid=1000
2026-02-11 14:36:12.698  3564-5004  OAppNetControlService   system_server                        D  Hans update:[10365=true][0|0] blackList:[10436, 10362, 10425, 10372, 10386, 10365]
2026-02-11 14:36:12.753  3564-3917  OplusJoystickManager    system_server                        I  read game pad state for game manager -> false
2026-02-11 14:36:12.753  3564-3917  OplusJoystickManager    system_server                        W  mInterceptGamepadKey is false
2026-02-11 14:36:12.753  3564-3917  OplusCusto...gerService system_server                        D  isLongPressVolumeUpDisabled start
2026-02-11 14:36:12.753  3564-3917  STKeyLog_S...screenshot system_server                        D  notifyKeyBeforeQueueing, downTime25229568, action=0, interactive=true
2026-02-11 14:36:12.754  3564-4131  PowerManagerService     system_server                        D  userActivityNoUpdateLocked: groupId=0, eventTime=25229568, event=other, flags=0x0, uid=1000
2026-02-11 14:36:12.754  3564-3917  OplusFeatureAOD         system_server                        D  notifySfUnBlockScreenOn
2026-02-11 14:36:12.754  3564-3917  OplusPowerManagerHelper system_server                        D  scheduleNotifyStopDream
2026-02-11 14:36:12.754  3564-4130  OplusPowerManagerHelper system_server                        D  handleMessage:102
2026-02-11 14:36:12.754  3564-4130  OplusPowerManagerHelper system_server                        D  MSG_STOP_DEAM
2026-02-11 14:36:12.755  3564-3917  OplusJoystickManager    system_server                        I  read game pad state for game manager -> false
2026-02-11 14:36:12.755  3564-3917  OplusJoystickManager    system_server                        W  mInterceptGamepadKey is false
2026-02-11 14:36:12.755  3564-3917  OplusCusto...gerService system_server                        D  isLongPressVolumeUpDisabled start
2026-02-11 14:36:12.755  3564-3917  STKeyLog_S...screenshot system_server                        D  notifyKeyBeforeQueueing, downTime25229568, action=1, interactive=true
2026-02-11 14:36:12.755  3564-3917  OplusFeatureAOD         system_server                        D  notifySfUnBlockScreenOn
2026-02-11 14:36:12.755  3564-3917  OplusPowerManagerHelper system_server                        D  scheduleNotifyStopDream
2026-02-11 14:36:12.755  3564-4130  OplusPowerManagerHelper system_server                        D  handleMessage:102
2026-02-11 14:36:12.755  3564-4130  OplusPowerManagerHelper system_server                        D  MSG_STOP_DEAM
2026-02-11 14:36:12.757  3564-4131  PowerManagerService     system_server                        D  userActivityNoUpdateLocked: groupId=0, eventTime=25229568, event=touch, flags=0x0, uid=1000
2026-02-11 14:36:12.758  3564-4026  OplusPanor...Controller system_server                        D  isFullscreenTaskIndicatorDragging
2026-02-11 14:36:12.758  3564-4026  ActivityTaskManager     system_server                        D  NFW_setLastResumedActivityUncheckLocked:false r:ActivityRecord{140025575 u0 com.android.vending/.AssetBrowserActivity t9547} currentFocus:Window{f4daf49 u0 com.android.vending/com.android.vending.AssetBrowserActivity}
2026-02-11 14:36:12.761  3564-4050  UserAwareMgr            system_server                        W  no matched scene event: 2027
2026-02-11 14:36:12.787  3564-4026  DisplayDeviceRepository system_server                        I  Display device changed render timings: " ", renderFrameRate=120.00001, presentationDeadlineNanos=11333333, appVsyncOffsetNanos=1000000, frameRateOverrides=[]
2026-02-11 14:36:12.787  3564-4026  LogicalDisplayExt       system_server                        D  set displayInfo flag FLAG_ROTATES_WITH_CONTENT
2026-02-11 14:36:12.787  3564-4026  DisplayManagerService   system_server                        D  Delivering display event: displayId=0, event=EVENT_DISPLAY_REFRESH_RATE_CHANGED
2026-02-11 14:36:12.787  3564-4024  WindowManager           system_server                        D  DeferredDisplayUpdater: partially applying DisplayInfo(1264 x 2780) immediately
2026-02-11 14:36:12.788  3564-4024  OplusVFXSc...ectFeature system_server                        D  notifySFCompatWindowStateChange entered false
2026-02-11 14:36:12.788  3564-4024  FSS_FoldSc...Controller system_server                        D  displayChangeToOn, dc:Display{#0 state=ON size=1264x2780 ROTATION_0}
2026-02-11 14:36:12.788  3564-4024  DisplayModeDirector     system_server                        D  setAppRequest displayId : 201  modeId: 0  requestedRefreshRate: 0.0  requestedMinRefreshRateRange: 0.0  requestedMaxRefreshRateRange: 0.0
2026-02-11 14:36:12.789  3564-4024  DisplayModeDirector     system_server                        D  setAppRequest displayId : 0  modeId: 2  requestedRefreshRate: 0.0  requestedMinRefreshRateRange: 0.0  requestedMaxRefreshRateRange: 120.00001
2026-02-11 14:36:12.837  3564-4140  VRR [OPlus...teService] system_server                        D  handleConfigIdChange physicalDisplayId: 4630947008615494291 configId: 1 renderPeriod: 8333333
2026-02-11 14:36:12.838  3564-4140  VRR [OPlus...usManager] system_server                        D  updateGameState mOSyncFeatureSwitch: false mIsGamePolicy: false
2026-02-11 14:36:12.838  3564-4140  VRR [OPlus...usManager] system_server                        D  updateGameAccelerationStatus pkgName: com.android.vending mOSyncFeatureSwitch: false mIsGamePolicy: false mHeartStop: false mHasFlickerRisk: false mForceAcceleration: false mToastReady: false enable: false
2026-02-11 14:36:12.841  3564-4026  Accessibil...sPopulator system_server                        I  getInsensibleFlag flag = 0
2026-02-11 14:36:12.859  3564-4131  PowerManagerService     system_server                        D  userActivityNoUpdateLocked: groupId=0, eventTime=25229674, event=touch, flags=0x0, uid=1000
2026-02-11 14:36:12.867  5065-5167  ShellRecents            com.android.systemui                 V  RecentsTransitionHandler.startRecentsTransition
2026-02-11 14:36:12.868  5065-5167  WindowManagerShell      com.android.systemui                 V  Directly starting a new transition type=TO_FRONT wct=WindowContainerTransaction { changes= {} hops= [{pendingIntent: options=Bundle[{android.activity.splashScreenStyle=-1, android.activity.sourceInfo=Supplier{VAL_PARCELABLE@148+104}, deviceintegration:remotetask.launchOption=-1, android:activity.animAbortListener=null, trigger_preBoot_limit_size=-1, androidx.activity.extra=Bundle[EMPTY_PARCEL], android.activity.transientLaunch=true, android:activity.mZoomLaunchFlags=0}]}] errorCallbackToken=null taskFragmentOrganizer=null } handler=com.android.wm.shell.recents.RecentsTransitionHandler@6a3f737
2026-02-11 14:36:12.872  3564-3917  OplusAccessController   system_server                        I  enter isIgnoreAppSwitchActivity
2026-02-11 14:36:12.872  3564-3917  OplusAccessController   system_server                        I  enter isIgnoreAppSwitchActivity and intent != null
2026-02-11 14:36:12.872  3564-3917  OplusAccessController   system_server                        I  enter isIgnoreAppSwitchActivity and componentName != null
2026-02-11 14:36:12.872  3564-3917  OplusAccessController   system_server                        I  enter isIgnoreAppSwitchActivity and packageName&activity is not Empty
2026-02-11 14:36:12.872  3564-3917  RefreshRate             system_server                        D  Trigger app switch boost, ar=ActivityRecord{215934230 u0 com.android.launcher/.Launcher t5},currDisplayRate=120.00001,boostId=3
2026-02-11 14:36:12.872  3564-3917  RefreshRate             system_server                        D  setDisplayConfigSpecs complete: targetMode={id=2, width=1264, height=2780, fps=120.00001, vsync=120.00001, synthetic=false, alternativeRefreshRates=[60.000004], supportedHdrTypes=[1, 2, 3, 4]},srcMode={id=2, width=1264, height=2780, fps=120.00001, vsync=120.00001, synthetic=false, alternativeRefreshRates=[60.000004], supportedHdrTypes=[1, 2, 3, 4]},sfModId=1,rate=120.00001
2026-02-11 14:36:12.872  3564-3917  RefreshRate             system_server                        D  startAppSwitchBoost targetMode={id=2, width=1264, height=2780, fps=120.00001, vsync=120.00001, synthetic=false, alternativeRefreshRates=[60.000004], supportedHdrTypes=[1, 2, 3, 4]} record=ActivityRecord{215934230 u0 com.android.launcher/.Launcher t5}: votes=PRIORITY_START_ANIMATION_BOOST -> Vote{mRefreshRate=120.0, mMinRefreshRate=120.0, mRequestSource=null};PRIORITY_WINDOW_REQUEST -> Vote{mRefreshRate=120.0, mMinRefreshRate=120.0, mRequestSource=null};
2026-02-11 14:36:12.872  3564-3917  ActivityTaskManager     system_server                        D  setAppVisibility(Token{ead1825 ActivityRecord{215934230 u0 com.android.launcher/.Launcher t5}}, visible=true):  visible=false mVisibleRequested=false
2026-02-11 14:36:12.873  3564-3917  WindowManager           system_server                        D  NFW_setClientVisible:ActivityRecord{215934230 u0 com.android.launcher/.Launcher t5} clientVisible:true
2026-02-11 14:36:12.874  3564-3917  ActivityTaskManager     system_server                        D  setVisibility(Token{ead1825 ActivityRecord{215934230 u0 com.android.launcher/.Launcher t5}}, visible=true) defer commitVisibility for transition collecting
2026-02-11 14:36:12.874  3564-3917  FlexibleTaskController  system_server                        D  onTaskFocusChanged prevTask:Task{9292532 #9547 type=standard A=10125:com.android.vending} ,currentTask:Task{d6580ee #5 type=home I=com.android.launcher/.Launcher}, reason: resumeTopActivity - onActivityStateChanged
2026-02-11 14:36:12.874  3564-4050  UserAwareMgr            system_server                        I  handleTopAppChanged: com.android.launcher, pid: 5339, uid: 10244
2026-02-11 14:36:12.874  3564-4140  RefreshRate             system_server                        D  do setDisplayConfigSpecs  
2026-02-11 14:36:12.874  3564-3917  OplusFlexibleDCSManager system_server                        D  onNextPkgChanged pkg = com.android.launcher
2026-02-11 14:36:12.875  3564-4140  DisplayModeDirector     system_server                        D  setAppRequest displayId : 0  modeId: 2  requestedRefreshRate: 120.00001  requestedMinRefreshRateRange: 120.00001  requestedMaxRefreshRateRange: 120.00001
2026-02-11 14:36:12.875  3564-3917  WindowManager           system_server                        D  rotation(ROTATION_0) no changed  displayId = 0, lastOrientation = 5
2026-02-11 14:36:12.876  3564-3917  DisplayModeDirector     system_server                        D  setAppRequest displayId : 201  modeId: 0  requestedRefreshRate: 0.0  requestedMinRefreshRateRange: 0.0  requestedMaxRefreshRateRange: 0.0
2026-02-11 14:36:12.876  3564-3917  WindowManager           system_server                        D  NFW_setClientVisible:WallpaperWindowToken{5b6e5fe showWhenLocked=false} clientVisible:true
2026-02-11 14:36:12.877  3564-4026  ActivityManager         system_server                        I  updateOomAdj start time is before than pendingPid added, don't delete it
2026-02-11 14:36:12.877  3564-3917  DisplayModeDirector     system_server                        D  setAppRequest displayId : 0  modeId: 2  requestedRefreshRate: 0.0  requestedMinRefreshRateRange: 0.0  requestedMaxRefreshRateRange: 120.00001
2026-02-11 14:36:12.878  3564-3917  WindowManager           system_server                        D  onSyncFinishedDrawing: Window{4dd157d u0 com.android.launcher/com.android.launcher.Launcher}
2026-02-11 14:36:12.878  3564-3917  ActivityTaskManager     system_server                        D  commitVisibility: ActivityRecord{215934230 u0 com.android.launcher/.Launcher t5}: visible=true visibleRequested=true, isInTransition=true 
2026-02-11 14:36:12.878  3564-3917  OplusAppQu...Controller system_server                        E  not start from launcher transition:359
2026-02-11 14:36:12.878  3564-4140  VRR [OPlus...teService] system_server                        D   setDirectorStates [flag: 1, state: 1, directorStateOff: 1]
2026-02-11 14:36:12.878  3564-3917  Transition              system_server                        D  collectOrderChanges onTopTasksEnd: [Task{813da85 #1 type=home}, Task{d6580ee #5 type=home I=com.android.launcher/.Launcher}], reportedOnTop:null, mOnTopTasksStart: [Task{9292532 #9547 type=standard A=10125:com.android.vending}], TDA child: [Task{39c730e #9539 type=standard A=10134:com.oppo.quicksearchbox nonResizable}, Task{4c73e12 #9541 type=standard A=1000:.applications.InstalledAppDetailsTop}, Task{e01704b #9560 type=standard A=10362:com.zhiliaoapp.musically}, Task{fb8da48 #9549 type=standard A=10157:com.oppo.gallery3d.app.Gallery}, Task{e64325e #9545 type=standard A=10339:com.duolingo}, Task{d3796b3 #2 type=undefined}, Task{245c3ca #9535 type=standard A=10186:com.google.android.youtube}, Task{cc0952c #9533 type=standard A=10375:org.telegram.messenger}, Task{2dd9047 #9543 type=standard A=10174:com.android.chrome}, Task{c71f905 #9455 type=undefined A=10436:ru.dedvpn.android}, Task{eb959dc #9568 type=standard A=10268:com.gameloft.android.ANMP.GloftGGHM nonResizable}, Task{25890db #9567 type=standard A=1000:com.android.settings.root}, Task{43352b7 #9575 type=standard A=10469:com.creysvpn.app}, Task{2c255 #9550 type=standard A=10425:bsd.suitcase.release}, Task{9292532 #9547 type=standard A=10125:com.android.vending}, Task{813da85 #1 type=home}]
2026-02-11 14:36:12.878  3564-3917  Transition              system_server                        D  collectOrderChanges **mParticipants add task: Task{d6580ee #5 type=home I=com.android.launcher/.Launcher}
2026-02-11 14:36:12.878  3564-3917  Transition              system_server                        D  collectOrderChanges **mParticipants add task: Task{813da85 #1 type=home}
2026-02-11 14:36:12.878  3564-4026  OplusKeepAliveManager   system_server                        D  TOP_APP is ProcessRecord{b9e176d 5339:com.android.launcher/u0a244} uid is 10244
2026-02-11 14:36:12.878  3564-3917  OplusFlexi...ionManager system_server                        D  fixTransitType type result:3, targets: [ChangeInfo{c9c28b4 container=Task{813da85 #1 type=home} flags=0x30}, ChangeInfo{21c5cdd container=Task{9292532 #9547 type=standard A=10125:com.android.vending} flags=0x4}, ChangeInfo{a4d1052 container=WallpaperWindowToken{5b6e5fe showWhenLocked=false} flags=0x0}]
2026-02-11 14:36:12.879  3564-3917  OplusTrans...ionManager system_server                        D  activityRecordCount0fullScreenArBeHindStartingWindow null
2026-02-11 14:36:12.879  3564-3917  OplusTrans...ionManager system_server                        D  activityRecordCount0fullScreenArBeHindStartingWindow null
2026-02-11 14:36:12.879  3564-3917  OplusTrans...ionManager system_server                        D  activityRecordCount0fullScreenArBeHindStartingWindow null
2026-02-11 14:36:12.879  3564-3917  OplusTrans...ionManager system_server                        D  dispatchTransitionReadyToClient topWin=Window{f4daf49 u0 com.android.vending/com.android.vending.AssetBrowserActivity}, transitionId=359, hasRemoteOpenFromViewSeamlessTransition=false
2026-02-11 14:36:12.879  3564-3917  QuickBackInputPolicy    system_server                        D  resetInputInterceptState for remoteTransition: true
2026-02-11 14:36:12.879  3564-3917  OplusTrans...Controller system_server                        D  onTransactionReady, transition: 359, info: {id=359 t=TO_FRONT f=0x80 trk=0 r=[0@Point(0, 0)] c=[{WCT{RemoteToken{a341a67 Task{813da85 #1 type=home}}} m=TO_FRONT f=SHOW_WALLPAPER|MOVE_TO_TOP leash=Surface(name=Task=1)/@0x8d4c568 sb=Rect(0, 0 - 1264, 2780) eb=Rect(0, 0 - 1264, 2780) epz=Point(1264, 2780) d=0 taskParent=-1},{WCT{RemoteToken{f4492f4 Task{9292532 #9547 type=standard A=10125:com.android.vending}}} m=TO_BACK f=NONE leash=Surface(name=Task=9547)/@0xf2d5dbf sb=Rect(0, 0 - 1264, 2780) eb=Rect(0, 0 - 1264, 2780) epz=Point(1264, 2780) d=0 taskParent=-1},{m=TO_FRONT f=IS_WALLPAPER leash=Surface(name=WallpaperWindowToken{5b6e5fe showWhenLocked=false})/@0xd2ded81 sb=Rect(0, 0 - 1264, 2780) eb=Rect(0, 0 - 1264, 2780) epz=Point(1264, 2780) d=0}] 
                                                                                                    extendInfo=[
                                                                                                     OplusTransitionExtendedInfo{mTmpFinishT=null, mInOplusCompatMode=false, mIsProcessRunning=true, mHasMismatchBoundsTarget=false, mRecentsController=null, mRemoteTransition=null, mIsTranslucentActivityToHome=false, mAvoidInterceptKeyEventToHome=false, mIsFromHome=false, mParentLeash=null, mBackAnimClosingLeash=null, mIsOplusAnimRes=false, mKeepBgForContinuous=false, mIsBalAllow=false, mTaskNotInRecent=false, mIsPredictiveBackAnim=false, mIsMergedWithPredictive=false, mIsLaunchFromSpruce=false, mIsLaunchFromDrive=false, mGlobalSearchPageSwitch=false, mNeedNoAlphaGlobalSearchScene=false, mAssistScreenShowing=false, mSwipeUpBrowserScreenShowing=false, mUserIdTransition=0
                                                                                                    , mInRemoteScene=false, mInPreReady=false, mPreStart=false, mToken=null, mAbortByRemoteFromHome=false, mShellApplyToken=null, mRequestTransitionTaskId=-1, mAbortTransitionOnShell=0, mStartFromShortcut=false, mRemovedTaskId=-1, mTransitionInterruptType=0, mMergeSecondTaskId=-1, mTaskIdStartFromRecents=0, mTransitionId=359, mCanUseSpringSlideAnim=false, mTransitionLaunchFrom=0, mFoldChangeType=-1, mAnimStartingPosition=[0, 0, 0, 0], mIsOpeningStkDialogActivity=false, mIsNeedApplyStartTForEmbedded=false, mMergeSecondTaskAnimation=false, mIsLaunchUnityStart=false, mIsLaunchFromAssistantByDefault=false, mSkipRemoteTransitionfalse, mIsStartFromKeyguard=false flags=0x0, mWCT=null, mIsOpenMergeToInValidPredictive=false}]}, targets : [ChangeInfo{c9c28b4 container=Task{813da85 #1 type=home} flags=0x30}, ChangeInfo{21c5cdd container=Task{9292532 #9547 type=standard A=10125:com.android.vending} flags=0x4}, ChangeInfo{a4d1052 container=WallpaperWindowToken{5b6e5fe showWhenLocked=false} flags=0x0}], participants: {WallpaperWindowToken{5b6e5fe showWhenLocked=false}, Task{813da85 #1 type=home}, Task{9292532 #9547 type=standard A=10125:com.android.vending}, ActivityRecord{215934230 u0 com.android.launcher/.Launcher t5}, Task{d6580ee #5 type=home I=com.android.launcher/.Launcher}}
2026-02-11 14:36:12.879  3564-3917  Continuous...Controller system_server                        D  updateRecentsActivityForContinuousIfNeed, recentsTask=Task{813da85 #1 type=home}, isMergedToRecents=false
2026-02-11 14:36:12.879  3564-3917  CoreBackPreview         system_server                        D   return markWindowHasDrawn mComposed: false  mWaitTransition: false
2026-02-11 14:36:12.881  3564-3917  DisplayModeDirector     system_server                        D  setAppRequest displayId : 201  modeId: 0  requestedRefreshRate: 0.0  requestedMinRefreshRateRange: 0.0  requestedMaxRefreshRateRange: 0.0
2026-02-11 14:36:12.881  5065-5637  WindowManagerShell      com.android.systemui                 V  onTransitionReady(transaction=15307263489608)
2026-02-11 14:36:12.881  3564-3917  DisplayModeDirector     system_server                        D  setAppRequest displayId : 0  modeId: 2  requestedRefreshRate: 0.0  requestedMinRefreshRateRange: 0.0  requestedMaxRefreshRateRange: 120.00001
2026-02-11 14:36:12.881  3564-3917  TaskOrganizerController system_server                        I  onTaskInfoChanged taskid 1 config { mBounds=Rect(0, 0 - 1264, 2780) mAppBounds=Rect(0, 0 - 1264, 2780) mMaxBounds=Rect(0, 0 - 1264, 2780) mDisplayRotation=ROTATION_0 mWindowingMode=fullscreen mActivityType=home mAlwaysOnTop=undefined mRotation=ROTATION_0}
2026-02-11 14:36:12.882  3564-3917  OplusFlexi...Controller system_server                        D  visibleFlexibleTaskInfos delete:1
2026-02-11 14:36:12.882  3564-3917  FlexibleWi...gerService system_server                        E  notifyTaskObserverToAttachController not need to notify!
2026-02-11 14:36:12.882  3564-3917  FlexibleWi...gerService system_server                        I  onFlexibleWindowTaskInfoChanged, return for cur task not embedded
2026-02-11 14:36:12.882  3564-4027  DisplayModeDirector     system_server                        D  setAppRequest displayId : 201  modeId: 0  requestedRefreshRate: 0.0  requestedMinRefreshRateRange: 0.0  requestedMaxRefreshRateRange: 0.0
2026-02-11 14:36:12.882  5065-5167  ShellRecents            com.android.systemui                 V  [222965012] RecentsController.setTransition: id=android.os.BinderProxy@a98f4b9
2026-02-11 14:36:12.882  3564-4027  DisplayModeDirector     system_server                        D  setAppRequest displayId : 0  modeId: 2  requestedRefreshRate: 0.0  requestedMinRefreshRateRange: 0.0  requestedMaxRefreshRateRange: 120.00001
2026-02-11 14:36:12.882  3564-4583  OplusJoystickManager    system_server                        I  handleApplicationSwitch deprecated!
2026-02-11 14:36:12.882  3564-4583  GameManage...ServiceExt system_server                        I  on FG change: com.android.vending|com.android.launcher
2026-02-11 14:36:12.883  3564-5767  ActivityTaskManager     system_server                        D  Skipping, invisible task: Task{d6580ee #5 type=home I=com.android.launcher/.Launcher}
2026-02-11 14:36:12.883  3564-4136  OplusAppSwitchListener  system_server                        D  App Activity Change
2026-02-11 14:36:12.883  3564-4136  OplusAppSwitchListener  system_server                        D  Detect com.android.vending switch to background
2026-02-11 14:36:12.883  3564-4136  OplusFeatu...Brightness system_server                        D  onAppExit , info = com.android.vending
2026-02-11 14:36:12.883  3564-4136  OplusAppSwitchListener  system_server                        D  Detect com.android.launcher switch to foreground
2026-02-11 14:36:12.883  3564-5767  OplusSplit...gerService system_server                        D  com.android.settings unSupportsSplitScreen by blockList or ForbidActivityList
2026-02-11 14:36:12.883  3564-5767  OplusSplit...gerService system_server                        D  com.android.settings unSupportsSplitScreen by blockList or ForbidActivityList
2026-02-11 14:36:12.883  3564-5767  OplusSplit...gerService system_server                        D  com.android.settings unSupportsSplitScreen by blockList or ForbidActivityList
2026-02-11 14:36:12.883  3564-5767  OplusSplit...gerService system_server                        D  com.android.settings unSupportsSplitScreen by blockList or ForbidActivityList
2026-02-11 14:36:12.883  3564-5767  OplusSplit...gerService system_server                        D  com.discord unSupportsSplitScreen by blockList or ForbidActivityList
2026-02-11 14:36:12.883  3564-5767  ActivityTaskManager     system_server                        D  after skip size:45,pre-Filtered:com.android.vending # com.oppo.quicksearchbox # bsd.suitcase.release # com.creysvpn.app # com.android.settings # com.gameloft.android.ANMP.GloftGGHM # ru.dedvpn.android # com.android.settings # com.android.chrome # org.telegram.messenger # com.zhiliaoapp.musically # com.coloros.gallery3d # com.duolingo # com.google.android.youtube # com.anthropic.claude # com.deepseek.chat # com.lemon.lvoverseas # com.coloros.alarmclock # com.realsignal.packetcapturepro # com.oplus.camera # com.radolyn.ayugram # com.google.android.apps.docs # com.PlayMax.playergames # com.android.contacts # com.yandex.browser # andes.oplus.documentsreader # andes.oplus.documentsreader # ru.trashbox.tapk # net.apex_designs.payback2 # com.noorgames.basketbattle # com.adguard.vpn # ru.mes.dnevnik # com.picsart.studio # com.google.android.gm # com.meitu.wink # bin.mt.plus # com.google.android.documentsui # com.vkontakte.android # com.google.android.googlequicksearchbox # com.heytap.browser # com.android.mms # com.android.phone # com.discord # ru.yandex.music # com.vk.vkvideo # 
2026-02-11 14:36:12.884  5339-5339  ActivityThread          com.android.launcher                 D  ComponentInfo{com.android.launcher/com.android.launcher.Launcher} checkFinished=false 2
2026-02-11 14:36:12.884  5339-5339  ResourcesManagerExtImpl com.android.launcher                 D  applyConfigurationToAppResourcesLocked app.getDisplayId() return callback.displayId:0
2026-02-11 14:36:12.885  3564-6470  WindowManager           system_server                        V  Relayout Window{5de1044 u0 com.oplus.leftscreen}: viewVisibility=0, oldvis=8, req=1264x2780 , apr = 8, vsysui=LAYOUT_STABLE LAYOUT_HIDE_NAVIGATION LAYOUT_FULLSCREEN
2026-02-11 14:36:12.885  3564-6470  DisplayModeDirector     system_server                        D  setAppRequest displayId : 201  modeId: 0  requestedRefreshRate: 0.0  requestedMinRefreshRateRange: 0.0  requestedMaxRefreshRateRange: 0.0
2026-02-11 14:36:12.885  3564-4738  ActivityManager         system_server                        D  reportOneUidFrozenStateChanged uid 10195 frozen = false
2026-02-11 14:36:12.885  3564-4064  ActivityManager         system_server                        D  sync unfroze 9017 com.coloros.alarmclock:clockWidget for 3
2026-02-11 14:36:12.885  3564-4064  ActivityManager         system_server                        D  Async freezing 9017 com.coloros.alarmclock:clockWidget
2026-02-11 14:36:12.885  3564-4064  ActivityManager         system_server                        D  Cancel freezing 9017 com.coloros.alarmclock:clockWidget
2026-02-11 14:36:12.885  3564-4064  ActivityManager         system_server                        D  Async freezing 9017 com.coloros.alarmclock:clockWidget
2026-02-11 14:36:12.886  5065-5167  WindowManagerShell      com.android.systemui                 V  onTransitionReady (#359) android.os.BinderProxy@a98f4b9: {id=359 t=TO_FRONT f=0x80 trk=0 r=[0@Point(0, 0)] c=[
                                                                                                            {m=TO_FRONT f=SHOW_WALLPAPER|MOVE_TO_TOP leash=Surface(name=Task=1)/@0x3c979bd sb=Rect(0, 0 - 1264, 2780) eb=Rect(0, 0 - 1264, 2780) epz=Point(1264, 2780) d=0 taskParent=-1},
                                                                                                            {m=TO_BACK f=NONE leash=Surface(name=Task=9547)/@0x50e9bb2 sb=Rect(0, 0 - 1264, 2780) eb=Rect(0, 0 - 1264, 2780) epz=Point(1264, 2780) d=0 taskParent=-1},
                                                                                                            {m=TO_FRONT f=IS_WALLPAPER leash=Surface(name=WallpaperWindowToken{5b6e5fe showWhenLocked=false})/@0x854b703 sb=Rect(0, 0 - 1264, 2780) eb=Rect(0, 0 - 1264, 2780) epz=Point(1264, 2780) d=0}
                                                                                                        ] 
                                                                                                    extendInfo=[
                                                                                                     OplusTransitionExtendedInfo{mTmpFinishT=null, mInOplusCompatMode=false, mIsProcessRunning=true, mHasMismatchBoundsTarget=false, mRecentsController=null, mRemoteTransition=null, mIsTranslucentActivityToHome=false, mAvoidInterceptKeyEventToHome=false, mIsFromHome=false, mParentLeash=null, mBackAnimClosingLeash=null, mIsOplusAnimRes=false, mKeepBgForContinuous=false, mIsBalAllow=false, mTaskNotInRecent=false, mIsPredictiveBackAnim=false, mIsMergedWithPredictive=false, mIsLaunchFromSpruce=false, mIsLaunchFromDrive=false, mGlobalSearchPageSwitch=false, mNeedNoAlphaGlobalSearchScene=false, mAssistScreenShowing=false, mSwipeUpBrowserScreenShowing=false, mUserIdTransition=0
                                                                                                    , mInRemoteScene=false, mInPreReady=false, mPreStart=false, mToken=null, mAbortByRemoteFromHome=false, mShellApplyToken=null, mRequestTransitionTaskId=-1, mAbortTransitionOnShell=0, mStartFromShortcut=false, mRemovedTaskId=-1, mTransitionInterruptType=0, mMergeSecondTaskId=-1, mTaskIdStartFromRecents=0, mTransitionId=359, mCanUseSpringSlideAnim=false, mTransitionLaunchFrom=0, mFoldChangeType=-1, mAnimStartingPosition=[0, 0, 0, 0], mIsOpeningStkDialogActivity=false, mIsNeedApplyStartTForEmbedded=false, mMergeSecondTaskAnimation=false, mIsLaunchUnityStart=false, mIsLaunchFromAssistantByDefault=false, mSkipRemoteTransitionfalse, mIsStartFromKeyguard=false flags=0x0, mWCT=null, mIsOpenMergeToInValidPredictive=false}]}
2026-02-11 14:36:12.886  5339-5339  VRI[Launcher]           com.android.launcher                 D  relayoutWindow result, sizeChanged:false, surfaceControlChanged:false, transformHintChanged:false, mSurfaceSize:Point(1264, 2780), mLastSurfaceSize:Point(1264, 2780), mWidth:1264, mHeight:2780, requestedWidth:1264, requestedHeight:2780, transformHint:0, installOrientation:0, displayRotation:0, isSurfaceValid:true, attr.flag:-2121203456, tmpFrames:ClientWindowFrames{frame=[0,0][1264,2780] display=[0,0][1264,2780] parentFrame=[0,0][1264,2780]}, relayoutAsync:true, mSyncSeqId:0
2026-02-11 14:36:12.886  5339-5339  VRI[Launcher]           com.android.launcher                 W  updateBlastSurfaceIfNeeded, surfaceSize:Point(1264, 2780), lastSurfaceSize:Point(1264, 2780), format:-2, blastBufferQueue:android.graphics.BLASTBufferQueue@ebcf29
2026-02-11 14:36:12.886  5065-5167  WindowManagerShell      com.android.systemui                 V  Playing animation for (#359) android.os.BinderProxy@a98f4b9@0
2026-02-11 14:36:12.886  5065-5167  WindowManagerShell      com.android.systemui                 V   try firstHandler com.android.wm.shell.recents.RecentsTransitionHandler@6a3f737
2026-02-11 14:36:12.886  5065-5167  ShellRecents            com.android.systemui                 V  [222965012] RecentsController.start
2026-02-11 14:36:12.887  5065-5167  ShellRecents            com.android.systemui                 V    not handling home taskId=1
2026-02-11 14:36:12.887  5065-5167  ShellRecents            com.android.systemui                 V    adding pausing leaf taskId=9547 at layer=8
2026-02-11 14:36:12.888  3564-4140  VRR [OPlusSAManager]    system_server                        D  updateAutoMinfps for 4630947008615494291 with nits: 250.33685, mHistOK true, mAmbientOK true, mCctOK true, mIrOK true, mBrightnessOK true, isPkgOK true, SA min fps: 119
2026-02-11 14:36:12.888  5065-5167  ShellRecents            com.android.systemui                 V  Applying transaction=15307263489608
2026-02-11 14:36:12.888  3564-5004  OAppNetControlService   system_server                        D  Hans update:[10372=false][0|0] blackList:[10436, 10362, 10425, 10386, 10365]
2026-02-11 14:36:12.888  3564-6470  DisplayModeDirector     system_server                        D  setAppRequest displayId : 0  modeId: 2  requestedRefreshRate: 0.0  requestedMinRefreshRateRange: 0.0  requestedMaxRefreshRateRange: 120.00001
2026-02-11 14:36:12.888  5065-5167  ShellRecents            com.android.systemui                 V  No matching remote found to takeover (#359)
2026-02-11 14:36:12.888  3564-6470  WindowManager           system_server                        D  relayoutVisibleWindow win:Window{5de1044 u0 com.oplus.leftscreen} set mDestroying = false  DestroySavedSurface remove
2026-02-11 14:36:12.889  3564-6470  WindowManager           system_server                        D  NFW_findFocusedWindowIfNeeded:null mCurrentFocus:null
2026-02-11 14:36:12.889  5065-5167  ShellSplitScreen        com.android.systemui                 V  getSplitBoundsForTaskId: expected split bounds for taskId=9547 but not found
2026-02-11 14:36:12.889  5065-5167  ShellRecents            com.android.systemui                 V  [222965012] RecentsController.start: calling onAnimationStart with 2 apps
2026-02-11 14:36:12.889  3564-6470  WindowManager           system_server                        D  attachImeScreenshotOnTargetIfNeeded, mImeHiding = false, requestedVisibleTypes = -9
2026-02-11 14:36:12.889  5065-5167  WindowManagerShell      com.android.systemui                 V   animated by firstHandler
2026-02-11 14:36:12.890  3564-5867  OplusEapManager         system_server                        D  mTargetExitName :com.android.vending
2026-02-11 14:36:12.890  3564-5767  WindowManager           system_server                        V  Relayout Window{4dd157d u0 com.android.launcher/com.android.launcher.Launcher}: viewVisibility=0, oldvis=0, req=1264x2780 , apr = 0, vsysui=LAYOUT_STABLE LAYOUT_HIDE_NAVIGATION LAYOUT_FULLSCREEN, x=0, y=0
2026-02-11 14:36:12.890  3564-5867  OplusAppSwitchRuleInfo  system_server                        D  generateAppEnterInfo - launch_source_type =  , launch_source_traceid = 
2026-02-11 14:36:12.890  3564-6470  QuickBackInputPolicy    system_server                        D  setInterceptInputKeyStatus, enable=true, enableFlag=1, inputCallback=android.window.IRemoteTransitionInputCallback$Stub$Proxy@4a74a77
2026-02-11 14:36:12.890  3564-5767  DisplayModeDirector     system_server                        D  setAppRequest displayId : 201  modeId: 0  requestedRefreshRate: 0.0  requestedMinRefreshRateRange: 0.0  requestedMaxRefreshRateRange: 0.0
2026-02-11 14:36:12.891  3564-5767  DisplayModeDirector     system_server                        D  setAppRequest displayId : 0  modeId: 2  requestedRefreshRate: 0.0  requestedMinRefreshRateRange: 0.0  requestedMaxRefreshRateRange: 120.00001
2026-02-11 14:36:12.892  3564-4068  OplusThermalStats       system_server                        E  Error getting package info: com.android.launcher
2026-02-11 14:36:12.892  3564-4027  DisplayModeDirector     system_server                        D  setAppRequest displayId : 201  modeId: 0  requestedRefreshRate: 0.0  requestedMinRefreshRateRange: 0.0  requestedMaxRefreshRateRange: 0.0
2026-02-11 14:36:12.892  3564-5867  OplusAppSwitchRuleInfo  system_server                        D  generateAppEnterInfo - launch_source_type =  , launch_source_traceid = 
2026-02-11 14:36:12.892  3564-5867  OplusAppSwitchRuleInfo  system_server                        D  generateAppEnterInfo - launch_source_type =  , launch_source_traceid = 
2026-02-11 14:36:12.892  3564-5867  OplusAppSwitchRuleInfo  system_server                        D  generateAppEnterInfo - launch_source_type =  , launch_source_traceid = 
2026-02-11 14:36:12.892  3564-5867  OplusAppSwitchRuleInfo  system_server                        D  generateAppEnterInfo - launch_source_type =  , launch_source_traceid = 
2026-02-11 14:36:12.892  3564-4027  DisplayModeDirector     system_server                        D  setAppRequest displayId : 0  modeId: 2  requestedRefreshRate: 0.0  requestedMinRefreshRateRange: 0.0  requestedMaxRefreshRateRange: 120.00001
2026-02-11 14:36:12.892  3564-5867  OplusEapManager         system_server                        D  mTargetEnterName :com.android.launcher
2026-02-11 14:36:12.892  3564-5867  OplusAppSwitchRuleInfo  system_server                        D  generateAppEnterInfo - launch_source_type =  , launch_source_traceid = 
2026-02-11 14:36:12.892  3564-5867  OplusAppSwitchRuleInfo  system_server                        D  generateAppEnterInfo - launch_source_type =  , launch_source_traceid = 
2026-02-11 14:36:12.892  3564-5867  OplusAppSwitchRuleInfo  system_server                        D  generateActivityEnterInfo - launch_source_type =  , launch_source_traceid = 
2026-02-11 14:36:12.893  3564-5867  OplusAppSwitchRuleInfo  system_server                        D  generateActivityEnterInfo - launch_source_type =  , launch_source_traceid = 
2026-02-11 14:36:12.893  3564-5867  OplusAppSwitchRuleInfo  system_server                        D  generateActivityEnterInfo - launch_source_type =  , launch_source_traceid = 
2026-02-11 14:36:12.893  3564-4140  VRR [OPlus...teService] system_server                        D  handleFrontAppChange pkgName: com.android.launcher
2026-02-11 14:36:12.893  3564-3917  Accessibil...sPopulator system_server                        I  getInsensibleFlag flag = 0
2026-02-11 14:36:12.893  3564-4140  VRR [OPlusSAManager]    system_server                        D  updateAutoMinfps for 4630947008615494291 with nits: 250.33685, mHistOK true, mAmbientOK true, mCctOK true, mIrOK true, mBrightnessOK true, isPkgOK true, SA min fps: 119
2026-02-11 14:36:12.893  3564-4027  DisplayModeDirector     system_server                        D  setAppRequest displayId : 201  modeId: 0  requestedRefreshRate: 0.0  requestedMinRefreshRateRange: 0.0  requestedMaxRefreshRateRange: 0.0
2026-02-11 14:36:12.894  3564-4027  DisplayModeDirector     system_server                        D  setAppRequest displayId : 0  modeId: 2  requestedRefreshRate: 0.0  requestedMinRefreshRateRange: 0.0  requestedMaxRefreshRateRange: 120.00001
2026-02-11 14:36:12.895  3564-4023  WindowManager           system_server                        V  Sent Transition (#359) createdAt=02-11 14:36:12.869
2026-02-11 14:36:12.895  3564-4023  WindowManager           system_server                        V      startWCT=WindowContainerTransaction { changes= {} hops= [{pendingIntent: options=Bundle[{android.activity.splashScreenStyle=-1, android.activity.sourceInfo=android.app.ActivityOptions$SourceInfo@43c1713, deviceintegration:remotetask.launchOption=-1, android:activity.animAbortListener=null, trigger_preBoot_limit_size=-1, androidx.activity.extra=Bundle[{flexibleStartFrom=, lively=false}], android.activity.transientLaunch=true, android:activity.mZoomLaunchFlags=0}]}] errorCallbackToken=null taskFragmentOrganizer=null }
2026-02-11 14:36:12.895  3564-4023  WindowManager           system_server                        V      info={id=359 t=TO_FRONT f=0x80 trk=0 r=[0@Point(0, 0)] c=[
                                                                                                            {WCT{RemoteToken{a341a67 Task{813da85 #1 type=home}}} m=TO_FRONT f=SHOW_WALLPAPER|MOVE_TO_TOP leash=Surface(name=Task=1)/@0x8d4c568 sb=Rect(0, 0 - 1264, 2780) eb=Rect(0, 0 - 1264, 2780) epz=Point(1264, 2780) d=0 taskParent=-1},
                                                                                                            {WCT{RemoteToken{f4492f4 Task{9292532 #9547 type=standard A=10125:com.android.vending}}} m=TO_BACK f=NONE leash=Surface(name=Task=9547)/@0xf2d5dbf sb=Rect(0, 0 - 1264, 2780) eb=Rect(0, 0 - 1264, 2780) epz=Point(1264, 2780) d=0 taskParent=-1},
                                                                                                            {m=TO_FRONT f=IS_WALLPAPER leash=Surface(name=WallpaperWindowToken{5b6e5fe showWhenLocked=false})/@0xd2ded81 sb=Rect(0, 0 - 1264, 2780) eb=Rect(0, 0 - 1264, 2780) epz=Point(1264, 2780) d=0}
                                                                                                        ] 
                                                                                                    extendInfo=[
