2026-02-11 15:15:36.597 10693-10743 PCAP                    com.creysvpn.app                     I  Filtered port: 443 (not 5-digit)
2026-02-11 15:15:36.741 10693-10743 PCAP                    com.creysvpn.app                     I  Filtered port: 443 (not 5-digit)
2026-02-11 15:15:36.761 10693-10743 PCAP                    com.creysvpn.app                     I  Filtered port: 443 (not 5-digit)
2026-02-11 15:15:36.924 10693-10743 PCAP                    com.creysvpn.app                     I  Filtered port: 443 (not 5-digit)
2026-02-11 15:15:36.955 10693-10743 PCAP                    com.creysvpn.app                     I  Filtered port: 443 (not 5-digit)
2026-02-11 15:15:37.056 10693-10743 PCAP                    com.creysvpn.app                     I  Filtered port: 443 (not 5-digit)
2026-02-11 15:15:37.087 10693-10743 PCAP                    com.creysvpn.app                     I  Filtered port: 443 (not 5-digit)
2026-02-11 15:15:37.596 10693-10743 PCAP                    com.creysvpn.app                     I  Filtered port: 443 (not 5-digit)
2026-02-11 15:15:37.606 10693-10743 PCAP                    com.creysvpn.app                     I  Filtered port: 443 (not 5-digit)
2026-02-11 15:15:37.758 10693-10743 PCAP                    com.creysvpn.app                     I  Filtered port: 443 (not 5-digit)
2026-02-11 15:15:37.790 10693-10743 PCAP                    com.creysvpn.app                     I  Filtered port: 443 (not 5-digit)
2026-02-11 15:15:37.945 10693-10743 PCAP                    com.creysvpn.app                     I  Filtered port: 443 (not 5-digit)
2026-02-11 15:15:37.986 10693-10743 PCAP                    com.creysvpn.app                     I  Filtered port: 443 (not 5-digit)
2026-02-11 15:15:38.079 10693-10743 PCAP                    com.creysvpn.app                     I  Filtered port: 443 (not 5-digit)
2026-02-11 15:15:38.109 10693-10743 PCAP                    com.creysvpn.app                     I  Filtered port: 443 (not 5-digit)
2026-02-11 15:15:38.617 10693-10743 PCAP                    com.creysvpn.app                     I  Filtered port: 443 (not 5-digit)
2026-02-11 15:15:38.627 10693-10743 PCAP                    com.creysvpn.app                     I  Filtered port: 443 (not 5-digit)
2026-02-11 15:15:38.810 10693-10743 PCAP                    com.creysvpn.app                     I  Filtered port: 443 (not 5-digit)
2026-02-11 15:15:38.983 10693-10743 PCAP                    com.creysvpn.app                     I  Filtered port: 443 (not 5-digit)
2026-02-11 15:15:39.136 10693-10743 PCAP                    com.creysvpn.app                     I  Filtered port: 443 (not 5-digit)
2026-02-11 15:15:39.645 10693-10743 PCAP                    com.creysvpn.app                     I  Filtered port: 443 (not 5-digit)
2026-02-11 15:15:39.655 10693-10743 PCAP                    com.creysvpn.app                     I  Filtered port: 443 (not 5-digit)
2026-02-11 15:15:39.777 10693-10743 PCAP                    com.creysvpn.app                     I  Filtered port: 443 (not 5-digit)
2026-02-11 15:15:39.838 10693-10743 PCAP                    com.creysvpn.app                     I  Filtered port: 443 (not 5-digit)
2026-02-11 15:15:39.970 10693-10743 PCAP                    com.creysvpn.app                     I  Filtered port: 443 (not 5-digit)
2026-02-11 15:15:40.001 10693-10743 PCAP                    com.creysvpn.app                     I  Filtered port: 443 (not 5-digit)
2026-02-11 15:15:40.011 10693-10743 PCAP                    com.creysvpn.app                     I  Filtered port: 443 (not 5-digit)
2026-02-11 15:15:40.092 10693-10743 PCAP                    com.creysvpn.app                     I  Filtered port: 443 (not 5-digit)
2026-02-11 15:15:40.123 10693-10743 PCAP                    com.creysvpn.app                     I  Filtered port: 443 (not 5-digit)
2026-02-11 15:15:40.164 10693-10743 PCAP                    com.creysvpn.app                     I  Filtered port: 443 (not 5-digit)
2026-02-11 15:15:40.672 10693-10743 PCAP                    com.creysvpn.app                     I  Filtered port: 443 (not 5-digit)
2026-02-11 15:15:40.682 10693-10743 PCAP                    com.creysvpn.app                     I  Filtered port: 443 (not 5-digit)
2026-02-11 15:15:40.865 10693-10743 PCAP                    com.creysvpn.app                     I  Filtered port: 443 (not 5-digit)
2026-02-11 15:15:41.028 10693-10743 PCAP                    com.creysvpn.app                     I  Filtered port: 443 (not 5-digit)
2026-02-11 15:15:41.180 10693-10743 PCAP                    com.creysvpn.app                     I  Filtered port: 443 (not 5-digit)
2026-02-11 15:15:41.689 10693-10743 PCAP                    com.creysvpn.app                     I  Filtered port: 443 (not 5-digit)
2026-02-11 15:15:41.700 10693-10743 PCAP                    com.creysvpn.app                     I  Filtered port: 443 (not 5-digit)
2026-02-11 15:15:42.046 10693-10743 PCAP                    com.creysvpn.app                     I  Filtered port: 443 (not 5-digit)
2026-02-11 15:15:42.208 10693-10743 PCAP                    com.creysvpn.app                     I  Filtered port: 443 (not 5-digit)
2026-02-11 15:15:42.705 10693-10743 PCAP                    com.creysvpn.app                     I  Filtered port: 443 (not 5-digit)
2026-02-11 15:15:42.857 10693-10743 PCAP                    com.creysvpn.app                     I  Filtered port: 443 (not 5-digit)
2026-02-11 15:15:42.878 10693-10743 PCAP                    com.creysvpn.app                     I  Filtered port: 443 (not 5-digit)
2026-02-11 15:15:42.898 10693-10743 PCAP                    com.creysvpn.app                     I  Filtered port: 443 (not 5-digit)
2026-02-11 15:15:42.969 10693-10743 PCAP                    com.creysvpn.app                     I  Filtered port: 443 (not 5-digit)
2026-02-11 15:15:42.990 10693-10743 PCAP                    com.creysvpn.app                     I  Filtered port: 443 (not 5-digit)
2026-02-11 15:15:43.071 10693-10743 PCAP                    com.creysvpn.app                     I  Filtered port: 443 (not 5-digit)
2026-02-11 15:15:43.233 10693-10743 PCAP                    com.creysvpn.app                     I  Filtered port: 443 (not 5-digit)
2026-02-11 15:15:43.710 10693-10743 PCAP                    com.creysvpn.app                     I  Filtered port: 443 (not 5-digit)
2026-02-11 15:15:43.720 10693-10743 PCAP                    com.creysvpn.app                     I  Filtered port: 443 (not 5-digit)
2026-02-11 15:15:43.730 10693-10743 PCAP                    com.creysvpn.app                     I  Filtered port: 443 (not 5-digit)
2026-02-11 15:15:43.872 10693-10743 PCAP                    com.creysvpn.app                     I  Filtered port: 443 (not 5-digit)
2026-02-11 15:15:43.903 10693-10743 PCAP                    com.creysvpn.app                     I  Filtered port: 443 (not 5-digit)
2026-02-11 15:15:43.994 10693-10743 PCAP                    com.creysvpn.app                     I  Filtered port: 443 (not 5-digit)
2026-02-11 15:15:44.004 10693-10743 PCAP                    com.creysvpn.app                     I  Filtered port: 443 (not 5-digit)
2026-02-11 15:15:44.096 10693-10743 PCAP                    com.creysvpn.app                     I  Filtered port: 443 (not 5-digit)
2026-02-11 15:15:44.249 10693-10743 PCAP                    com.creysvpn.app                     I  Filtered port: 443 (not 5-digit)
2026-02-11 15:15:44.279 10693-10743 PCAP                    com.creysvpn.app                     I  Filtered port: 443 (not 5-digit)
2026-02-11 15:15:44.289 10693-10743 PCAP                    com.creysvpn.app                     I  Filtered port: 443 (not 5-digit)
2026-02-11 15:15:44.524 10693-10743 PCAP                    com.creysvpn.app                     I  Filtered port: 443 (not 5-digit)
2026-02-11 15:15:44.737 10693-10743 PCAP                    com.creysvpn.app                     I  Filtered port: 443 (not 5-digit)
2026-02-11 15:15:44.778 10693-10743 PCAP                    com.creysvpn.app                     I  Filtered port: 443 (not 5-digit)
2026-02-11 15:15:44.890 10693-10743 PCAP                    com.creysvpn.app                     I  Filtered port: 443 (not 5-digit)
2026-02-11 15:15:44.930 10693-10743 PCAP                    com.creysvpn.app                     I  Filtered port: 443 (not 5-digit)
2026-02-11 15:15:45.022 10693-10743 PCAP                    com.creysvpn.app                     I  Filtered port: 443 (not 5-digit)
2026-02-11 15:15:45.032 10693-10743 PCAP                    com.creysvpn.app                     I  Filtered port: 443 (not 5-digit)
2026-02-11 15:15:45.276 10693-10743 PCAP                    com.creysvpn.app                     I  Filtered port: 443 (not 5-digit)
2026-02-11 15:15:45.286 10693-10743 PCAP                    com.creysvpn.app                     I  Filtered port: 443 (not 5-digit)
2026-02-11 15:15:45.540 10693-10743 PCAP                    com.creysvpn.app                     I  Filtered port: 443 (not 5-digit)
2026-02-11 15:15:45.763 10693-10743 PCAP                    com.creysvpn.app                     I  Filtered port: 443 (not 5-digit)
2026-02-11 15:15:45.794 10693-10743 PCAP                    com.creysvpn.app                     I  Filtered port: 443 (not 5-digit)
2026-02-11 15:15:45.804 10693-10743 PCAP                    com.creysvpn.app                     I  Filtered port: 443 (not 5-digit)
2026-02-11 15:15:45.915 10693-10743 PCAP                    com.creysvpn.app                     I  Filtered port: 443 (not 5-digit)
2026-02-11 15:15:45.946 10693-10743 PCAP                    com.creysvpn.app                     I  Filtered port: 443 (not 5-digit)
2026-02-11 15:15:46.048 10693-10743 PCAP                    com.creysvpn.app                     I  Filtered port: 443 (not 5-digit)
2026-02-11 15:15:46.058 10693-10743 PCAP                    com.creysvpn.app                     I  Filtered port: 443 (not 5-digit)
2026-02-11 15:15:46.109 10693-10743 PCAP                    com.creysvpn.app                     I  Filtered port: 443 (not 5-digit)
2026-02-11 15:15:46.271 10693-10743 PCAP                    com.creysvpn.app                     I  Filtered port: 443 (not 5-digit)
2026-02-11 15:15:46.302 10693-10743 PCAP                    com.creysvpn.app                     I  Filtered port: 443 (not 5-digit)
2026-02-11 15:15:46.313 10693-10743 PCAP                    com.creysvpn.app                     I  Filtered port: 443 (not 5-digit)
2026-02-11 15:15:46.556 10693-10743 PCAP                    com.creysvpn.app                     I  Filtered port: 443 (not 5-digit)
2026-02-11 15:15:46.607 10693-10743 PCAP                    com.creysvpn.app                     I  Filtered port: 443 (not 5-digit)
2026-02-11 15:15:46.637 10693-10743 PCAP                    com.creysvpn.app                     I  Filtered port: 443 (not 5-digit)
2026-02-11 15:15:46.780 10693-10743 PCAP                    com.creysvpn.app                     I  Filtered port: 443 (not 5-digit)
2026-02-11 15:15:46.811 10693-10743 PCAP                    com.creysvpn.app                     I  Filtered port: 443 (not 5-digit)
2026-02-11 15:15:46.821 10693-10743 PCAP                    com.creysvpn.app                     I  Filtered port: 443 (not 5-digit)
2026-02-11 15:15:46.943 10693-10743 PCAP                    com.creysvpn.app                     I  Filtered port: 443 (not 5-digit)
2026-02-11 15:15:46.974 10693-10743 PCAP                    com.creysvpn.app                     I  Filtered port: 443 (not 5-digit)
2026-02-11 15:15:47.066 10693-10743 PCAP                    com.creysvpn.app                     I  Filtered port: 443 (not 5-digit)
2026-02-11 15:15:47.077 10693-10743 PCAP                    com.creysvpn.app                     I  Filtered port: 443 (not 5-digit)
2026-02-11 15:15:47.188 10693-10743 PCAP                    com.creysvpn.app                     I  Filtered port: 5228 (not 5-digit)
2026-02-11 15:15:47.320 10693-10743 PCAP                    com.creysvpn.app                     I  Filtered port: 443 (not 5-digit)
2026-02-11 15:15:47.331 10693-10743 PCAP                    com.creysvpn.app                     I  Filtered port: 443 (not 5-digit)
2026-02-11 15:15:47.551  3564-5156  OsenseKillAction        system_server                        I  KillAction: don't check adj for non perceptible fgs app: ProcessInfo{10693:com.creysvpn.app/u0a469 oom:FGS/95/50/fg-service-act mem:0/86/20}
2026-02-11 15:15:47.583 10693-10743 PCAP                    com.creysvpn.app                     I  Filtered port: 443 (not 5-digit)
2026-02-11 15:15:47.613 10693-10743 PCAP                    com.creysvpn.app                     I  Filtered port: 443 (not 5-digit)
2026-02-11 15:15:47.644 10693-10743 PCAP                    com.creysvpn.app                     I  Filtered port: 443 (not 5-digit)
2026-02-11 15:15:47.755  6273-10339 Battery                 com.oplus.battery                    W  UadListener: onSceneStateChange, sceneId=19, type=7, windowinfos=[SceneListenerWindowInfo{mWindowMode=2, mPkgName=com.creysvpn.app, mUid=10469, mPid=10693, mIsGame=false, mIsCamera=false, mIsMiniFloat=false, mIsFocused=false}, SceneListenerWindowInfo{mWindowMode=1, mPkgName=com.android.launcher, mUid=10244, mPid=5339, mIsGame=false, mIsCamera=false, mIsMiniFloat=false, mIsFocused=false}, SceneListenerWindowInfo{mWindowMode=1, mPkgName=bsd.suitcase.release, mUid=10425, mPid=9904, mIsGame=true, mIsCamera=false, mIsMiniFloat=false, mIsFocused=true}]
2026-02-11 15:15:47.755  2255-2337  gameoptHal              ven...plus.hardware.gameopt-service  I  notify complex scene bsd.suitcase.release#4~com.creysvpn.app#2~com.android.launcher#1~bsd.suitcase.release#1
2026-02-11 15:15:47.805 10693-10743 PCAP                    com.creysvpn.app                     I  Filtered port: 443 (not 5-digit)
2026-02-11 15:15:47.836 10693-10743 PCAP                    com.creysvpn.app                     I  Filtered port: 443 (not 5-digit)
2026-02-11 15:15:47.846 10693-10743 PCAP                    com.creysvpn.app                     I  Filtered port: 443 (not 5-digit)
2026-02-11 15:15:47.968 10693-10743 PCAP                    com.creysvpn.app                     I  Filtered port: 443 (not 5-digit)
2026-02-11 15:15:47.999 10693-10743 PCAP                    com.creysvpn.app                     I  Filtered port: 443 (not 5-digit)
2026-02-11 15:15:48.091 10693-10743 PCAP                    com.creysvpn.app                     I  Filtered port: 443 (not 5-digit)
2026-02-11 15:15:48.101 10693-10743 PCAP                    com.creysvpn.app                     I  Filtered port: 443 (not 5-digit)
2026-02-11 15:15:48.193 10693-10743 PCAP                    com.creysvpn.app                     I  Filtered port: 5228 (not 5-digit)
2026-02-11 15:15:48.274 10693-10743 PCAP                    com.creysvpn.app                     I  Filtered port: 9339 (not 5-digit)
2026-02-11 15:15:48.643 10693-10743 PCAP                    com.creysvpn.app                     I  Filtered port: 443 (not 5-digit)
2026-02-11 15:15:48.675 10693-10743 PCAP                    com.creysvpn.app                     I  Filtered port: 443 (not 5-digit)
2026-02-11 15:15:48.859 10693-10743 PCAP                    com.creysvpn.app                     I  Filtered port: 443 (not 5-digit)
2026-02-11 15:15:49.064 10693-10743 PCAP                    com.creysvpn.app                     I  Filtered port: 443 (not 5-digit)
2026-02-11 15:15:49.176 10693-10743 PCAP                    com.creysvpn.app                     I  Filtered port: 443 (not 5-digit)
2026-02-11 15:15:49.217 10693-10743 PCAP                    com.creysvpn.app                     I  Filtered port: 5228 (not 5-digit)
2026-02-11 15:15:49.279 10693-10743 PCAP                    com.creysvpn.app                     I  Filtered port: 9339 (not 5-digit)
2026-02-11 15:15:49.340 10693-10743 PCAP                    com.creysvpn.app                     I  Filtered port: 443 (not 5-digit)
2026-02-11 15:15:49.350 10693-10743 PCAP                    com.creysvpn.app                     I  Filtered port: 443 (not 5-digit)
2026-02-11 15:15:49.595 10693-10743 PCAP                    com.creysvpn.app                     I  Filtered port: 443 (not 5-digit)
2026-02-11 15:15:49.667 10693-10743 PCAP                    com.creysvpn.app                     I  Filtered port: 443 (not 5-digit)
2026-02-11 15:15:49.697 10693-10743 PCAP                    com.creysvpn.app                     I  Filtered port: 443 (not 5-digit)
2026-02-11 15:15:49.821 10693-10743 PCAP                    com.creysvpn.app                     I  Filtered port: 443 (not 5-digit)
2026-02-11 15:15:49.852 10693-10743 PCAP                    com.creysvpn.app                     I  Filtered port: 443 (not 5-digit)
2026-02-11 15:15:49.883 10693-10743 PCAP                    com.creysvpn.app                     I  Filtered port: 443 (not 5-digit)
2026-02-11 15:15:49.976 10693-10743 PCAP                    com.creysvpn.app                     I  Filtered port: 443 (not 5-digit)
2026-02-11 15:15:50.018 10693-10743 PCAP                    com.creysvpn.app                     I  Filtered port: 443 (not 5-digit)
2026-02-11 15:15:50.081 10693-10743 PCAP                    com.creysvpn.app                     I  Filtered port: 443 (not 5-digit)
2026-02-11 15:15:50.113 10693-10743 PCAP                    com.creysvpn.app                     I  Filtered port: 443 (not 5-digit)
2026-02-11 15:15:50.123 10693-10743 PCAP                    com.creysvpn.app                     I  Filtered port: 443 (not 5-digit)
2026-02-11 15:15:50.174 10693-10743 PCAP                    com.creysvpn.app                     I  Filtered port: 443 (not 5-digit)
2026-02-11 15:15:50.236 10693-10743 PCAP                    com.creysvpn.app                     I  Filtered port: 5228 (not 5-digit)
2026-02-11 15:15:50.298 10693-10743 PCAP                    com.creysvpn.app                     I  Filtered port: 9339 (not 5-digit)
2026-02-11 15:15:50.689 10693-10743 PCAP                    com.creysvpn.app                     I  Filtered port: 443 (not 5-digit)
2026-02-11 15:15:50.720 10693-10743 PCAP                    com.creysvpn.app                     I  Filtered port: 443 (not 5-digit)
2026-02-11 15:15:50.905 10693-10743 PCAP                    com.creysvpn.app                     I  Filtered port: 443 (not 5-digit)
2026-02-11 15:15:51.099 10693-10743 PCAP                    com.creysvpn.app                     I  Filtered port: 443 (not 5-digit)
2026-02-11 15:15:51.201 10693-10743 PCAP                    com.creysvpn.app                     I  Filtered port: 443 (not 5-digit)
2026-02-11 15:15:51.263 10693-10743 PCAP                    com.creysvpn.app                     I  Filtered port: 5228 (not 5-digit)
2026-02-11 15:15:51.324 10693-10743 PCAP                    com.creysvpn.app                     I  Filtered port: 9339 (not 5-digit)
2026-02-11 15:15:51.713 10693-10743 PCAP                    com.creysvpn.app                     I  Filtered port: 443 (not 5-digit)
2026-02-11 15:15:51.744 10693-10743 PCAP                    com.creysvpn.app                     I  Filtered port: 443 (not 5-digit)
2026-02-11 15:15:52.124 10693-10743 PCAP                    com.creysvpn.app                     I  Filtered port: 443 (not 5-digit)
2026-02-11 15:15:52.226 10693-10743 PCAP                    com.creysvpn.app                     I  Filtered port: 443 (not 5-digit)
2026-02-11 15:15:52.287 10693-10743 PCAP                    com.creysvpn.app                     I  Filtered port: 5228 (not 5-digit)
2026-02-11 15:15:52.738 10693-10743 PCAP                    com.creysvpn.app                     I  Filtered port: 443 (not 5-digit)
2026-02-11 15:15:52.901 10693-10743 PCAP                    com.creysvpn.app                     I  Filtered port: 443 (not 5-digit)
2026-02-11 15:15:52.922 10693-10743 PCAP                    com.creysvpn.app                     I  Filtered port: 443 (not 5-digit)
2026-02-11 15:15:52.933 10693-10743 PCAP                    com.creysvpn.app                     I  Filtered port: 443 (not 5-digit)
2026-02-11 15:15:52.985 10693-10743 PCAP                    com.creysvpn.app                     I  Filtered port: 443 (not 5-digit)
2026-02-11 15:15:53.025 10693-10743 PCAP                    com.creysvpn.app                     I  Filtered port: 443 (not 5-digit)
2026-02-11 15:15:53.148 10693-10743 PCAP                    com.creysvpn.app                     I  Filtered port: 443 (not 5-digit)
2026-02-11 15:15:53.250 10693-10743 PCAP                    com.creysvpn.app                     I  Filtered port: 443 (not 5-digit)
2026-02-11 15:15:53.343 10693-10743 PCAP                    com.creysvpn.app                     I  Filtered port: 9339 (not 5-digit)
2026-02-11 15:15:53.475 10693-10743 PCAP                    com.creysvpn.app                     I  Filtered port: 443 (not 5-digit)
2026-02-11 15:15:53.486 10693-10743 PCAP                    com.creysvpn.app                     I  Filtered port: 443 (not 5-digit)
2026-02-11 15:15:53.724 10693-10743 PCAP                    com.creysvpn.app                     I  Filtered port: 443 (not 5-digit)
2026-02-11 15:15:53.734 10693-10743 PCAP                    com.creysvpn.app                     I  Filtered port: 443 (not 5-digit)
2026-02-11 15:15:53.755 10693-10743 PCAP                    com.creysvpn.app                     I  Filtered port: 443 (not 5-digit)
2026-02-11 15:15:53.766 10693-10743 PCAP                    com.creysvpn.app                     I  Filtered port: 443 (not 5-digit)
2026-02-11 15:15:53.919 10693-10743 PCAP                    com.creysvpn.app                     I  Filtered port: 443 (not 5-digit)
2026-02-11 15:15:53.950 10693-10743 PCAP                    com.creysvpn.app                     I  Filtered port: 443 (not 5-digit)
2026-02-11 15:15:53.980 10693-10743 PCAP                    com.creysvpn.app                     I  Filtered port: 443 (not 5-digit)
2026-02-11 15:15:54.011 10693-10743 PCAP                    com.creysvpn.app                     I  Filtered port: 443 (not 5-digit)
2026-02-11 15:15:54.042 10693-10743 PCAP                    com.creysvpn.app                     I  Filtered port: 443 (not 5-digit)
2026-02-11 15:15:54.176 10693-10743 PCAP                    com.creysvpn.app                     I  Filtered port: 443 (not 5-digit)
2026-02-11 15:15:54.269 10693-10743 PCAP                    com.creysvpn.app                     I  Filtered port: 443 (not 5-digit)
2026-02-11 15:15:54.300 10693-10743 PCAP                    com.creysvpn.app                     I  Filtered port: 5228 (not 5-digit)
2026-02-11 15:15:54.784 10693-10743 PCAP                    com.creysvpn.app                     I  Filtered port: 443 (not 5-digit)
2026-02-11 15:15:54.938 10693-10743 PCAP                    com.creysvpn.app                     I  Filtered port: 443 (not 5-digit)
2026-02-11 15:15:54.969 10693-10743 PCAP                    com.creysvpn.app                     I  Filtered port: 443 (not 5-digit)
2026-02-11 15:15:55.041 10693-10743 PCAP                    com.creysvpn.app                     I  Filtered port: 443 (not 5-digit)
2026-02-11 15:15:55.073 10693-10743 PCAP                    com.creysvpn.app                     I  Filtered port: 443 (not 5-digit)
2026-02-11 15:15:55.809 10693-10743 PCAP                    com.creysvpn.app                     I  Filtered port: 443 (not 5-digit)
2026-02-11 15:15:55.820 10693-10743 PCAP                    com.creysvpn.app                     I  Filtered port: 443 (not 5-digit)
2026-02-11 15:15:55.964 10693-10743 PCAP                    com.creysvpn.app                     I  Filtered port: 443 (not 5-digit)
2026-02-11 15:15:55.995 10693-10743 PCAP                    com.creysvpn.app                     I  Filtered port: 443 (not 5-digit)
2026-02-11 15:15:56.057 10693-10743 PCAP                    com.creysvpn.app                     I  Filtered port: 443 (not 5-digit)
2026-02-11 15:15:56.099 10693-10743 PCAP                    com.creysvpn.app                     I  Filtered port: 443 (not 5-digit)
2026-02-11 15:15:56.191 10693-10743 PCAP                    com.creysvpn.app                     I  Filtered port: 443 (not 5-digit)
2026-02-11 15:15:56.284 10693-10743 PCAP                    com.creysvpn.app                     I  Filtered port: 443 (not 5-digit)
2026-02-11 15:15:56.623 10693-10743 PCAP                    com.creysvpn.app                     I  Filtered port: 443 (not 5-digit)
2026-02-11 15:15:56.654 10693-10743 PCAP                    com.creysvpn.app                     I  Filtered port: 443 (not 5-digit)
2026-02-11 15:15:56.831 10693-10743 PCAP                    com.creysvpn.app                     I  Filtered port: 443 (not 5-digit)
2026-02-11 15:15:56.841 10693-10743 PCAP                    com.creysvpn.app                     I  Filtered port: 443 (not 5-digit)
2026-02-11 15:15:56.985 10693-10743 PCAP                    com.creysvpn.app                     I  Filtered port: 443 (not 5-digit)
2026-02-11 15:15:57.027 10693-10743 PCAP                    com.creysvpn.app                     I  Filtered port: 443 (not 5-digit)
2026-02-11 15:15:57.089 10693-10743 PCAP                    com.creysvpn.app                     I  Filtered port: 443 (not 5-digit)
2026-02-11 15:15:57.120 10693-10743 PCAP                    com.creysvpn.app                     I  Filtered port: 443 (not 5-digit)
2026-02-11 15:15:57.562 10693-10743 PCAP                    com.creysvpn.app                     I  Filtered port: 9339 (not 5-digit)
2026-02-11 15:15:57.634 10693-10743 PCAP                    com.creysvpn.app                     I  Filtered port: 443 (not 5-digit)
2026-02-11 15:15:57.665 10693-10743 PCAP                    com.creysvpn.app                     I  Filtered port: 443 (not 5-digit)
2026-02-11 15:15:57.849 10693-10743 PCAP                    com.creysvpn.app                     I  Filtered port: 443 (not 5-digit)
2026-02-11 15:15:57.859 10693-10743 PCAP                    com.creysvpn.app                     I  Filtered port: 443 (not 5-digit)
2026-02-11 15:15:58.013 10693-10743 PCAP                    com.creysvpn.app                     I  Filtered port: 443 (not 5-digit)
2026-02-11 15:15:58.044 10693-10743 PCAP                    com.creysvpn.app                     I  Filtered port: 443 (not 5-digit)
2026-02-11 15:15:58.106 10693-10743 PCAP                    com.creysvpn.app                     I  Filtered port: 443 (not 5-digit)
2026-02-11 15:15:58.147 10693-10743 PCAP                    com.creysvpn.app                     I  Filtered port: 443 (not 5-digit)
2026-02-11 15:15:58.330 10693-10743 PCAP                    com.creysvpn.app                     I  Filtered port: 5228 (not 5-digit)
2026-02-11 15:15:58.659 10693-10743 PCAP                    com.creysvpn.app                     I  Filtered port: 443 (not 5-digit)
2026-02-11 15:15:58.681 10693-10743 PCAP                    com.creysvpn.app                     I  Filtered port: 443 (not 5-digit)
2026-02-11 15:15:58.878 10693-10743 PCAP                    com.creysvpn.app                     I  Filtered port: 443 (not 5-digit)
2026-02-11 15:15:59.116 10693-10743 PCAP                    com.creysvpn.app                     I  Filtered port: 443 (not 5-digit)
2026-02-11 15:15:59.188 10693-10743 PCAP                    com.creysvpn.app                     I  Filtered port: 443 (not 5-digit)
2026-02-11 15:15:59.677 10693-10743 PCAP                    com.creysvpn.app                     I  Filtered port: 443 (not 5-digit)
2026-02-11 15:15:59.694 10693-10693 VRI[]                   com.creysvpn.app                     W  handleResized abandoned!
2026-02-11 15:15:59.694 10693-10693 VRI[]                   com.creysvpn.app                     W  handleResized abandoned!
2026-02-11 15:15:59.694 10693-10693 VRI[]                   com.creysvpn.app                     W  handleResized abandoned!
2026-02-11 15:15:59.707 10693-10743 PCAP                    com.creysvpn.app                     I  Filtered port: 443 (not 5-digit)
2026-02-11 15:15:59.870 10693-10743 PCAP                    com.creysvpn.app                     I  Filtered port: 443 (not 5-digit)
2026-02-11 15:15:59.901 10693-10743 PCAP                    com.creysvpn.app                     I  Filtered port: 443 (not 5-digit)
2026-02-11 15:16:00.033 10693-10743 PCAP                    com.creysvpn.app                     I  Filtered port: 443 (not 5-digit)
2026-02-11 15:16:00.065 10693-10743 PCAP                    com.creysvpn.app                     I  Filtered port: 443 (not 5-digit)
2026-02-11 15:16:00.094  3564-5149  Osense-Bas...isionMaker system_server                        I  notifySceneToAthenaPolicy: SCENE_LAUNCHER, bundle: Bundle[{prevPkgName=com.creysvpn.app, curUid=10244, isGame=false, curPkgName=com.android.launcher, prevUid=10469}]
2026-02-11 15:16:00.097  3564-5790  Transition              system_server                        D  collectOrderChanges onTopTasksEnd: [Task{813da85 #1 type=home}, Task{d6580ee #5 type=home I=com.android.launcher/.Launcher}], reportedOnTop:null, mOnTopTasksStart: [Task{b353f02 #9582 type=standard A=10425:bsd.suitcase.release}], TDA child: [Task{fbba365 #9583 type=standard A=10469:com.creysvpn.app}, Task{39c730e #9539 type=standard A=10134:com.oppo.quicksearchbox nonResizable}, Task{544bd5a #9337 type=undefined A=10382:com.anthropic.claude}, Task{4c73e12 #9541 type=standard A=1000:.applications.InstalledAppDetailsTop}, Task{fb8da48 #9549 type=standard A=10157:com.oppo.gallery3d.app.Gallery}, Task{e64325e #9545 type=standard A=10339:com.duolingo}, Task{d3796b3 #2 type=undefined}, Task{245c3ca #9535 type=standard A=10186:com.google.android.youtube}, Task{cc0952c #9533 type=standard A=10375:org.telegram.messenger}, Task{eb959dc #9568 type=standard A=10268:com.gameloft.android.ANMP.GloftGGHM nonResizable}, Task{9292532 #9547 type=standard A=10125:com.android.vending}, Task{2dd9047 #9543 type=standard A=10174:com.android.chrome}, Task{e01704b #9560 type=standard A=10362:com.zhiliaoapp.musically}, Task{53d0b05 #9584 type=standard I=com.oplus.wirelesssettings/com.android.settings.SettingsActivity nonResizable}, Task{c71f905 #9455 type=undefined A=10436:ru.dedvpn.android}, Task{25890db #9567 type=standard A=1000:com.android.settings.root}, Task{2e34f53 #9576 type=standard A=10401:tg.hungry.client}, Task{b353f02 #9582 type=standard A=10425:bsd.suitcase.release}, Task{813da85 #1 type=home}]
2026-02-11 15:16:00.099  3564-5743  OPM-Process             system_server                        I  resume pkg: com.android.launcher, uid:10244, prev pkg: com.creysvpn.app, prev uid: 10469
2026-02-11 15:16:00.100  3564-5156  OsenseKillAction        system_server                        I  KillAction: don't check adj for non perceptible fgs app: ProcessInfo{10693:com.creysvpn.app/u0a469 oom:FGS/95/50/fg-service-act mem:0/86/20}
2026-02-11 15:16:00.101  3564-5156  OsenseKillAction        system_server                        I  KillAction: 636mb more anonRss to reclaim, 0mb more swapMb to reclaim, <trigger> mem guard, cur avail=1961mb, bundle: Bundle[{appcareThreshold=39, prevPkgName=com.creysvpn.app, triggerMemory=2200, curUid=10244, isGame=false, curPkgName=com.android.launcher, qbmode=false, prevUid=10469, type=smart-force, level=3, scene=SCENE_LAUNCHER, requestId=628, purposeMemory=2600}]
2026-02-11 15:16:00.115  3564-6235  ActivityTaskManager     system_server                        D  after skip size:46,pre-Filtered:bsd.suitcase.release # com.creysvpn.app # com.oppo.quicksearchbox # tg.hungry.client # com.android.settings # ru.dedvpn.android # com.anthropic.claude # com.zhiliaoapp.musically # com.android.chrome # com.android.vending # com.gameloft.android.ANMP.GloftGGHM # com.android.settings # org.telegram.messenger # com.coloros.gallery3d # com.duolingo # com.google.android.youtube # com.deepseek.chat # com.lemon.lvoverseas # com.coloros.alarmclock # com.realsignal.packetcapturepro # com.oplus.camera # com.radolyn.ayugram # com.google.android.apps.docs # com.PlayMax.playergames # com.android.contacts # com.yandex.browser # andes.oplus.documentsreader # andes.oplus.documentsreader # ru.trashbox.tapk # net.apex_designs.payback2 # com.noorgames.basketbattle # com.adguard.vpn # ru.mes.dnevnik # com.picsart.studio # com.google.android.gm # com.meitu.wink # bin.mt.plus # com.google.android.documentsui # com.vkontakte.android # com.google.android.googlequicksearchbox # com.heytap.browser # com.android.mms # com.android.phone # com.discord # ru.yandex.music # com.vk.vkvideo # 
2026-02-11 15:16:00.126 10693-10743 PCAP                    com.creysvpn.app                     I  Filtered port: 443 (not 5-digit)
2026-02-11 15:16:00.132  3564-5790  ActivityTaskManager     system_server                        D  after skip size:46,pre-Filtered:bsd.suitcase.release # com.creysvpn.app # com.oppo.quicksearchbox # tg.hungry.client # com.android.settings # ru.dedvpn.android # com.anthropic.claude # com.zhiliaoapp.musically # com.android.chrome # com.android.vending # com.gameloft.android.ANMP.GloftGGHM # com.android.settings # org.telegram.messenger # com.coloros.gallery3d # com.duolingo # com.google.android.youtube # com.deepseek.chat # com.lemon.lvoverseas # com.coloros.alarmclock # com.realsignal.packetcapturepro # com.oplus.camera # com.radolyn.ayugram # com.google.android.apps.docs # com.PlayMax.playergames # com.android.contacts # com.yandex.browser # andes.oplus.documentsreader # andes.oplus.documentsreader # ru.trashbox.tapk # net.apex_designs.payback2 # com.noorgames.basketbattle # com.adguard.vpn # ru.mes.dnevnik # com.picsart.studio # com.google.android.gm # com.meitu.wink # bin.mt.plus # com.google.android.documentsui # com.vkontakte.android # com.google.android.googlequicksearchbox # com.heytap.browser # com.android.mms # com.android.phone # com.discord # ru.yandex.music # com.vk.vkvideo # 
2026-02-11 15:16:00.137 10693-10743 PCAP                    com.creysvpn.app                     I  Filtered port: 443 (not 5-digit)
2026-02-11 15:16:00.159 10693-10743 PCAP                    com.creysvpn.app                     I  Filtered port: 443 (not 5-digit)
2026-02-11 15:16:00.186 10693-10743 PCAP                    com.creysvpn.app                     I  Filtered port: 443 (not 5-digit)
2026-02-11 15:16:00.186  5339-5978  OplusUXIconLoader       com.android.launcher                 V  loadUxIcon drawable null, packageName = com.creysvpn.app,activityName =:com.creysvpn.app.MainActivity
2026-02-11 15:16:00.655  6273-10339 Battery                 com.oplus.battery                    W  UadListener: onSceneStateChange, sceneId=19, type=7, windowinfos=[SceneListenerWindowInfo{mWindowMode=2, mPkgName=com.creysvpn.app, mUid=10469, mPid=10693, mIsGame=false, mIsCamera=false, mIsMiniFloat=false, mIsFocused=false}, SceneListenerWindowInfo{mWindowMode=1, mPkgName=com.android.launcher, mUid=10244, mPid=5339, mIsGame=false, mIsCamera=false, mIsMiniFloat=false, mIsFocused=true}, SceneListenerWindowInfo{mWindowMode=1, mPkgName=bsd.suitcase.release, mUid=10425, mPid=9904, mIsGame=true, mIsCamera=false, mIsMiniFloat=false, mIsFocused=false}]
2026-02-11 15:16:00.657  2255-2337  gameoptHal              ven...plus.hardware.gameopt-service  I  notify complex scene com.android.launcher#4~com.creysvpn.app#2~com.android.launcher#1~bsd.suitcase.release#1
2026-02-11 15:16:00.697 10693-10743 PCAP                    com.creysvpn.app                     I  Filtered port: 443 (not 5-digit)
2026-02-11 15:16:00.738 10693-10743 PCAP                    com.creysvpn.app                     I  Filtered port: 443 (not 5-digit)
2026-02-11 15:16:00.931 10693-10743 PCAP                    com.creysvpn.app                     I  Filtered port: 443 (not 5-digit)
2026-02-11 15:16:01.145 10693-10743 PCAP                    com.creysvpn.app                     I  Filtered port: 443 (not 5-digit)
2026-02-11 15:16:01.218 10693-10743 PCAP                    com.creysvpn.app                     I  Filtered port: 443 (not 5-digit)
2026-02-11 15:16:01.265  3564-5789  FlexibleTaskController  system_server                        D  changeConfigForFlexibleTask for this task is not flexible:Task{fbba365 #9583 type=standard A=10469:com.creysvpn.app}
2026-02-11 15:16:01.266  3564-5789  WindowManager           system_server                        I  Window{848737a u0 com.creysvpn.app} state from HAS_DRAWN to DRAW_PENDING; reason: updateResizingWindowIfNeeded
2026-02-11 15:16:01.266  3564-5789  WindowManager           system_server                        I  Window{d8461e9 u0 com.creysvpn.app} state from HAS_DRAWN to DRAW_PENDING; reason: updateResizingWindowIfNeeded
2026-02-11 15:16:01.266  3564-5789  WindowManager           system_server                        I  Window{f76adb1 u0 com.creysvpn.app} state from HAS_DRAWN to DRAW_PENDING; reason: updateResizingWindowIfNeeded
2026-02-11 15:16:01.274 10693-10722 BufferQueueProducer     com.creysvpn.app                     D  [VRI[]#1(BLAST Consumer)1](id:29c500000001,api:1,p:10693,c:10693) disconnect: api 1
2026-02-11 15:16:01.275 10693-10722 BufferQueueProducer     com.creysvpn.app                     D  [VRI[]#1(BLAST Consumer)1](id:29c500000001,api:1,p:10693,c:10693) connect: api=1 producerControlledByApp=true
2026-02-11 15:16:01.275 10693-10693 SurfaceControl          com.creysvpn.app                     I   setExtendedRangeBrightness sc=Surface(name=)/@0x2b38daf,currentBufferRatio=1.0,desiredRatio=1.0
2026-02-11 15:16:01.277 10693-10722 BLASTBufferQueue        com.creysvpn.app                     D  [VRI[]#1](f:0,a:2) producer disconnected before acquireNextBufferLocked
2026-02-11 15:16:01.277 10693-10722 VRI[]                   com.creysvpn.app                     D  Received frameCommittedCallback lastAttemptedDrawFrameNum=2 didProduceBuffer=true syncBuffer=false
2026-02-11 15:16:01.278 10693-10693 VRI[]                   com.creysvpn.app                     D  draw finished. seqId=0
2026-02-11 15:16:01.279  3564-5735  WindowManager           system_server                        V  Relayout Window{f76adb1 u0 com.creysvpn.app}: viewVisibility=0, oldvis=0, req=336x122 , apr = 0, vsysui=
2026-02-11 15:16:01.280 10693-10722 BufferQueueProducer     com.creysvpn.app                     D  [VRI[]#2(BLAST Consumer)2](id:29c500000002,api:1,p:10693,c:10693) disconnect: api 1
2026-02-11 15:16:01.280 10693-10722 BufferQueueProducer     com.creysvpn.app                     D  [VRI[]#2(BLAST Consumer)2](id:29c500000002,api:1,p:10693,c:10693) connect: api=1 producerControlledByApp=true
2026-02-11 15:16:01.280 10693-10693 SurfaceControl          com.creysvpn.app                     I   setExtendedRangeBrightness sc=Surface(name=)/@0xd59e466,currentBufferRatio=1.0,desiredRatio=1.0
2026-02-11 15:16:01.283 10693-10722 BLASTBufferQueue        com.creysvpn.app                     D  [VRI[]#2](f:0,a:2) producer disconnected before acquireNextBufferLocked
2026-02-11 15:16:01.283 10693-10722 VRI[]                   com.creysvpn.app                     D  Received frameCommittedCallback lastAttemptedDrawFrameNum=590 didProduceBuffer=true syncBuffer=false
2026-02-11 15:16:01.283 10693-10693 VRI[]                   com.creysvpn.app                     D  draw finished. seqId=0
2026-02-11 15:16:01.284 10693-10722 BufferQueueProducer     com.creysvpn.app                     D  [VRI[]#3(BLAST Consumer)3](id:29c500000003,api:1,p:10693,c:10693) disconnect: api 1
2026-02-11 15:16:01.285 10693-10722 BufferQueueProducer     com.creysvpn.app                     D  [VRI[]#3(BLAST Consumer)3](id:29c500000003,api:1,p:10693,c:10693) connect: api=1 producerControlledByApp=true
2026-02-11 15:16:01.285 10693-10693 SurfaceControl          com.creysvpn.app                     I   setExtendedRangeBrightness sc=Surface(name=)/@0x199eaf9,currentBufferRatio=1.0,desiredRatio=1.0
2026-02-11 15:16:01.286  3564-5735  WindowManager           system_server                        I  finishDrawing of orientation change: Window{f76adb1 u0 com.creysvpn.app} 19ms
2026-02-11 15:16:01.286  3564-5735  WindowManager           system_server                        I  Window{f76adb1 u0 com.creysvpn.app} state from DRAW_PENDING to COMMIT_DRAW_PENDING; reason: finishDrawingLocked
2026-02-11 15:16:01.286  3564-5735  WindowManager           system_server                        V  Relayout Window{d8461e9 u0 com.creysvpn.app}: viewVisibility=0, oldvis=0, req=284x109 , apr = 0, vsysui=
2026-02-11 15:16:01.287  3564-5735  WindowManager           system_server                        I  Window{f76adb1 u0 com.creysvpn.app} state from COMMIT_DRAW_PENDING to READY_TO_SHOW; reason: commitFinishDrawingLocked
2026-02-11 15:16:01.287  3564-5735  WindowManager           system_server                        I  Window{f76adb1 u0 com.creysvpn.app} state from READY_TO_SHOW to HAS_DRAWN; reason: performShowLocked
2026-02-11 15:16:01.287  3564-5735  WindowManager           system_server                        I  finishDrawing of orientation change: Window{d8461e9 u0 com.creysvpn.app} 20ms
2026-02-11 15:16:01.287  3564-5735  WindowManager           system_server                        I  Window{d8461e9 u0 com.creysvpn.app} state from DRAW_PENDING to COMMIT_DRAW_PENDING; reason: finishDrawingLocked
2026-02-11 15:16:01.287  3564-5735  WindowManager           system_server                        V  Relayout Window{848737a u0 com.creysvpn.app}: viewVisibility=0, oldvis=0, req=270x187 , apr = 0, vsysui=
2026-02-11 15:16:01.288  3564-5735  WindowManager           system_server                        I  Window{d8461e9 u0 com.creysvpn.app} state from COMMIT_DRAW_PENDING to READY_TO_SHOW; reason: commitFinishDrawingLocked
2026-02-11 15:16:01.288  3564-5735  WindowManager           system_server                        I  Window{d8461e9 u0 com.creysvpn.app} state from READY_TO_SHOW to HAS_DRAWN; reason: performShowLocked
2026-02-11 15:16:01.288 10693-10722 BLASTBufferQueue        com.creysvpn.app                     D  [VRI[]#3](f:0,a:2) producer disconnected before acquireNextBufferLocked
2026-02-11 15:16:01.288 10693-10722 VRI[]                   com.creysvpn.app                     D  Received frameCommittedCallback lastAttemptedDrawFrameNum=2 didProduceBuffer=true syncBuffer=false
2026-02-11 15:16:01.288 10693-10693 VRI[]                   com.creysvpn.app                     D  draw finished. seqId=0
2026-02-11 15:16:01.291  3564-6470  WindowManager           system_server                        I  finishDrawing of orientation change: Window{848737a u0 com.creysvpn.app} 24ms
2026-02-11 15:16:01.291  3564-6470  WindowManager           system_server                        I  Window{848737a u0 com.creysvpn.app} state from DRAW_PENDING to COMMIT_DRAW_PENDING; reason: finishDrawingLocked
2026-02-11 15:16:01.291  3564-4027  WindowManager           system_server                        I  Window{848737a u0 com.creysvpn.app} state from COMMIT_DRAW_PENDING to READY_TO_SHOW; reason: commitFinishDrawingLocked
2026-02-11 15:16:01.291  3564-4027  WindowManager           system_server                        I  Window{848737a u0 com.creysvpn.app} state from READY_TO_SHOW to HAS_DRAWN; reason: performShowLocked
2026-02-11 15:16:01.299 10693-10722 VRI[]                   com.creysvpn.app                     D  Received frameCommittedCallback lastAttemptedDrawFrameNum=3 didProduceBuffer=false syncBuffer=false
2026-02-11 15:16:01.299 10693-10693 VRI[]                   com.creysvpn.app                     D  draw finished. seqId=0
2026-02-11 15:16:01.301 10693-10722 VRI[]                   com.creysvpn.app                     D  Received frameCommittedCallback lastAttemptedDrawFrameNum=591 didProduceBuffer=false syncBuffer=false
2026-02-11 15:16:01.301 10693-10693 VRI[]                   com.creysvpn.app                     D  draw finished. seqId=0
2026-02-11 15:16:01.301 10693-10722 VRI[]                   com.creysvpn.app                     D  Received frameCommittedCallback lastAttemptedDrawFrameNum=3 didProduceBuffer=false syncBuffer=false
2026-02-11 15:16:01.302 10693-10693 VRI[]                   com.creysvpn.app                     D  draw finished. seqId=0
2026-02-11 15:16:01.303  3564-4026  Transition              system_server                        D  collectOrderChanges onTopTasksEnd: [Task{813da85 #1 type=home}, Task{d6580ee #5 type=home I=com.android.launcher/.Launcher}], reportedOnTop:null, mOnTopTasksStart: [Task{813da85 #1 type=home}, Task{d6580ee #5 type=home I=com.android.launcher/.Launcher}], TDA child: [Task{fbba365 #9583 type=standard A=10469:com.creysvpn.app}, Task{39c730e #9539 type=standard A=10134:com.oppo.quicksearchbox nonResizable}, Task{544bd5a #9337 type=undefined A=10382:com.anthropic.claude}, Task{4c73e12 #9541 type=standard A=1000:.applications.InstalledAppDetailsTop}, Task{fb8da48 #9549 type=standard A=10157:com.oppo.gallery3d.app.Gallery}, Task{e64325e #9545 type=standard A=10339:com.duolingo}, Task{d3796b3 #2 type=undefined}, Task{245c3ca #9535 type=standard A=10186:com.google.android.youtube}, Task{cc0952c #9533 type=standard A=10375:org.telegram.messenger}, Task{eb959dc #9568 type=standard A=10268:com.gameloft.android.ANMP.GloftGGHM nonResizable}, Task{9292532 #9547 type=standard A=10125:com.android.vending}, Task{2dd9047 #9543 type=standard A=10174:com.android.chrome}, Task{e01704b #9560 type=standard A=10362:com.zhiliaoapp.musically}, Task{53d0b05 #9584 type=standard I=com.oplus.wirelesssettings/com.android.settings.SettingsActivity nonResizable}, Task{c71f905 #9455 type=undefined A=10436:ru.dedvpn.android}, Task{25890db #9567 type=standard A=1000:com.android.settings.root}, Task{2e34f53 #9576 type=standard A=10401:tg.hungry.client}, Task{b353f02 #9582 type=standard A=10425:bsd.suitcase.release}, Task{813da85 #1 type=home}]
2026-02-11 15:16:01.332 10693-10748 VRI[VpnActivity]        com.creysvpn.app                     D  dispatchAppVisibility visible:true mUpcomingWindowFocus:false
2026-02-11 15:16:01.335  5065-5167  WindowManagerShell      com.android.systemui                 V  Transition requested (#521): android.os.BinderProxy@a42e0cf TransitionRequestInfo { type = TO_FRONT, triggerTask = TaskInfo{userId=0 taskId=9583 effectiveUid=10469 displayId=0 isRunning=true baseIntent=Intent { act=android.intent.action.MAIN cat=[android.intent.category.LAUNCHER] flg=0x10000000 cmp=com.creysvpn.app/.MainActivity oflg=0x800 } baseActivity=ComponentInfo{com.creysvpn.app/com.creysvpn.app.MainActivity} topActivity=ComponentInfo{com.creysvpn.app/com.creysvpn.app.VpnActivity} origActivity=null realActivity=ComponentInfo{com.creysvpn.app/com.creysvpn.app.MainActivity}
                                                                                                     numActivities=2 lastActiveTime=28367083 supportsSplitScreenMultiWindow=true supportsMultiWindow=true supportsPocketStudioMultiWindow=true isInFlexibleEmbedded = false uid = 10469 pid = 10693 resizeMode=1 isResizeable=true minWidth=-1 minHeight=-1 defaultMinSize=220 token=WCT{android.window.IWindowContainerToken$Stub$Proxy@e12fa5c} topActivityType=1 pictureInPictureParams=null shouldDockBigOverlays=false launchIntoPipHostTaskId=-1 lastParentTaskIdBeforePip=-1 displayCutoutSafeInsets=Rect(72, 27 - 0, 927)
                                                                                                     topActivityInfo=ActivityInfo{584d165 com.creysvpn.app.VpnActivity} launchCookies=[] positionInParent=Point(0, 0) parentTaskId=-1 isFocused=true isVisible=false isVisibleRequested=true isTopActivityNoDisplay=false isSleeping=false locusId=null displayAreaFeatureId=1 isTopActivityTransparent=false isActivityStackTransparent=false lastNonFullscreenBounds=null capturedLink=null capturedLinkTimestamp=0 requestedVisibleTypes=-9 topActivityRequestOpenInBrowserEducationTimestamp=0
                                                                                                     appCompatTaskInfo=AppCompatTaskInfo { topActivityInSizeCompat=false topActivityInOplusCompatMode=false eligibleForLetterboxEducation= false isLetterboxEducationEnabled= false isLetterboxDoubleTapEnabled= false eligibleForUserAspectRatioButton= false topActivityBoundsLetterboxed= false isFromLetterboxDoubleTap= false topActivityLetterboxVerticalPosition= -1 topActivityLetterboxHorizontalPosition= -1 topActivityLetterboxWidth=-1 topActivityLetterboxHeight=-1 topActivityAppBounds=Rect(0, 140 - 1264, 2724) isUserFullscreenOverrideEnabled=false isSystemFullscreenOverrideEnabled=false hasMinAspectRatioOverride=false topActivityLetterboxBounds=null cameraCompatTaskInfo=CameraCompatTaskInfo { freeformCameraCompatMode=inactive}} topActivityMainWindowFrame=null topActivityLetterboxInsets=Rect(0, 0 - 0, 0)
                                                                                                     mOplusExtraBundle = Bundle[mParcelledData.dataSize=1564]}, pipChange = null, remoteTransition = RemoteTransition { remoteTransition = android.window.IRemoteTransition$Stub$Proxy@a781e3a, appThread = android.app.IApplicationThread$Stub$Proxy@936baeb, debugName = QuickstepLaunch }, displayChange = null, flags = 0, debugId = 521 }
2026-02-11 15:16:01.337 10693-10693 ResourcesManagerExtImpl com.creysvpn.app                     D  applyConfigurationToAppResourcesLocked app.getDisplayId() return callback.displayId:0
2026-02-11 15:16:01.340 10693-10693 om.creysvpn.app         com.creysvpn.app                     I  AssetManager2(0xb400007304479a28) locale list changing from [] to [ru-RU]
2026-02-11 15:16:01.341 10693-10693 VRI[VpnActivity]        com.creysvpn.app                     D  setWindowStopped stopped:false
2026-02-11 15:16:01.341 10693-10693 ViewRootImpl            com.creysvpn.app                     D  Skipping stats log for color mode
