2026-02-11 15:16:01.341 10693-10693 ActivityThread          com.creysvpn.app                     D  ComponentInfo{com.creysvpn.app/com.creysvpn.app.VpnActivity} checkFinished=false 2
2026-02-11 15:16:01.341 10693-10693 ResourcesManagerExtImpl com.creysvpn.app                     D  applyConfigurationToAppResourcesLocked app.getDisplayId() return callback.displayId:0
2026-02-11 15:16:01.341 10693-10693 AutofillCl...Controller com.creysvpn.app                     V  onActivityResumed()
2026-02-11 15:16:01.342 10693-10693 AutofillCl...Controller com.creysvpn.app                     V  onActivityPostResumed()
2026-02-11 15:16:01.342 10693-10693 AutofillCl...Controller com.creysvpn.app                     V  onActivityPostResumed(): Relayout fix enabled
2026-02-11 15:16:01.342 10693-10693 AutofillCl...Controller com.creysvpn.app                     V  forResume(): Not attempting refill.
2026-02-11 15:16:01.348 10693-10693 ViewRootImplExtImpl     com.creysvpn.app                     D  wrapConfigInfoIntoFlags rotation=0, smallestScreenWidthDp=361, residentWS=false, scenario=0, bounds=Rect(0, 0 - 1264, 2780), relayoutAsync=false, flags=0, newFlags=1457532192, title=com.creysvpn.app/com.creysvpn.app.VpnActivity
2026-02-11 15:16:01.349  6273-10339 Battery                 com.oplus.battery                    W  AppSwitchDetectorV2: OnAppSwitchObserver: onAppExit , info = OplusAppExitInfo = {  targetName = com.android.launcher hasResumingActivity = true resumingPackageName = com.creysvpn.app resumingActivityName = com.creysvpn.app.VpnActivity resumingWindowMode = 1 isResumingMultiApp = false isResumingFirstStart = false extension = Bundle[mParcelledData.dataSize=580]} lastReg=1770783808738
2026-02-11 15:16:01.350  6273-10339 Battery                 com.oplus.battery                    W  ThermalControlUtils: mForegroundPkg=com.creysvpn.app mLastWindowMode=1
2026-02-11 15:16:01.350  5005-21427 DCSEX-AppSwitchManager  com.oplus.exsystemservice            V  OnAppSwitchObserver: onAppExit, resuming = com.creysvpn.app, target = com.android.launcher, is ResumingFirstStart =  false, is ResumingMultiApp =  false, extensionInfo =  Bundle[mParcelledData.dataSize=580]
2026-02-11 15:16:01.350  5005-14195 DCSEX-AppL...ntRecorder com.oplus.exsystemservice            D  onAppSwitch from = com.android.launcher to = com.creysvpn.app
2026-02-11 15:16:01.352 10693-10693 VRI[VpnActivity]        com.creysvpn.app                     D  relayoutWindow result, sizeChanged:true, surfaceControlChanged:true, transformHintChanged:true, mSurfaceSize:Point(1264, 2780), mLastSurfaceSize:Point(1264, 1826), mWidth:1264, mHeight:1826, requestedWidth:1264, requestedHeight:1826, transformHint:0, installOrientation:0, displayRotation:0, isSurfaceValid:true, attr.flag:-2122252032, tmpFrames:ClientWindowFrames{frame=[0,0][1264,2780] display=[0,0][1264,2780] parentFrame=[0,0][0,0]}, relayoutAsync:false, mSyncSeqId:0
2026-02-11 15:16:01.352 10693-10693 VRI[VpnActivity]        com.creysvpn.app                     W  updateBlastSurfaceIfNeeded, surfaceSize:Point(1264, 2780), lastSurfaceSize:Point(1264, 1826), format:-1, blastBufferQueue:null
2026-02-11 15:16:01.353 10693-10693 BufferQueueConsumer     com.creysvpn.app                     D  [](id:29c500000004,api:0,p:-1,c:10693) connect: controlledByApp=false
2026-02-11 15:16:01.353 10693-10693 BufferQueueConsumer     com.creysvpn.app                     D  [VRI[VpnActivity]#4(BLAST Consumer)4](id:29c500000004,api:0,p:-1,c:10693) setMaxAcquiredBufferCount: 2
2026-02-11 15:16:01.354  5905-6132  Athena                  com.oplus.athena                     I  AthenaDynamicReceiver: pre_app:com.android.launcher, next_app:com.creysvpn.app(10469|10693)
2026-02-11 15:16:01.354  5005-21427 DCSEX-AppSwitchManager  com.oplus.exsystemservice            V  OnAppSwitchObserver: onAppEnter, launchedFrom =  com.creysvpn.app, target =  com.creysvpn.app, is firstStart =  false, is multiApp =  false, extensionInfo =  Bundle[mParcelledData.dataSize=984], launch_source_type =  launcherRecentTask, launch_source_traceid =  
2026-02-11 15:16:01.354 10693-10722 BufferQueueProducer     com.creysvpn.app                     D  [VRI[VpnActivity]#4(BLAST Consumer)4](id:29c500000004,api:1,p:10693,c:10693) connect: api=1 producerControlledByApp=true
2026-02-11 15:16:01.354  6273-10339 Battery                 com.oplus.battery                    W  ThermalControllHandler: tempLevel=[8],userMode=2,gameUserMode=7,appType=-1,envTempType=0,appStates=[],appSwitchSafetyMode=false,split=[],float=[],full=[com.creysvpn.app], tempGear=[8],configItemName=common_config
2026-02-11 15:16:01.355 10693-10693 SurfaceControl          com.creysvpn.app                     I   setExtendedRangeBrightness sc=Surface(name=com.creysvpn.app/com.creysvpn.app.VpnActivity)/@0xebb7a2a,currentBufferRatio=1.0,desiredRatio=1.0
2026-02-11 15:16:01.359 10693-10722 BLASTBufferQueue        com.creysvpn.app                     D  [VRI[VpnActivity]#4](f:0,a:1) acquireNextBufferLocked size=1264x2780 mFrameNumber=1 applyTransaction=true mTimestamp=27441843022968(auto) mPendingTransactions.size=0 graphicBufferId=45926085296150 transform=0
2026-02-11 15:16:01.359 10693-10722 VRI[VpnActivity]        com.creysvpn.app                     D  Received frameCommittedCallback lastAttemptedDrawFrameNum=1 didProduceBuffer=true syncBuffer=false
2026-02-11 15:16:01.360 10693-10693 VRI[VpnActivity]        com.creysvpn.app                     D  draw finished. seqId=0
2026-02-11 15:16:01.360 10693-10693 ResourcesManagerExtImpl com.creysvpn.app                     D  applyConfigurationToAppResourcesLocked app.getDisplayId() return callback.displayId:0
2026-02-11 15:16:01.360 10693-10693 VRI[VpnActivity]        com.creysvpn.app                     W  handleResized, msg:, frameChanged:false, configChanged:false, displayChanged:false, attachedFrameChanged:false, compatScaleChanged:false, pendingDragResizing=false
2026-02-11 15:16:01.361 10693-10722 VRI[VpnActivity]        com.creysvpn.app                     D  Received frameCommittedCallback lastAttemptedDrawFrameNum=2 didProduceBuffer=false syncBuffer=false
2026-02-11 15:16:01.361 10693-10693 VRI[VpnActivity]        com.creysvpn.app                     D  draw finished. seqId=0
2026-02-11 15:16:01.364  2378-3070  SurfaceFlinger          surfaceflinger                       D  updateWinowInfo=1, setFocusedWindow timestamp=27441835819635, windowName=2f8fc95 com.creysvpn.app/com.creysvpn.app.VpnActivity
2026-02-11 15:16:01.392  3564-6264  WindowManager           system_server                        I  finishDrawing of orientation change: Window{2f8fc95 u0 com.creysvpn.app/com.creysvpn.app.VpnActivity} 42ms
2026-02-11 15:16:01.392  3564-6264  WindowManager           system_server                        D  onSyncFinishedDrawing: Window{2f8fc95 u0 com.creysvpn.app/com.creysvpn.app.VpnActivity}
2026-02-11 15:16:01.392  3564-6264  WindowManager           system_server                        I  finishDrawing skipLayout:false,syncSeqId=0,mPrepareSyncSeqId=0 Window{2f8fc95 u0 com.creysvpn.app/com.creysvpn.app.VpnActivity} com.android.server.wm.WindowManagerService.finishDrawingWindow:3192 com.android.server.wm.Session.finishDrawing:369 android.view.IWindowSession$Stub.onTransact:793 
2026-02-11 15:16:01.393  3564-6264  WindowManager           system_server                        I  Window{2f8fc95 u0 com.creysvpn.app/com.creysvpn.app.VpnActivity} state from DRAW_PENDING to COMMIT_DRAW_PENDING; reason: finishDrawingLocked
2026-02-11 15:16:01.393  3564-4027  WindowManager           system_server                        I  Window{2f8fc95 u0 com.creysvpn.app/com.creysvpn.app.VpnActivity} state from COMMIT_DRAW_PENDING to READY_TO_SHOW; reason: commitFinishDrawingLocked
2026-02-11 15:16:01.393  3564-4027  ActivityTaskManager     system_server                        D  Clearing startingData for activity=ActivityRecord{130275029 u0 com.creysvpn.app/.VpnActivity t9583} mStartingData=null mStartingSurface=null
2026-02-11 15:16:01.393  3564-4027  QuickBackInputPolicy    system_server                        D  setAppLaunchEndTime update timePair=Pair{ActivityRecord{130275029 u0 com.creysvpn.app/.VpnActivity t9583} 27441877}
2026-02-11 15:16:01.393  3564-4027  ActivityTaskManager     system_server                        D  commitVisibility: ActivityRecord{130275029 u0 com.creysvpn.app/.VpnActivity t9583}: visible=true visibleRequested=true, isInTransition=true 
2026-02-11 15:16:01.393  3564-4027  ActivityTaskManager     system_server                        D  Clearing startingData for activity=ActivityRecord{130275029 u0 com.creysvpn.app/.VpnActivity t9583} mStartingData=null mStartingSurface=null
2026-02-11 15:16:01.394  3564-4027  WindowManager           system_server                        I  Window{2f8fc95 u0 com.creysvpn.app/com.creysvpn.app.VpnActivity} state from READY_TO_SHOW to HAS_DRAWN; reason: performShowLocked
2026-02-11 15:16:01.394  3564-4027  Transition              system_server                        D  collectOrderChanges onTopTasksEnd: [Task{fbba365 #9583 type=standard A=10469:com.creysvpn.app}], reportedOnTop:null, mOnTopTasksStart: [Task{813da85 #1 type=home}, Task{d6580ee #5 type=home I=com.android.launcher/.Launcher}], TDA child: [Task{39c730e #9539 type=standard A=10134:com.oppo.quicksearchbox nonResizable}, Task{544bd5a #9337 type=undefined A=10382:com.anthropic.claude}, Task{4c73e12 #9541 type=standard A=1000:.applications.InstalledAppDetailsTop}, Task{fb8da48 #9549 type=standard A=10157:com.oppo.gallery3d.app.Gallery}, Task{e64325e #9545 type=standard A=10339:com.duolingo}, Task{d3796b3 #2 type=undefined}, Task{245c3ca #9535 type=standard A=10186:com.google.android.youtube}, Task{cc0952c #9533 type=standard A=10375:org.telegram.messenger}, Task{eb959dc #9568 type=standard A=10268:com.gameloft.android.ANMP.GloftGGHM nonResizable}, Task{9292532 #9547 type=standard A=10125:com.android.vending}, Task{2dd9047 #9543 type=standard A=10174:com.android.chrome}, Task{e01704b #9560 type=standard A=10362:com.zhiliaoapp.musically}, Task{53d0b05 #9584 type=standard I=com.oplus.wirelesssettings/com.android.settings.SettingsActivity nonResizable}, Task{c71f905 #9455 type=undefined A=10436:ru.dedvpn.android}, Task{25890db #9567 type=standard A=1000:com.android.settings.root}, Task{2e34f53 #9576 type=standard A=10401:tg.hungry.client}, Task{b353f02 #9582 type=standard A=10425:bsd.suitcase.release}, Task{813da85 #1 type=home}, Task{fbba365 #9583 type=standard A=10469:com.creysvpn.app}]
2026-02-11 15:16:01.394  3564-4027  Transition              system_server                        D  collectOrderChanges **mParticipants add task: Task{fbba365 #9583 type=standard A=10469:com.creysvpn.app}
2026-02-11 15:16:01.394  3564-4027  OplusFlexi...ionManager system_server                        D  fixTransitType type result:3, targets: [ChangeInfo{668ac61 container=Task{fbba365 #9583 type=standard A=10469:com.creysvpn.app} flags=0x30}, ChangeInfo{31d2386 container=Task{813da85 #1 type=home} flags=0x10}]
2026-02-11 15:16:01.395  3564-4027  OplusTrans...Controller system_server                        D  onTransactionReady, transition: 521, info: {id=521 t=TO_FRONT f=0x0 trk=0 r=[0@Point(0, 0)] c=[{WCT{RemoteToken{1b439ac Task{fbba365 #9583 type=standard A=10469:com.creysvpn.app}}} m=TO_FRONT f=MOVE_TO_TOP leash=Surface(name=Task=9583)/@0xa572675 sb=Rect(0, 0 - 1264, 2780) eb=Rect(0, 0 - 1264, 2780) epz=Point(1264, 2780) d=0 taskParent=-1},{WCT{RemoteToken{a341a67 Task{813da85 #1 type=home}}} m=TO_BACK f=SHOW_WALLPAPER leash=Surface(name=Task=1)/@0x8d4c568 sb=Rect(0, 0 - 1264, 2780) eb=Rect(0, 0 - 1264, 2780) epz=Point(1264, 2780) d=0 taskParent=-1}] 
                                                                                                    extendInfo=[
                                                                                                     OplusTransitionExtendedInfo{mTmpFinishT=null, mInOplusCompatMode=false, mIsProcessRunning=true, mHasMismatchBoundsTarget=false, mRecentsController=null, mRemoteTransition=null, mIsTranslucentActivityToHome=false, mAvoidInterceptKeyEventToHome=false, mIsFromHome=true, mParentLeash=null, mBackAnimClosingLeash=null, mIsOplusAnimRes=false, mKeepBgForContinuous=false, mIsBalAllow=false, mTaskNotInRecent=false, mIsPredictiveBackAnim=false, mIsMergedWithPredictive=false, mIsLaunchFromSpruce=false, mIsLaunchFromDrive=false, mGlobalSearchPageSwitch=false, mNeedNoAlphaGlobalSearchScene=false, mAssistScreenShowing=false, mSwipeUpBrowserScreenShowing=false, mUserIdTransition=0
                                                                                                    , mInRemoteScene=false, mInPreReady=false, mPreStart=false, mToken=null, mAbortByRemoteFromHome=false, mShellApplyToken=null, mRequestTransitionTaskId=9583, mAbortTransitionOnShell=0, mStartFromShortcut=false, mRemovedTaskId=-1, mTransitionInterruptType=0, mMergeSecondTaskId=-1, mTaskIdStartFromRecents=9583, mTransitionId=521, mCanUseSpringSlideAnim=false, mTransitionLaunchFrom=0, mFoldChangeType=-1, mAnimStartingPosition=[0, 0, 0, 0], mIsOpeningStkDialogActivity=false, mIsNeedApplyStartTForEmbedded=false, mMergeSecondTaskAnimation=false, mIsLaunchUnityStart=false, mIsLaunchFromAssistantByDefault=false, mSkipRemoteTransitionfalse, mIsStartFromKeyguard=false flags=0x0, mWCT=null, mIsOpenMergeToInValidPredictive=false}]}, targets : [ChangeInfo{668ac61 container=Task{fbba365 #9583 type=standard A=10469:com.creysvpn.app} flags=0x30}, ChangeInfo{31d2386 container=Task{813da85 #1 type=home} flags=0x10}], participants: {WallpaperWindowToken{5b6e5fe showWhenLocked=false}, ActivityRecord{130275029 u0 com.creysvpn.app/.VpnActivity t9583}, ActivityRecord{215934230 u0 com.android.launcher/.Launcher t5}, WallpaperWindowToken{dfffc0c showWhenLocked=true}, Task{fbba365 #9583 type=standard A=10469:com.creysvpn.app}}
2026-02-11 15:16:01.396  3564-4027  Quality                 system_server                        I  LaunchTime2.0: com.creysvpn.app/.VpnActivity 3 60 com.creysvpn.app -1 -1
2026-02-11 15:16:01.398  3564-5791  WindowManager           system_server                        D  NFW_findFocusedWindowIfNeeded:Window{2f8fc95 u0 com.creysvpn.app/com.creysvpn.app.VpnActivity} mCurrentFocus:Window{2f8fc95 u0 com.creysvpn.app/com.creysvpn.app.VpnActivity}
2026-02-11 15:16:01.401 15222-17037 SceneSDK.1...tchAbility com.oplus.metis                      D  onAppSwitchEvent: AppSwitchEvent(timeStamp=1770812161398, eventType=2, targetName=com.android.launcher, firstStart=false, multiApp=false, windowMode=0, resumingPackageName=com.creysvpn.app, resumingActivityName=com.creysvpn.app.VpnActivity, isResumingMultiApp=false, isResumingFirstStart=false)
2026-02-11 15:16:01.401 15222-17037 metis_v2_A...aCollector com.oplus.metis                      I  AppExitEvent =  com.android.launcher, NextAppName = com.creysvpn.app [Metis|com.oplus.metis|2.0.20-aa39d14]
2026-02-11 15:16:01.407  3564-4023  WindowManager           system_server                        V  Sent Transition (#521) createdAt=02-11 15:16:01.329 via request=TransitionRequestInfo { type = TO_FRONT, triggerTask = TaskInfo{userId=0 taskId=9583 effectiveUid=10469 displayId=0 isRunning=true baseIntent=Intent { act=android.intent.action.MAIN cat=[android.intent.category.LAUNCHER] flg=0x10000000 cmp=com.creysvpn.app/.MainActivity oflg=0x800 } baseActivity=ComponentInfo{com.creysvpn.app/com.creysvpn.app.MainActivity} topActivity=ComponentInfo{com.creysvpn.app/com.creysvpn.app.VpnActivity} origActivity=null realActivity=ComponentInfo{com.creysvpn.app/com.creysvpn.app.MainActivity}
                                                                                                     numActivities=2 lastActiveTime=28367083 supportsSplitScreenMultiWindow=true supportsMultiWindow=true supportsPocketStudioMultiWindow=true isInFlexibleEmbedded = false uid = 10469 pid = 10693 resizeMode=1 isResizeable=true minWidth=-1 minHeight=-1 defaultMinSize=220 token=WCT{RemoteToken{1b439ac Task{fbba365 #9583 type=standard A=10469:com.creysvpn.app}}} topActivityType=1 pictureInPictureParams=null shouldDockBigOverlays=false launchIntoPipHostTaskId=-1 lastParentTaskIdBeforePip=-1 displayCutoutSafeInsets=Rect(72, 27 - 0, 927)
                                                                                                     topActivityInfo=ActivityInfo{5c76604 com.creysvpn.app.VpnActivity} launchCookies=[] positionInParent=Point(0, 0) parentTaskId=-1 isFocused=true isVisible=false isVisibleRequested=true isTopActivityNoDisplay=false isSleeping=false locusId=null displayAreaFeatureId=1 isTopActivityTransparent=false isActivityStackTransparent=false lastNonFullscreenBounds=null capturedLink=null capturedLinkTimestamp=0 requestedVisibleTypes=-9 topActivityRequestOpenInBrowserEducationTimestamp=0
                                                                                                     appCompatTaskInfo=AppCompatTaskInfo { topActivityInSizeCompat=false topActivityInOplusCompatMode=false eligibleForLetterboxEducation= false isLetterboxEducationEnabled= false isLetterboxDoubleTapEnabled= false eligibleForUserAspectRatioButton= false topActivityBoundsLetterboxed= false isFromLetterboxDoubleTap= false topActivityLetterboxVerticalPosition= -1 topActivityLetterboxHorizontalPosition= -1 topActivityLetterboxWidth=-1 topActivityLetterboxHeight=-1 topActivityAppBounds=Rect(0, 140 - 1264, 2724) isUserFullscreenOverrideEnabled=false isSystemFullscreenOverrideEnabled=false hasMinAspectRatioOverride=false topActivityLetterboxBounds=null cameraCompatTaskInfo=CameraCompatTaskInfo { freeformCameraCompatMode=inactive}} topActivityMainWindowFrame=null topActivityLetterboxInsets=Rect(0, 0 - 0, 0)
                                                                                                     mOplusExtraBundle = Bundle[{androidx.flexible.taskFrame=Rect(0, 0 - 0, 0), topOpaqueSystemBarsAppearance=0, androidx.flexible.Alpha=1.0, androidx.activity.task.attach.blur=0, lively=false, androidx.activity.LaunchInsensible=0, androidx.activity.LaunchCornerRadius=0, key_flexible_task_state=0, topActivitySupportAppInnerSplit=false, key_flexible_task_animating_type=-1, key_flexible_task_root_activity_processname=com.creysvpn.app, androidx.activity.LaunchScenario=0, is_oplus_clone_task=false, flexible_super_mini_state=false, topRunningActivityHash=130275029, androidx.activity.LaunchScale=1.0, androidx.activity.LaunchShadowRadius=0, is_transient_hide_for_task_info=false, key_flexible_task_root_activity_pid=0, key_flexible_task_root_activity_uid=10469}]}, pipChange = null, remoteTransition = RemoteTransition { remoteTransition = android.window.IRemoteTransition$Stub$Proxy@55065b, appThread = android.app.IApplicationThread$Stub$Proxy@1859ef8, debugName = QuickstepLaunch }, displayChange = null, flags = 0, debugId = 521 }
2026-02-11 15:16:01.407  3564-4023  WindowManager           system_server                        V      info={id=521 t=TO_FRONT f=0x0 trk=0 r=[0@Point(0, 0)] c=[
                                                                                                            {WCT{RemoteToken{1b439ac Task{fbba365 #9583 type=standard A=10469:com.creysvpn.app}}} m=TO_FRONT f=MOVE_TO_TOP leash=Surface(name=Task=9583)/@0xa572675 sb=Rect(0, 0 - 1264, 2780) eb=Rect(0, 0 - 1264, 2780) epz=Point(1264, 2780) d=0 taskParent=-1},
                                                                                                            {WCT{RemoteToken{a341a67 Task{813da85 #1 type=home}}} m=TO_BACK f=SHOW_WALLPAPER leash=Surface(name=Task=1)/@0x8d4c568 sb=Rect(0, 0 - 1264, 2780) eb=Rect(0, 0 - 1264, 2780) epz=Point(1264, 2780) d=0 taskParent=-1}
                                                                                                        ] 
                                                                                                    extendInfo=[
                                                                                                     OplusTransitionExtendedInfo{mTmpFinishT=null, mInOplusCompatMode=false, mIsProcessRunning=true, mHasMismatchBoundsTarget=false, mRecentsController=null, mRemoteTransition=null, mIsTranslucentActivityToHome=false, mAvoidInterceptKeyEventToHome=false, mIsFromHome=true, mParentLeash=null, mBackAnimClosingLeash=null, mIsOplusAnimRes=false, mKeepBgForContinuous=false, mIsBalAllow=false, mTaskNotInRecent=false, mIsPredictiveBackAnim=false, mIsMergedWithPredictive=false, mIsLaunchFromSpruce=false, mIsLaunchFromDrive=false, mGlobalSearchPageSwitch=false, mNeedNoAlphaGlobalSearchScene=false, mAssistScreenShowing=false, mSwipeUpBrowserScreenShowing=false, mUserIdTransition=0
                                                                                                    , mInRemoteScene=false, mInPreReady=false, mPreStart=false, mToken=null, mAbortByRemoteFromHome=false, mShellApplyToken=null, mRequestTransitionTaskId=9583, mAbortTransitionOnShell=0, mStartFromShortcut=false, mRemovedTaskId=-1, mTransitionInterruptType=0, mMergeSecondTaskId=-1, mTaskIdStartFromRecents=9583, mTransitionId=521, mCanUseSpringSlideAnim=false, mTransitionLaunchFrom=0, mFoldChangeType=-1, mAnimStartingPosition=[0, 0, 0, 0], mIsOpeningStkDialogActivity=false, mIsNeedApplyStartTForEmbedded=false, mMergeSecondTaskAnimation=false, mIsLaunchUnityStart=false, mIsLaunchFromAssistantByDefault=false, mSkipRemoteTransitionfalse, mIsStartFromKeyguard=false flags=0x0, mWCT=null, mIsOpenMergeToInValidPredictive=false}]}
2026-02-11 15:16:01.409  5339-5339  [UAH_CLIENT]            com.android.launcher                 I  UahEventAcquire, cmdid:85, pkg:com.creysvpn.app, identity:GpuBoost
2026-02-11 15:16:01.416 15222-15260 SceneSDK.1...tchAbility com.oplus.metis                      D  onAppSwitchEvent: AppSwitchEvent(timeStamp=1770812161408, eventType=1, targetName=com.creysvpn.app, firstStart=false, multiApp=false, windowMode=1, resumingPackageName=, resumingActivityName=, isResumingMultiApp=false, isResumingFirstStart=false)
2026-02-11 15:16:01.417 15222-15260 metis_v2_A...aCollector com.oplus.metis                      I  AppEnterEvent =  com.creysvpn.app, windowMode = 1,firstStart = false
2026-02-11 15:16:01.417  3564-4026  WindowManager           system_server                        D  NFW_findFocusedWindowIfNeeded:Window{2f8fc95 u0 com.creysvpn.app/com.creysvpn.app.VpnActivity} mCurrentFocus:Window{2f8fc95 u0 com.creysvpn.app/com.creysvpn.app.VpnActivity}
2026-02-11 15:16:01.420 15222-15260 metis_v2_A...aCollector com.oplus.metis                      W  fenceKey = com.oplus.metis:TOP_APPLICATION, getExits = [], getEnters = [] packageName = com.creysvpn.app
2026-02-11 15:16:01.428  2354-2443  AudioFlingerExtImpl     audioserver                          D  AudioFlingerExtImpl oplusSetParameters: keyvalue onForegroundActivitiesChanged=com.creysvpn.app:foreground:1|10469:10693
2026-02-11 15:16:01.428  2354-2443  AudioFlingerExtImpl     audioserver                          D  updateForegroundInfo, mapInf mForegroundMap(2)|[com.creysvpn.app]=1|[bsd.suitcase.release]=1, uidPidMapInf mForegroundUidPidMap(2)|[10469]=10693|[10425]=9904
2026-02-11 15:16:01.429  3564-4026  WindowManager           system_server                        D  NFW_findFocusedWindowIfNeeded:Window{2f8fc95 u0 com.creysvpn.app/com.creysvpn.app.VpnActivity} mCurrentFocus:Window{2f8fc95 u0 com.creysvpn.app/com.creysvpn.app.VpnActivity}
2026-02-11 15:16:01.468  3564-6470  WindowManager           system_server                        D  NFW_findFocusedWindowIfNeeded:Window{2f8fc95 u0 com.creysvpn.app/com.creysvpn.app.VpnActivity} mCurrentFocus:Window{2f8fc95 u0 com.creysvpn.app/com.creysvpn.app.VpnActivity}
2026-02-11 15:16:01.508  3564-6350  WindowManager           system_server                        D  NFW_findFocusedWindowIfNeeded:Window{2f8fc95 u0 com.creysvpn.app/com.creysvpn.app.VpnActivity} mCurrentFocus:Window{2f8fc95 u0 com.creysvpn.app/com.creysvpn.app.VpnActivity}
2026-02-11 15:16:01.531  3564-5788  InputDispatcher         system_server                        I  updateFocusedWindow, 2f8fc95 com.creysvpn.app/com.creysvpn.app.VpnActivity on display 0, reason: Window became focusable. Previous reason: NOT_VISIBLE, result:   FocusedWindows:
                                                                                                        displayId=0, name='2f8fc95 com.creysvpn.app/com.creysvpn.app.VpnActivity'
2026-02-11 15:16:01.531 10693-10693 VRI[VpnActivity]        com.creysvpn.app                     D  onFocusEvent true
2026-02-11 15:16:01.534  3564-4776  InputMetho...gerService system_server                        D  isSecurity: attribute.packageName = com.creysvpn.app mCurMethodId = com.preff.kb.op/com.preff.kb.LatinIME isSecurity = false ( enable = false needShow = false inBlackList = false isExist = true )
2026-02-11 15:16:01.534  3564-4776  ImeTracker              system_server                        I  com.creysvpn.app:5019d134: onRequestHide at ORIGIN_SERVER reason HIDE_UNSPECIFIED_WINDOW fromUser false
2026-02-11 15:16:01.540 10693-10693 InsetsController        com.creysvpn.app                     D  hide(ime(), fromIme=false)
2026-02-11 15:16:01.540 10693-10693 ImeTracker              com.creysvpn.app                     I  com.creysvpn.app:5019d134: onCancelled at PHASE_CLIENT_ALREADY_HIDDEN
2026-02-11 15:16:01.617  5941-8279  ActivityAdapter         com.oplus.subsys                     D  notifyActivityQuery: [bsd.suitcase.release; com.supercell.brawlstars.GameApp; 1; COMMON; 10425, com.creysvpn.app; com.creysvpn.app; 2; COMMON; 10469]
2026-02-11 15:16:01.617  5941-8279  OPlusFrontAppManager    com.oplus.subsys                     D  useAdapterResult, pkg=com.creysvpn.app,activity=com.creysvpn.app,result=true
2026-02-11 15:16:01.617  5941-8279  OPlusFrontAppManager    com.oplus.subsys                     D  decide -->> [bsd.suitcase.release; com.supercell.brawlstars.GameApp; 1; GAME_PLAYING; 10425, com.creysvpn.app; com.creysvpn.app; 2; COMMON; 10469]
2026-02-11 15:16:01.617  5941-8279  ActivityAdapter         com.oplus.subsys                     D  notifyActivityQuery: [bsd.suitcase.release; com.supercell.brawlstars.GameApp; 1; COMMON; 10425, com.creysvpn.app; com.creysvpn.app; 2; COMMON; 10469]
2026-02-11 15:16:01.618  5941-8279  OPlusFrontAppManager    com.oplus.subsys                     D  useAdapterResult, pkg=com.creysvpn.app,activity=com.creysvpn.app,result=true
2026-02-11 15:16:01.618  5941-8279  OPlusFrontAppManager    com.oplus.subsys                     D  decide -->> [bsd.suitcase.release; com.supercell.brawlstars.GameApp; 1; GAME_PLAYING; 10425, com.creysvpn.app; com.creysvpn.app; 2; COMMON; 10469]
2026-02-11 15:16:01.619  5941-8279  AppSenseService         com.oplus.subsys                     D  notifySenseEvent: {pkgName:bsd.suitcase.release,activityName:com.supercell.brawlstars.GameApp,winMode:1,event:GAME,type:0,subEvent:3,pid:9904,uid:10425},{pkgName:com.creysvpn.app,activityName:com.creysvpn.app,winMode:2,event:COMMON,type:0,subEvent:0,pid:10693,uid:10469},
2026-02-11 15:16:01.619  5746-6045  AppSenseClient          com.oplus.nas                        D  handleSenseEvent appInfoUnits: {pkgName:bsd.suitcase.release,activityName:com.supercell.brawlstars.GameApp,winMode:1,event:GAME,type:0,subEvent:3,pid:9904,uid:10425},{pkgName:com.creysvpn.app,activityName:com.creysvpn.app,winMode:2,event:COMMON,type:0,subEvent:0,pid:10693,uid:10469},
2026-02-11 15:16:01.619  5941-5941  SceneService            com.oplus.subsys                     D  notifyAppSceneChanged original mode:{live:0,video:0,voice call:0,video call:0,live host:0,game:1,meeting:0,news:0,file transfer:0},appInfoUnit:[{pkgName:bsd.suitcase.release,activityName:,winMode:1,event:GAME,type:0,subEvent:3,pid:9904,uid:10425}, {pkgName:com.creysvpn.app,activityName:,winMode:2,event:COMMON,type:0,subEvent:0,pid:10693,uid:10469}]
2026-02-11 15:16:01.619  5746-6045  AppSenseClient          com.oplus.nas                        D  notifyAppChanges: [{pkgName:bsd.suitcase.release,activityName:com.supercell.brawlstars.GameApp,winMode:1,event:GAME,type:0,subEvent:3,pid:9904,uid:10425}, {pkgName:com.creysvpn.app,activityName:com.creysvpn.app,winMode:2,event:COMMON,type:0,subEvent:0,pid:10693,uid:10469}]
2026-02-11 15:16:01.619  5671-6128  AppSenseClient          com.android.phone                    D  handleSenseEvent appInfoUnits: {pkgName:bsd.suitcase.release,activityName:com.supercell.brawlstars.GameApp,winMode:1,event:GAME,type:0,subEvent:3,pid:9904,uid:10425},{pkgName:com.creysvpn.app,activityName:com.creysvpn.app,winMode:2,event:COMMON,type:0,subEvent:0,pid:10693,uid:10469},
2026-02-11 15:16:01.619  5671-6128  AppSenseClient          com.android.phone                    D  notifyAppChanges: [{pkgName:bsd.suitcase.release,activityName:com.supercell.brawlstars.GameApp,winMode:1,event:GAME,type:0,subEvent:3,pid:9904,uid:10425}, {pkgName:com.creysvpn.app,activityName:com.creysvpn.app,winMode:2,event:COMMON,type:0,subEvent:0,pid:10693,uid:10469}]
2026-02-11 15:16:01.620  5941-5941  AtomHighLoadSenseInfo   com.oplus.subsys                     D  handleAppSenseChanged appInfoUnit:{pkgName:com.creysvpn.app,activityName:,winMode:2,event:COMMON,type:0,subEvent:0,pid:10693,uid:10469}
2026-02-11 15:16:01.620  5746-6045  NAS-DataSceneEvent      com.oplus.nas                        D  updateAppSenseChange [{pkgName:bsd.suitcase.release,activityName:com.supercell.brawlstars.GameApp,winMode:1,event:GAME,type:0,subEvent:3,pid:9904,uid:10425}, {pkgName:com.creysvpn.app,activityName:com.creysvpn.app,winMode:2,event:COMMON,type:0,subEvent:0,pid:10693,uid:10469}]
2026-02-11 15:16:01.620  5759-5759  AppSenseClient          com.oplus.nhs                        D  handleSenseEvent appInfoUnits: {pkgName:bsd.suitcase.release,activityName:com.supercell.brawlstars.GameApp,winMode:1,event:GAME,type:0,subEvent:3,pid:9904,uid:10425},{pkgName:com.creysvpn.app,activityName:com.creysvpn.app,winMode:2,event:COMMON,type:0,subEvent:0,pid:10693,uid:10469},
2026-02-11 15:16:01.620  5941-8233  Subsys-ScoreAppManager  com.oplus.subsys                     D  appSceneChange fgAppUnits size 2 fgAppUnits [{pkgName:bsd.suitcase.release,activityName:,winMode:1,event:GAME,type:0,subEvent:3,pid:9904,uid:10425}, {pkgName:com.creysvpn.app,activityName:,winMode:2,event:COMMON,type:0,subEvent:0,pid:10693,uid:10469}] mLastNetworkList[117, 121, 127]
2026-02-11 15:16:01.620  5759-5759  AppSenseClient          com.oplus.nhs                        D  notifyAppChanges: [{pkgName:bsd.suitcase.release,activityName:com.supercell.brawlstars.GameApp,winMode:1,event:GAME,type:0,subEvent:3,pid:9904,uid:10425}, {pkgName:com.creysvpn.app,activityName:com.creysvpn.app,winMode:2,event:COMMON,type:0,subEvent:0,pid:10693,uid:10469}]
2026-02-11 15:16:01.620  5941-8233  Subsys-ScoreAppManager  com.oplus.subsys                     D  unit: {pkgName:com.creysvpn.app,activityName:,winMode:2,event:COMMON,type:0,subEvent:0,pid:10693,uid:10469}
2026-02-11 15:16:01.620  5941-8233  CommonApp-117-10469     com.oplus.subsys                     D  scene=COMMON pn=com.creysvpn.app
2026-02-11 15:16:01.620  5941-8233  CommonApp-121-10469     com.oplus.subsys                     D  scene=COMMON pn=com.creysvpn.app
2026-02-11 15:16:01.620  5941-8233  CommonApp-127-10469     com.oplus.subsys                     D  scene=COMMON pn=com.creysvpn.app
2026-02-11 15:16:01.630  5065-5167  WindowManagerShell      com.android.systemui                 D  onActivityRestartAttempt: topActivity=ComponentInfo{com.creysvpn.app/com.creysvpn.app.VpnActivity}, wasVisible=false
2026-02-11 15:16:01.631  1941-1999  statsd                  statsd                               I  An anomaly (119840000001) (100198)0x10000->com.creysvpn.app[S] (100198)0x20000->10469[I]  has occurred! Informing subscribers.
2026-02-11 15:16:01.631  3564-4026  AppSenseClient          system_server                        D  handleSenseEvent appInfoUnits: {pkgName:bsd.suitcase.release,activityName:com.supercell.brawlstars.GameApp,winMode:1,event:GAME,type:0,subEvent:3,pid:9904,uid:10425},{pkgName:com.creysvpn.app,activityName:com.creysvpn.app,winMode:2,event:COMMON,type:0,subEvent:0,pid:10693,uid:10469},
2026-02-11 15:16:01.631  3564-4026  AppSenseClient          system_server                        D  notifyAppChanges: [{pkgName:bsd.suitcase.release,activityName:com.supercell.brawlstars.GameApp,winMode:1,event:GAME,type:0,subEvent:3,pid:9904,uid:10425}, {pkgName:com.creysvpn.app,activityName:com.creysvpn.app,winMode:2,event:COMMON,type:0,subEvent:0,pid:10693,uid:10469}]
2026-02-11 15:16:01.631  7408-21621 midasd                  midasd                               I  app forground called:com.creysvpn.app
2026-02-11 15:16:01.634  3564-5791  ActivityTaskManager     system_server                        D  after skip size:46,pre-Filtered:com.creysvpn.app # bsd.suitcase.release # com.oppo.quicksearchbox # tg.hungry.client # com.android.settings # ru.dedvpn.android # com.anthropic.claude # com.zhiliaoapp.musically # com.android.chrome # com.android.vending # com.gameloft.android.ANMP.GloftGGHM # com.android.settings # org.telegram.messenger # com.coloros.gallery3d # com.duolingo # com.google.android.youtube # com.deepseek.chat # com.lemon.lvoverseas # com.coloros.alarmclock # com.realsignal.packetcapturepro # com.oplus.camera # com.radolyn.ayugram # com.google.android.apps.docs # com.PlayMax.playergames # com.android.contacts # com.yandex.browser # andes.oplus.documentsreader # andes.oplus.documentsreader # ru.trashbox.tapk # net.apex_designs.payback2 # com.noorgames.basketbattle # com.adguard.vpn # ru.mes.dnevnik # com.picsart.studio # com.google.android.gm # com.meitu.wink # bin.mt.plus # com.google.android.documentsui # com.vkontakte.android # com.google.android.googlequicksearchbox # com.heytap.browser # com.android.mms # com.android.phone # com.discord # ru.yandex.music # com.vk.vkvideo # 
2026-02-11 15:16:01.639  1941-1999  statsd                  statsd                               I  An anomaly (104840000001) (48)0x10000->10469[I] (48)0x20000->com.creysvpn.app[S] (48)0x30000->2[I]  has occurred! Informing subscribers.
2026-02-11 15:16:01.645 17719-18249 GameSpaceU...aceManager com.oplus.games                      I  getTopAppPkg topPkgName : com.creysvpn.app
2026-02-11 15:16:01.651  1941-1999  statsd                  statsd                               I  An anomaly (104240000001) (42)0x10000->10469[I] (42)0x20000->com.creysvpn.app[S] (42)0x30000->.VpnActivity[S]  has occurred! Informing subscribers.
2026-02-11 15:16:01.659 10693-10743 PCAP                    com.creysvpn.app                     I  Filtered port: 443 (not 5-digit)
2026-02-11 15:16:01.670 10693-10743 PCAP                    com.creysvpn.app                     I  Filtered port: 443 (not 5-digit)
2026-02-11 15:16:01.717  3564-5767  WindowManager           system_server                        D  NFW_findFocusedWindowIfNeeded:Window{2f8fc95 u0 com.creysvpn.app/com.creysvpn.app.VpnActivity} mCurrentFocus:Window{2f8fc95 u0 com.creysvpn.app/com.creysvpn.app.VpnActivity}
2026-02-11 15:16:01.721 10693-10743 PCAP                    com.creysvpn.app                     I  Filtered port: 443 (not 5-digit)
2026-02-11 15:16:01.740  2354-2354  AudioFlingerExtImpl     audioserver                          D  updateForegroundInfo, mapInf mForegroundMap(1)|[com.creysvpn.app]=1, uidPidMapInf mForegroundUidPidMap(1)|[10469]=10693
2026-02-11 15:16:01.745  3564-6985  OStatsManager_Calc      system_server                        I  add screen power pkgName = com.creysvpn.app, uid = 10469, power = 71.39985000016168, is Fg = true, fore size = 3, mScale = 1.0
2026-02-11 15:16:01.745  3564-6985  OStatsMana...atsManager system_server                        I  notePkgBackground [com.android.launcher10244, com.creysvpn.app10469], uid = 10425, pid = 9904, pkgName = bsd.suitcase.release
2026-02-11 15:16:01.759 10693-10743 PCAP                    com.creysvpn.app                     I  Filtered port: 443 (not 5-digit)
2026-02-11 15:16:01.828 10693-10693 IJankManager            com.creysvpn.app                     E  slideSceneEnd unknown scene 1000 mScene:-1
2026-02-11 15:16:01.829 10693-10693 AutofillManager         com.creysvpn.app                     V  requestHideFillUi(null): anchor = null
2026-02-11 15:16:01.829  3564-4026  ActivityTaskManager     system_server                        D  NFW_setLastResumedActivityUncheckLocked:false r:ActivityRecord{130275029 u0 com.creysvpn.app/.VpnActivity t9583} currentFocus:Window{2f8fc95 u0 com.creysvpn.app/com.creysvpn.app.VpnActivity}
2026-02-11 15:16:01.875  3564-6470  WindowManager           system_server                        D  NFW_findFocusedWindowIfNeeded:Window{2f8fc95 u0 com.creysvpn.app/com.creysvpn.app.VpnActivity} mCurrentFocus:Window{2f8fc95 u0 com.creysvpn.app/com.creysvpn.app.VpnActivity}
2026-02-11 15:16:01.892 10693-10693 OplusViewD...ViewHelper com.creysvpn.app                     D  dispatchTouchView action = 1
2026-02-11 15:16:01.892 10693-10693 ViewRootImplExtImpl     com.creysvpn.app                     D  the up motion event handled by client, just return
2026-02-11 15:16:01.895  5065-6317  SystemUi--QuickSettings com.android.systemui                 I  OplusFgsManagerController-->onForegroundStateChanged: com.creysvpn.app 0 false 1
2026-02-11 15:16:01.902 10693-10693 HWUI                    com.creysvpn.app                     D  RenderProxy::destroy: this=0xb400007304478200, mContext=0xb400007304542c40
2026-02-11 15:16:01.902 10693-10722 HWUI                    com.creysvpn.app                     D  SkiaVulkanPipeline::setSurface: this=0xb400007304286740, surface=NULL
2026-02-11 15:16:01.903 10693-10722 BufferQueueProducer     com.creysvpn.app                     D  [VRI[]#3(BLAST Consumer)3](id:29c500000003,api:1,p:10693,c:10693) disconnect: api 1
2026-02-11 15:16:01.903 10693-10693 HWUI                    com.creysvpn.app                     D  RenderProxy::destroy: this=0xb400007304478800, mContext=0xb400007304528840
2026-02-11 15:16:01.903 10693-10722 HWUI                    com.creysvpn.app                     D  SkiaVulkanPipeline::setSurface: this=0xb400007304286600, surface=NULL
2026-02-11 15:16:01.903 10693-10722 BufferQueueProducer     com.creysvpn.app                     D  [VRI[]#2(BLAST Consumer)2](id:29c500000002,api:1,p:10693,c:10693) disconnect: api 1
2026-02-11 15:16:01.904 10693-10693 HWUI                    com.creysvpn.app                     D  RenderProxy::destroy: this=0xb400007304477f00, mContext=0xb40000730450ef80
2026-02-11 15:16:01.904 10693-10722 HWUI                    com.creysvpn.app                     D  SkiaVulkanPipeline::setSurface: this=0xb400007304285840, surface=NULL
2026-02-11 15:16:01.904 10693-10722 BufferQueueProducer     com.creysvpn.app                     D  [VRI[]#1(BLAST Consumer)1](id:29c500000001,api:1,p:10693,c:10693) disconnect: api 1
2026-02-11 15:16:01.904 10693-10693 HWUI                    com.creysvpn.app                     D  RenderProxy::destroy: this=0xb400007304477900, mContext=0xb4000073044f4100
2026-02-11 15:16:01.904 10693-10722 HWUI                    com.creysvpn.app                     D  SkiaVulkanPipeline::setSurface: this=0xb400007304285e80, surface=NULL
2026-02-11 15:16:01.904 10693-10693 OplusScrollToTopManager com.creysvpn.app                     D  ,window dying
2026-02-11 15:16:01.904 10693-10693 OplusScrollToTopManager com.creysvpn.app                     D  ,unregisterSystemUIBroadcastReceiver 
2026-02-11 15:16:01.905 10693-10693 OplusScrollToTopManager com.creysvpn.app                     D  , unregisterSystemUIBroadcastReceiver failed java.lang.IllegalArgumentException: Receiver not registered: android.view.OplusScrollToTopManager$2@d744057
2026-02-11 15:16:01.906 10693-10693 WindowOnBackDispatcher  com.creysvpn.app                     W  sendCancelIfRunning: isInProgress=false callback=android.view.ViewRootImpl$$ExternalSyntheticLambda13@11b8bfd
2026-02-11 15:16:01.906  3564-5767  CoreBackPreview         system_server                        D  Window{848737a u0 com.creysvpn.app}: Setting back callback null
2026-02-11 15:16:01.907 10693-10693 BLASTBufferQueue        com.creysvpn.app                     D  [VRI[]#3](f:0,a:1) destructor()
2026-02-11 15:16:01.907 10693-10693 BufferQueueConsumer     com.creysvpn.app                     D  [VRI[]#3(BLAST Consumer)3](id:29c500000003,api:0,p:-1,c:10693) disconnect
2026-02-11 15:16:01.908  3564-5767  WindowManager           system_server                        I  Window{848737a u0 com.creysvpn.app} state from HAS_DRAWN to NO_SURFACE; reason: destroySurface
2026-02-11 15:16:01.908  3564-5767  WindowStateExtImpl      system_server                        D  cancelFadeAnimationIfNeed windowState = Window{848737a u0 com.creysvpn.app}
2026-02-11 15:16:01.909  3564-5767  WindowManager           system_server                        D  NFW_findFocusedWindowIfNeeded:Window{2f8fc95 u0 com.creysvpn.app/com.creysvpn.app.VpnActivity} mCurrentFocus:Window{2f8fc95 u0 com.creysvpn.app/com.creysvpn.app.VpnActivity}
2026-02-11 15:16:01.909 10693-10693 OplusScrollToTopManager com.creysvpn.app                     D  ,window dying
2026-02-11 15:16:01.909 10693-10693 OplusScrollToTopManager com.creysvpn.app                     D  ,unregisterSystemUIBroadcastReceiver 
2026-02-11 15:16:01.909 10693-10693 OplusScrollToTopManager com.creysvpn.app                     D  , unregisterSystemUIBroadcastReceiver failed java.lang.IllegalArgumentException: Receiver not registered: android.view.OplusScrollToTopManager$2@641744
2026-02-11 15:16:01.910 10693-10693 WindowOnBackDispatcher  com.creysvpn.app                     W  sendCancelIfRunning: isInProgress=false callback=android.view.ViewRootImpl$$ExternalSyntheticLambda13@a76d89a
2026-02-11 15:16:01.910  3564-5788  CoreBackPreview         system_server                        D  Window{d8461e9 u0 com.creysvpn.app}: Setting back callback null
2026-02-11 15:16:01.911 10693-10693 BLASTBufferQueue        com.creysvpn.app                     D  [VRI[]#2](f:0,a:1) destructor()
2026-02-11 15:16:01.911 10693-10693 BufferQueueConsumer     com.creysvpn.app                     D  [VRI[]#2(BLAST Consumer)2](id:29c500000002,api:0,p:-1,c:10693) disconnect
2026-02-11 15:16:01.911  3564-6264  WindowManager           system_server                        I  Window{d8461e9 u0 com.creysvpn.app} state from HAS_DRAWN to NO_SURFACE; reason: destroySurface
2026-02-11 15:16:01.911  3564-6264  WindowStateExtImpl      system_server                        D  cancelFadeAnimationIfNeed windowState = Window{d8461e9 u0 com.creysvpn.app}
2026-02-11 15:16:01.912  3564-6264  WindowManager           system_server                        D  NFW_findFocusedWindowIfNeeded:Window{2f8fc95 u0 com.creysvpn.app/com.creysvpn.app.VpnActivity} mCurrentFocus:Window{2f8fc95 u0 com.creysvpn.app/com.creysvpn.app.VpnActivity}
2026-02-11 15:16:01.913 10693-10693 OplusScrollToTopManager com.creysvpn.app                     D  ,window dying
2026-02-11 15:16:01.913 10693-10693 OplusScrollToTopManager com.creysvpn.app                     D  ,unregisterSystemUIBroadcastReceiver 
2026-02-11 15:16:01.913 10693-10693 OplusScrollToTopManager com.creysvpn.app                     D  , unregisterSystemUIBroadcastReceiver failed java.lang.IllegalArgumentException: Receiver not registered: android.view.OplusScrollToTopManager$2@c4cd02d
2026-02-11 15:16:01.913 10693-10693 WindowOnBackDispatcher  com.creysvpn.app                     W  sendCancelIfRunning: isInProgress=false callback=android.view.ViewRootImpl$$ExternalSyntheticLambda13@92d4f53
2026-02-11 15:16:01.913  3564-6264  CoreBackPreview         system_server                        D  Window{f76adb1 u0 com.creysvpn.app}: Setting back callback null
2026-02-11 15:16:01.914 10693-10693 BLASTBufferQueue        com.creysvpn.app                     D  [VRI[]#1](f:0,a:1) destructor()
2026-02-11 15:16:01.914 10693-10693 BufferQueueConsumer     com.creysvpn.app                     D  [VRI[]#1(BLAST Consumer)1](id:29c500000001,api:0,p:-1,c:10693) disconnect
2026-02-11 15:16:01.915  3564-4584  WindowManager           system_server                        I  Window{f76adb1 u0 com.creysvpn.app} state from HAS_DRAWN to NO_SURFACE; reason: destroySurface
2026-02-11 15:16:01.915  3564-4584  WindowStateExtImpl      system_server                        D  cancelFadeAnimationIfNeed windowState = Window{f76adb1 u0 com.creysvpn.app}
2026-02-11 15:16:01.916  3564-4584  WindowManager           system_server                        D  NFW_findFocusedWindowIfNeeded:Window{2f8fc95 u0 com.creysvpn.app/com.creysvpn.app.VpnActivity} mCurrentFocus:Window{2f8fc95 u0 com.creysvpn.app/com.creysvpn.app.VpnActivity}
2026-02-11 15:16:01.916  3564-4050  UserAwareMgr            system_server                        I  handleFgAppChanged, pkgName: com.creysvpn.app, pid: 10693, isVisible: false, fgAppType: FG2
2026-02-11 15:16:01.916 10693-10693 OplusScrollToTopManager com.creysvpn.app                     D  ,window dying
2026-02-11 15:16:01.916 10693-10693 OplusScrollToTopManager com.creysvpn.app                     D  ,unregisterSystemUIBroadcastReceiver 
2026-02-11 15:16:01.916 10693-10693 OplusScrollToTopManager com.creysvpn.app                     D  , unregisterSystemUIBroadcastReceiver failed java.lang.IllegalArgumentException: Receiver not registered: android.view.OplusScrollToTopManager$2@3f08962
2026-02-11 15:16:01.916 10693-10693 WindowOnBackDispatcher  com.creysvpn.app                     W  sendCancelIfRunning: isInProgress=false callback=android.view.ViewRootImpl$$ExternalSyntheticLambda13@242342
2026-02-11 15:16:01.916  3564-4584  CoreBackPreview         system_server                        D  Window{72eba1f u0 com.creysvpn.app}: Setting back callback null
2026-02-11 15:16:01.916 10693-10743 PCAP                    com.creysvpn.app                     I  Filtered port: 443 (not 5-digit)
2026-02-11 15:16:01.917  3564-4909  Osense-Flo...mplexScene system_server                        I  getNoSharedData pid=5746,result=[Bundle[{isExitWindow=false, isFocused=false, taskId=5, pkgName=com.android.launcher, isVisible=true, pid=5339, uid=10244, type=1, hwuiTaskThreads=[6120, 6121], renderThreadTid=5662, activityName=com.android.launcher/.Launcher, isEnter=false}];Bundle[{isExitWindow=false, isFocused=true, taskId=9583, pkgName=com.creysvpn.app, isVisible=true, pid=10693, uid=10469, type=1, hwuiTaskThreads=[10727, 10728], renderThreadTid=10722, activityName=com.creysvpn.app/.VpnActivity, isEnter=false}];Bundle[{isExitWindow=true, isFocused=false, floatWindowType=3, taskId=-1, pkgName=com.creysvpn.app, isVisible=true, pid=10693, uid=10469, type=2, hwuiTaskThreads=[10727, 10728], renderThreadTid=10722, activityName=null, isEnter=false}]]
2026-02-11 15:16:01.917  3564-4584  WindowManager           system_server                        D  NFW_findFocusedWindowIfNeeded:Window{2f8fc95 u0 com.creysvpn.app/com.creysvpn.app.VpnActivity} mCurrentFocus:Window{2f8fc95 u0 com.creysvpn.app/com.creysvpn.app.VpnActivity}
2026-02-11 15:16:01.926  5065-5065  SystemUi--Notification  com.android.systemui                 I  OplusLiveAlertNotificationsRepository-->removeLiveAlert: 0|android|0|com.android.server.wm.AlertWindowNotification - com.creysvpn.app|1000
2026-02-11 15:16:01.926  5065-5065  PluginSeedling--Track   com.android.systemui                 I  RequestHandler-->notificationRemoved 0|android|0|com.android.server.wm.AlertWindowNotification - com.creysvpn.app|1000
2026-02-11 15:16:01.938  3564-5788  Transition              system_server                        D  finishTransition ar ActivityRecord{130275029 u0 com.creysvpn.app/.VpnActivity t9583}, isVisibleRequested=true, state=RESUMED, visibleAtTransitionEndTokens={WallpaperWindowToken{5b6e5fe showWhenLocked=false}, ActivityRecord{130275029 u0 com.creysvpn.app/.VpnActivity t9583}}, this=TransitionRecord{4b77829 id=521 track=0 type=TO_FRONT flags=0x0 state=2 c=[
                                                                                                       ChangeInfo{170d7ae container=DefaultTaskDisplayArea@47971945 flags=0x0}
                                                                                                       ChangeInfo{d57094f container=WallpaperWindowToken{5b6e5fe showWhenLocked=false} flags=0x0}
                                                                                                       ChangeInfo{4ff38dc container=ActivityRecord{130275029 u0 com.creysvpn.app/.VpnActivity t9583} flags=0x0}
                                                                                                       ChangeInfo{31d2386 container=Task{813da85 #1 type=home} flags=0x10}
                                                                                                       ChangeInfo{a266de5 container=Display{#0 state=ON size=1264x2780 ROTATION_0} flags=0x0}
                                                                                                       ChangeInfo{bf6c0ba container=ActivityRecord{215934230 u0 com.android.launcher/.Launcher t5} flags=0x0}
                                                                                                       ChangeInfo{a4eb6b container=Task{d6580ee #5 type=home I=com.android.launcher/.Launcher} flags=0x10}
                                                                                                       ChangeInfo{5b506c8 container=WallpaperWindowToken{dfffc0c showWhenLocked=true} flags=0x0}
                                                                                                       ChangeInfo{668ac61 container=Task{fbba365 #9583 type=standard A=10469:com.creysvpn.app} flags=0x30}
                                                                                                    ]
