                                                                                                     OplusTransitionExtendedInfo{mTmpFinishT=null, mInOplusCompatMode=false, mIsProcessRunning=true, mHasMismatchBoundsTarget=false, mRecentsController=null, mRemoteTransition=null, mIsTranslucentActivityToHome=false, mAvoidInterceptKeyEventToHome=false, mIsFromHome=false, mParentLeash=null, mBackAnimClosingLeash=null, mIsOplusAnimRes=false, mKeepBgForContinuous=false, mIsBalAllow=false, mTaskNotInRecent=false, mIsPredictiveBackAnim=false, mIsMergedWithPredictive=false, mIsLaunchFromSpruce=false, mIsLaunchFromDrive=false, mGlobalSearchPageSwitch=false, mNeedNoAlphaGlobalSearchScene=false, mAssistScreenShowing=false, mSwipeUpBrowserScreenShowing=false, mUserIdTransition=0
                                                                                                    , mInRemoteScene=false, mInPreReady=false, mPreStart=false, mToken=null, mAbortByRemoteFromHome=false, mShellApplyToken=null, mRequestTransitionTaskId=-1, mAbortTransitionOnShell=0, mStartFromShortcut=false, mRemovedTaskId=-1, mTransitionInterruptType=0, mMergeSecondTaskId=-1, mTaskIdStartFromRecents=0, mTransitionId=359, mCanUseSpringSlideAnim=false, mTransitionLaunchFrom=0, mFoldChangeType=-1, mAnimStartingPosition=[0, 0, 0, 0], mIsOpeningStkDialogActivity=false, mIsNeedApplyStartTForEmbedded=false, mMergeSecondTaskAnimation=false, mIsLaunchUnityStart=false, mIsLaunchFromAssistantByDefault=false, mSkipRemoteTransitionfalse, mIsStartFromKeyguard=false flags=0x0, mWCT=null, mIsOpenMergeToInValidPredictive=false}]}
2026-02-11 14:36:12.895  3564-5767  BLASTSyncEngine         system_server                        I  onCommitted syncId: 359, timeout: false ran: false
2026-02-11 14:36:12.896  3564-4878  Background...rolService system_server                        D  Package event received: 0
2026-02-11 14:36:12.896  5339-5339  ResourcesManagerExtImpl com.android.launcher                 D  applyConfigurationToAppResourcesLocked app.getDisplayId() return callback.displayId:0
2026-02-11 14:36:12.899  3564-4050  UserAwareMgr            system_server                        W  event can not be released, id: 2020, count: 3, releasePid: 5339
2026-02-11 14:36:12.899  3564-4050  UserAwareMgr            system_server                        W  event can not be released, id: 2020, count: 2, releasePid: 5339
2026-02-11 14:36:12.899  3564-4050  QosScheduler            system_server                        W  executeSceneQosStrategy failed! qos feature no enable
2026-02-11 14:36:12.901  3564-4583  WindowManager           system_server                        W  captureTaskSnapshot mSnapshotMode= 0 source=Task{9292532 #9547 type=standard A=10125:com.android.vending}
2026-02-11 14:36:12.901  3564-4583  TaskSnapsh...lerExtImpl system_server                        D  createTaskSnapshot isCompatMode:false, isCompactWindow:false
2026-02-11 14:36:12.901  3564-4583  AbsAppSnap...lerExtImpl system_server                        W  updateExcludeLayers, addExcludeLayerList is null or empty, return excludeLayers
2026-02-11 14:36:12.901  3564-4064  ActivityManager         system_server                        D  Cancel freezing 9017 com.coloros.alarmclock:clockWidget
2026-02-11 14:36:12.907  3564-5598  OplusWindo...ionManager system_server                        D  setInputConsumerEnabled from launcher enabled=true last=false
2026-02-11 14:36:12.907  5065-5167  ShellRecents            com.android.systemui                 V  [222965012] RecentsController.setInputConsumerEnabled: set focus to recents
2026-02-11 14:36:12.909  3564-4583  TaskSnapshotCache       system_server                        D  putSnapshot mRunningCache top= ActivityRecord{140025575 u0 com.android.vending/.AssetBrowserActivity t9547}, mTaskId=9547, snapshot=TaskSnapshot{ mId=1770809772901 mCaptureTime=25978660769540 mTopActivityComponent=com.android.vending/com.google.android.finsky.activities.MainActivity mSnapshot=android.hardware.HardwareBuffer@95d558b (1264x2780) mColorSpace=sRGB IEC61966-2.1 (id=0, model=RGB) mOrientation=1 mRotation=0 mTaskSize=Point(1264, 2780) mOplusCompatMode=false mTopActivityBounds=[0,0][1264,2780] mHasDimLayer=false mContentInsets=[0,140][0,56] mLetterboxInsets=[0,0][0,0] mIsLowResolution=false mIsRealSnapshot=true mWindowingMode=1 mAppearance=24 mIsTranslucent=false mHasImeSurface=false mInternalReferences=2 mUiMode=11, mAppIdMap size= 8
2026-02-11 14:36:12.910  3564-5767  Biometrics...derExtImpl system_server                        W  [hideFingerprintIcon] client does not meet the requirements: null
2026-02-11 14:36:12.910  3564-6235  FlexibleTaskController  system_server                        D  check task which not have enough child, isInSingleWhiteList:false isCloneTask:false
2026-02-11 14:36:12.911  3564-5598  OplusPanor...Controller system_server                        D  isFullscreenTaskIndicatorDragging
2026-02-11 14:36:12.911  3564-5598  ActivityTaskManager     system_server                        D  onWindowFocusChanged Task{d6580ee #5 type=home I=com.android.launcher/.Launcher} would transfer to compact
2026-02-11 14:36:12.911  3564-5598  ActivityTaskManager     system_server                        D  NFW_setLastResumedActivityUncheckLocked:true r:ActivityRecord{215934230 u0 com.android.launcher/.Launcher t5} currentFocus:Window{f4daf49 u0 com.android.vending/com.android.vending.AssetBrowserActivity}
2026-02-11 14:36:12.911  3564-5598  QuickBackInputPolicy    system_server                        D  hasMultiChildrenInTask: false
2026-02-11 14:36:12.911  3564-5598  WindowManager           system_server                        D  NFW_findFocusedWindowIfNeeded:Window{4dd157d u0 com.android.launcher/com.android.launcher.Launcher} mCurrentFocus:Window{f4daf49 u0 com.android.vending/com.android.vending.AssetBrowserActivity}
2026-02-11 14:36:12.911  3564-5598  WindowManager           system_server                        V  Changing focus from Window{f4daf49 u0 com.android.vending/com.android.vending.AssetBrowserActivity} to Window{4dd157d u0 com.android.launcher/com.android.launcher.Launcher},diplayid=0
2026-02-11 14:36:12.911  3564-4024  SystemGestures          system_server                        D  detectSwipe: 2
2026-02-11 14:36:12.911  3564-4140  VRR [OPlus...ontroller] system_server                        D   setComplexSceneEnable : true
2026-02-11 14:36:12.912  3564-5598  WindowManager           system_server                        D  NFW_findFocusedWindowIfNeeded:null mCurrentFocus:null
2026-02-11 14:36:12.912  3564-3917  WindowManager           system_server                        I  Window{5de1044 u0 com.oplus.leftscreen} state from DRAW_PENDING to COMMIT_DRAW_PENDING; reason: finishDrawingLocked
2026-02-11 14:36:12.913  3564-5735  FlexibleTaskController  system_server                        D  hideZoomWindow flag = 12 ,caller = 5339
2026-02-11 14:36:12.913  3564-5735  FlexibleTaskController  system_server                        D  hideZoomWindow
2026-02-11 14:36:12.915  3564-4027  DisplayModeDirector     system_server                        D  setAppRequest displayId : 201  modeId: 0  requestedRefreshRate: 0.0  requestedMinRefreshRateRange: 0.0  requestedMaxRefreshRateRange: 0.0
2026-02-11 14:36:12.915  3564-4027  WindowManager           system_server                        I  Window{5de1044 u0 com.oplus.leftscreen} state from COMMIT_DRAW_PENDING to READY_TO_SHOW; reason: commitFinishDrawingLocked
2026-02-11 14:36:12.915  3564-4027  CoreBackPreview         system_server                        D   return markWindowHasDrawn mComposed: false  mWaitTransition: false
2026-02-11 14:36:12.915  3564-4027  ActivityTaskManager     system_server                        D  Clearing startingData for activity=ActivityRecord{215934230 u0 com.android.launcher/.Launcher t5} mStartingData=null mStartingSurface=null
2026-02-11 14:36:12.915  3564-4027  WindowManager           system_server                        I  Window{5de1044 u0 com.oplus.leftscreen} state from READY_TO_SHOW to HAS_DRAWN; reason: performShowLocked
2026-02-11 14:36:12.915  3564-4027  DisplayModeDirector     system_server                        D  setAppRequest displayId : 0  modeId: 2  requestedRefreshRate: 0.0  requestedMinRefreshRateRange: 0.0  requestedMaxRefreshRateRange: 120.00001
2026-02-11 14:36:12.915  3564-4027  TaskOrganizerController system_server                        I  onTaskInfoChanged taskid 9547 config { mBounds=Rect(0, 0 - 1264, 2780) mAppBounds=Rect(0, 0 - 1264, 2780) mMaxBounds=Rect(0, 0 - 1264, 2780) mDisplayRotation=ROTATION_0 mWindowingMode=fullscreen mActivityType=standard mAlwaysOnTop=undefined mRotation=ROTATION_0}
2026-02-11 14:36:12.915  3564-4027  OplusVisibleTasks       system_server                        D   notifyTaskFocusChange no need.
2026-02-11 14:36:12.915  3564-4027  OplusFlexi...Controller system_server                        D  visibleFlexibleTaskInfos delete:9547
2026-02-11 14:36:12.915  3564-4027  FlexibleWi...gerService system_server                        E  notifyTaskObserverToAttachController not need to notify!
2026-02-11 14:36:12.915  3564-4027  FlexibleWi...gerService system_server                        I  onFlexibleWindowTaskInfoChanged, return for cur task not embedded
2026-02-11 14:36:12.915  3564-4027  TaskOrganizerController system_server                        I  onTaskInfoChanged taskid 1 config { mBounds=Rect(0, 0 - 1264, 2780) mAppBounds=Rect(0, 0 - 1264, 2780) mMaxBounds=Rect(0, 0 - 1264, 2780) mDisplayRotation=ROTATION_0 mWindowingMode=fullscreen mActivityType=home mAlwaysOnTop=undefined mRotation=ROTATION_0}
2026-02-11 14:36:12.915  3564-4027  OplusVisibleTasks       system_server                        D   notifyTaskFocusChange no need.
2026-02-11 14:36:12.915  3564-4027  OplusFlexi...Controller system_server                        D  visibleFlexibleTaskInfos delete:1
2026-02-11 14:36:12.915  3564-4027  FlexibleWi...gerService system_server                        E  notifyTaskObserverToAttachController not need to notify!
2026-02-11 14:36:12.915  3564-4027  FlexibleWi...gerService system_server                        I  onFlexibleWindowTaskInfoChanged, return for cur task not embedded
2026-02-11 14:36:12.916  3564-4026  FlexibleTaskController  system_server                        D  check task which not have enough child, isInSingleWhiteList:false isCloneTask:false
2026-02-11 14:36:12.916  3564-4024  WindowManager           system_server                        D  request show transient bar, navigationBar already visible
2026-02-11 14:36:12.917  3564-6235  ActivityTaskManager     system_server                        D  Skipping, invisible task: Task{d6580ee #5 type=home I=com.android.launcher/.Launcher}
2026-02-11 14:36:12.917  3564-6235  OplusSplit...gerService system_server                        D  com.android.settings unSupportsSplitScreen by blockList or ForbidActivityList
2026-02-11 14:36:12.917  3564-6235  OplusSplit...gerService system_server                        D  com.android.settings unSupportsSplitScreen by blockList or ForbidActivityList
2026-02-11 14:36:12.917  3564-6235  OplusSplit...gerService system_server                        D  com.android.settings unSupportsSplitScreen by blockList or ForbidActivityList
2026-02-11 14:36:12.917  3564-6235  OplusSplit...gerService system_server                        D  com.android.settings unSupportsSplitScreen by blockList or ForbidActivityList
2026-02-11 14:36:12.918  3564-6235  OplusSplit...gerService system_server                        D  com.discord unSupportsSplitScreen by blockList or ForbidActivityList
2026-02-11 14:36:12.918  3564-6235  ActivityTaskManager     system_server                        D  after skip size:45,pre-Filtered:com.android.vending # com.oppo.quicksearchbox # bsd.suitcase.release # com.creysvpn.app # com.android.settings # com.gameloft.android.ANMP.GloftGGHM # ru.dedvpn.android # com.android.settings # com.android.chrome # org.telegram.messenger # com.zhiliaoapp.musically # com.coloros.gallery3d # com.duolingo # com.google.android.youtube # com.anthropic.claude # com.deepseek.chat # com.lemon.lvoverseas # com.coloros.alarmclock # com.realsignal.packetcapturepro # com.oplus.camera # com.radolyn.ayugram # com.google.android.apps.docs # com.PlayMax.playergames # com.android.contacts # com.yandex.browser # andes.oplus.documentsreader # andes.oplus.documentsreader # ru.trashbox.tapk # net.apex_designs.payback2 # com.noorgames.basketbattle # com.adguard.vpn # ru.mes.dnevnik # com.picsart.studio # com.google.android.gm # com.meitu.wink # bin.mt.plus # com.google.android.documentsui # com.vkontakte.android # com.google.android.googlequicksearchbox # com.heytap.browser # com.android.mms # com.android.phone # com.discord # ru.yandex.music # com.vk.vkvideo # 
2026-02-11 14:36:12.918  3564-6235  FlexibleTaskController  system_server                        D  check task which not have enough child, isInSingleWhiteList:false isCloneTask:false
2026-02-11 14:36:12.919  3564-4027  WindowStateExtImpl      system_server                        I  onSurfaceShowChange show = true mPackageName = com.oplus.leftscreen parentPkgName = com.android.launcher
2026-02-11 14:36:12.919  3564-4027  CoreBackPreview         system_server                        D   return markWindowHasDrawn mComposed: false  mWaitTransition: false
2026-02-11 14:36:12.921  3564-6235  FlexibleTaskController  system_server                        D  check task which not have enough child, isInSingleWhiteList:false isCloneTask:false
2026-02-11 14:36:12.922  3564-6235  FlexibleTaskController  system_server                        D  check task which not have enough child, isInSingleWhiteList:false isCloneTask:false
2026-02-11 14:36:12.923  3564-6235  FlexibleTaskController  system_server                        D  check task which not have enough child, isInSingleWhiteList:false isCloneTask:false
2026-02-11 14:36:12.924  3564-6235  FlexibleTaskController  system_server                        D  check task which not have enough child, isInSingleWhiteList:false isCloneTask:false
2026-02-11 14:36:12.924  3564-4026  Accessibil...sPopulator system_server                        I  getInsensibleFlag flag = 0
2026-02-11 14:36:12.925  3564-6235  FlexibleTaskController  system_server                        D  check task which not have enough child, isInSingleWhiteList:false isCloneTask:false
2026-02-11 14:36:12.925  3564-3564  OplusFlexi...agerHelper system_server                        D  onReceive, intent = android.intent.action.CLOSE_SYSTEM_DIALOGS reason:recentapps state:0
2026-02-11 14:36:12.926  3564-4023  AutofillManagerService  system_server                        D  Close system dialogs
2026-02-11 14:36:12.926  3564-6235  FlexibleTaskController  system_server                        D  check task which not have enough child, isInSingleWhiteList:false isCloneTask:false
2026-02-11 14:36:12.926  3564-4024  AutofillUI              system_server                        V  hideSaveUiUiThread(): mSaveUi=null, callback=null, mCallback=null
2026-02-11 14:36:12.926  3564-6235  FlexibleTaskController  system_server                        D  check task which not have enough child, isInSingleWhiteList:false isCloneTask:false
2026-02-11 14:36:12.926  3564-6235  FlexibleTaskController  system_server                        D  check task which not have enough child, isInSingleWhiteList:false isCloneTask:false
2026-02-11 14:36:12.927  3564-5767  ActivityManager         system_server                        D  Async freezing 9017 com.coloros.alarmclock:clockWidget
2026-02-11 14:36:12.927  3564-6235  FlexibleTaskController  system_server                        D  check task which not have enough child, isInSingleWhiteList:false isCloneTask:false
2026-02-11 14:36:12.929  3564-6235  OplusAthenaAm           system_server                        E  AthenaAmManagerInternal transact code hello:6,flags:0
2026-02-11 14:36:12.929  3564-6235  OplusAthenaAm           system_server                        E  AthenaAmManagerInternal transact code hello:7,flags:0
2026-02-11 14:36:12.929  3564-6235  OplusAthenaAm           system_server                        E  AthenaAmManagerInternal transact code hello:24,flags:0
2026-02-11 14:36:12.929  3564-5767  OplusBatte...iceFeature system_server                        D  setSmartCoolDown: coolDown = 7, normalCoolDown = 7, pkgName = com.android.launcher
2026-02-11 14:36:12.933  3564-5767  OplusBatte...iceFeature system_server                        D  setSmartCoolDown: coolDown = 7, normalCoolDown = 7, pkgName = com.android.launcher
2026-02-11 14:36:12.936  3564-4026  WindowManager           system_server                        V  Unknown focus tokens, dropping reportFocusChanged
2026-02-11 14:36:12.936  3564-4026  Accessibil...sPopulator system_server                        I  getInsensibleFlag flag = 0
2026-02-11 14:36:12.936  3564-4026  Accessibil...sPopulator system_server                        I  getInsensibleFlag flag = 0
2026-02-11 14:36:12.937  3564-4050  UserAwareMgr            system_server                        W  event can not be released, id: 1010, count: 261, releasePid: 3564
2026-02-11 14:36:12.937  3564-6235  OplusAthenaAm           system_server                        E  AthenaAmManagerInternal transact code hello:4,flags:0
2026-02-11 14:36:12.937  3564-6235  OplusAthenaAm           system_server                        E  AthenaAmManagerInternal transact code hello:4,flags:0
2026-02-11 14:36:12.937  3564-6235  OplusAthenaAm           system_server                        E  AthenaAmManagerInternal transact code hello:4,flags:0
2026-02-11 14:36:12.938  3564-6235  FlexibleTaskController  system_server                        D  check task which not have enough child, isInSingleWhiteList:false isCloneTask:false
2026-02-11 14:36:12.938  3564-5767  FlexibleTaskController  system_server                        D  check task which not have enough child, isInSingleWhiteList:false isCloneTask:false
2026-02-11 14:36:12.938  3564-6235  FlexibleTaskController  system_server                        D  check task which not have enough child, isInSingleWhiteList:false isCloneTask:false
2026-02-11 14:36:12.939  3564-6235  FlexibleTaskController  system_server                        D  check task which not have enough child, isInSingleWhiteList:false isCloneTask:false
2026-02-11 14:36:12.939  3564-6235  FlexibleTaskController  system_server                        D  check task which not have enough child, isInSingleWhiteList:false isCloneTask:false
2026-02-11 14:36:12.941  3564-4027  DisplayModeDirector     system_server                        D  setAppRequest displayId : 201  modeId: 0  requestedRefreshRate: 0.0  requestedMinRefreshRateRange: 0.0  requestedMaxRefreshRateRange: 0.0
2026-02-11 14:36:12.941  3564-4776  Handwritin...Controller system_server                        E  Cannot get requestId: Handwriting was not initialized.
2026-02-11 14:36:12.942  3564-4027  DisplayModeDirector     system_server                        D  setAppRequest displayId : 0  modeId: 2  requestedRefreshRate: 0.0  requestedMinRefreshRateRange: 0.0  requestedMaxRefreshRateRange: 120.00001
2026-02-11 14:36:12.960  3564-4131  PowerManagerService     system_server                        D  userActivityNoUpdateLocked: groupId=0, eventTime=25229776, event=touch, flags=0x0, uid=1000
2026-02-11 14:36:12.966  3564-4048  AppProfilerExtImpl      system_server                        D  Skipped pss collection for CPU busy
2026-02-11 14:36:12.966  3564-5598  ActivityManager         system_server                        I  Death received, pid = 10412, processName = com.android.providers.calendar for thread android.os.BinderProxy@bcafd47
2026-02-11 14:36:12.967  3564-5217  ActivityManager         system_server                        I  Process com.android.providers.calendar (pid 10412) has died: cch+45 CEM 
2026-02-11 14:36:12.968  3564-4738  ActivityManager         system_server                        D  reportOneUidFrozenStateChanged uid 10234 frozen = false
2026-02-11 14:36:12.975  3564-5767  ActivityManager         system_server                        I  Death received, pid = 11918, processName = ru.kinopoisk:passport for thread android.os.BinderProxy@c711d26
2026-02-11 14:36:12.975  3564-9057  ActivityManager         system_server                        I  Process ru.kinopoisk:passport (pid 11918) has died: cch+35 CEM 
2026-02-11 14:36:12.985  3564-6112  ActivityManager         system_server                        I  Death received, pid = 9452, processName = com.oplus.romupdate for thread android.os.BinderProxy@b345f12
2026-02-11 14:36:12.985  3564-5217  ActivityManager         system_server                        I  Process com.oplus.romupdate (pid 9452) has died: cch+55 CEM 
2026-02-11 14:36:12.986  3564-4738  ActivityManager         system_server                        D  reportOneUidFrozenStateChanged uid 10221 frozen = false
2026-02-11 14:36:12.989  3564-5767  StatusBarManagerService system_server                        I  disableLocked, what:920000, pkg:com.android.launcher userId: 0 token:android.os.BinderProxy@43026e3 net1:920000 net2:0
2026-02-11 14:36:12.990  3564-5767  ActivityManager         system_server                        I  Death received, pid = 10708, processName = com.google.android.webview:webview_service for thread android.os.BinderProxy@aebe8e0
2026-02-11 14:36:12.990  3564-9057  ActivityManager         system_server                        I  Process com.google.android.webview:webview_service (pid 10708) has died: cch+45 CEM 
2026-02-11 14:36:12.991  3564-4738  ActivityManager         system_server                        D  reportOneUidFrozenStateChanged uid 10181 frozen = false
2026-02-11 14:36:12.992  3564-4024  OplusPanor...Controller system_server                        D  notifyMotionUpOrCancel
2026-02-11 14:36:12.992  3564-4131  PowerManagerService     system_server                        D  userActivityNoUpdateLocked: groupId=0, eventTime=25229806, event=other, flags=0x0, uid=1000
2026-02-11 14:36:12.992  5065-27695 ShellRecents            com.android.systemui                 V  [222965012] RecentsController.detachNavigationBarFromApp
2026-02-11 14:36:12.996  3564-4050  UserAwareMgr            system_server                        W  no matched scene event: 2027
2026-02-11 14:36:12.996  3564-6470  OplusWallp...ionManager system_server                        D  cancelSurfaceAnimation reason: play_animation, isAnimating: false, by window: Window{4dd157d u0 com.android.launcher/com.android.launcher.Launcher}
2026-02-11 14:36:12.996  3564-6470  OplusWallp...ionManager system_server                        D  startScaleAnimation frame: Rect(0, 0 - 1264, 2780) parentFrame: Rect(0, 0 - 1264, 2780) from: 1.2 to: 1.0 duration: 1000 mTargetZoom: -1.0 targetZoom: -1.0 by window: Window{4dd157d u0 com.android.launcher/com.android.launcher.Launcher}
2026-02-11 14:36:12.996  3564-6470  OplusWallp...ionManager system_server                        D  cancelSurfaceAnimation reason: play_animation, isAnimating: false, by window: Window{4dd157d u0 com.android.launcher/com.android.launcher.Launcher}
2026-02-11 14:36:12.996  3564-6470  OplusWallp...ionManager system_server                        D  startScaleAnimation frame: Rect(0, 0 - 1264, 2780) parentFrame: Rect(0, 0 - 1264, 2780) from: 1.2 to: 1.0 duration: 1000 mTargetZoom: -1.0 targetZoom: -1.0 by window: Window{4dd157d u0 com.android.launcher/com.android.launcher.Launcher}
2026-02-11 14:36:12.997  3564-3916  FlexibleTaskController  system_server                        D  hideZoomWindow flag = 12 ,caller = 5339
2026-02-11 14:36:12.997  3564-3916  FlexibleTaskController  system_server                        D  hideZoomWindow
2026-02-11 14:36:12.998  3564-4028  OplusWallp...eAnimation system_server                        D  setAnimationState curState: INITIALIZED
2026-02-11 14:36:12.999  3564-4028  OplusWallp...ionManager system_server                        D  onAnimationStart
2026-02-11 14:36:12.999  3564-4028  OplusWallp...ionManager system_server                        D  setSkipUpdateWallpaperPosition skip: true, wallpaper: Window{80bcbd3 u0 com.heytap.colorfulengine.wallpaper.service.ColorfulWallpaperService}
2026-02-11 14:36:12.999  3564-4028  OplusWallp...eAnimation system_server                        D  setAnimationState curState: STARTED
2026-02-11 14:36:13.000  5065-5167  WindowManagerShell      com.android.systemui                 D  setLauncherKeepClearAreaHeight: visible=true, height=269
2026-02-11 14:36:13.012  3564-5527  ActivityManager         system_server                        I  Death received, pid = 10065, processName = com.coloros.colordirectservice for thread android.os.BinderProxy@4344e3f
2026-02-11 14:36:13.014  3564-5217  ActivityManager         system_server                        I  Process com.coloros.colordirectservice (pid 10065) has died: cch+75 CEM 
2026-02-11 14:36:13.016  3564-5217  ActivityManager         system_server                        W  pid 3564 system sent binder code 42 with flags 1 to frozen apps and got error -32
2026-02-11 14:36:13.017  3564-5217  ActivityManager         system_server                        W  pid 3564 system sent binder code 13 with flags 1 to frozen apps and got error -32
2026-02-11 14:36:13.017  3564-5217  ActivityManager         system_server                        D  Too many transaction errors, throttling freezer binder callback.
2026-02-11 14:36:13.017  3564-5217  ActivityManager         system_server                        W  Exception when unbinding service com.oplus.aiunit/.core.AIUnitService (Ask Gemini)
                                                                                                    android.os.DeadObjectException
                                                                                                    	at android.os.BinderProxy.transactNative(Native Method)
                                                                                                    	at android.os.BinderProxy.transact(BinderProxy.java:685)
                                                                                                    	at android.app.IApplicationThread$Stub$Proxy.scheduleUnbindService(IApplicationThread.java:1996)
                                                                                                    	at android.app.IApplicationThread$Delegator.scheduleUnbindService(IApplicationThread.java:322)
                                                                                                    	at com.android.server.am.ActiveServices.removeConnectionLocked(ActiveServices.java:7241)
                                                                                                    	at com.android.server.am.ActiveServices.killServicesLocked(ActiveServices.java:7866)
                                                                                                    	at com.android.server.am.ActivityManagerService.cleanUpApplicationRecordLocked(ActivityManagerService.java:14640)
                                                                                                    	at com.android.server.am.ActivityManagerService.handleAppDiedLocked(ActivityManagerService.java:3701)
                                                                                                    	at com.android.server.am.ActivityManagerService.appDiedLocked(ActivityManagerService.java:3909)
                                                                                                    	at com.android.server.am.ActivityManagerServiceExtImpl$2.run(ActivityManagerServiceExtImpl.java:2480)
                                                                                                    	at java.util.concurrent.ThreadPoolExecutor.runWorker(ThreadPoolExecutor.java:1154)
                                                                                                    	at java.util.concurrent.ThreadPoolExecutor$Worker.run(ThreadPoolExecutor.java:652)
                                                                                                    	at com.android.server.DeathRecipientTaskExecutors$1.lambda$newThread$0(DeathRecipientTaskExecutors.java:51)
                                                                                                    	at com.android.server.DeathRecipientTaskExecutors$1$$ExternalSyntheticLambda0.run(D8$$SyntheticClass:0)
                                                                                                    	at java.lang.Thread.run(Thread.java:1563)
2026-02-11 14:36:13.017  3564-5217  ActivityManager         system_server                        W  pid 3564 system sent binder code 32 with flags 1 to frozen apps and got error -32
2026-02-11 14:36:13.017  3564-5217  ActivityManager         system_server                        D  Too many transaction errors, throttling freezer binder callback.
2026-02-11 14:36:13.017  3564-5217  ActivityManager         system_server                        W  pid 3564 system sent binder code 42 with flags 1 to frozen apps and got error -32
2026-02-11 14:36:13.017  3564-5217  ActivityManager         system_server                        D  Too many transaction errors, throttling freezer binder callback.
2026-02-11 14:36:13.017  3564-5101  ActivityManager         system_server                        I  Death received, pid = 9592, processName = com.oplus.aiunit for thread android.os.BinderProxy@6401455
2026-02-11 14:36:13.017  3564-5101  OplusAppSw...gerService system_server                        I  hanldeBinderDied
2026-02-11 14:36:13.017  3564-5101  OplusAppSw...gerService system_server                        I  appswitch unregisterAppSwitchObserver pkgName = com.oplus.aiunit_78587070 config = OplusAppSwitchConfig = {  observerFingerPrint = 228167545}
2026-02-11 14:36:13.017  3564-5101  OplusAppSw...Dispatcher system_server                        I  unregisterAppSwitchObserver ok, pkgName = com.oplus.aiunit info = OplusAppSwitchRuleInfo = {  observer = null observerFingerPrint = 228167545}
2026-02-11 14:36:13.018  3564-5217  ActivityManager         system_server                        I  Process com.oplus.aiunit (pid 9592) has died: cch+5 CEM 
2026-02-11 14:36:13.018  3564-4738  ActivityManager         system_server                        W  pid 9084 received async transactions while frozen
2026-02-11 14:36:13.039  3564-5598  ActivityManager         system_server                        I  Death received, pid = 11901, processName = ru.kinopoisk:AppMetrica for thread android.os.BinderProxy@5fae513
2026-02-11 14:36:13.039  3564-9057  ActivityManager         system_server                        I  Process ru.kinopoisk:AppMetrica (pid 11901) has died: cch+15 CEM 
2026-02-11 14:36:13.039  3564-4583  ActivityManager         system_server                        I  Death received, pid = 9084, processName = com.android.settings.intelligence for thread android.os.BinderProxy@4f2f73c
2026-02-11 14:36:13.040  3564-5365  ActivityManager         system_server                        I  Death received, pid = 10220, processName = com.oplus.calendar for thread android.os.BinderProxy@c965b68
2026-02-11 14:36:13.041  3564-5217  ActivityManager         system_server                        I  Process com.android.settings.intelligence (pid 9084) has died: cch+30 CACC
2026-02-11 14:36:13.041  3564-3917  ActivityManager         system_server                        I  Death received, pid = 11700, processName = ru.yandex.taxi for thread android.os.BinderProxy@edc78d2
2026-02-11 14:36:13.041  3564-5103  ActivityManager         system_server                        I  Death received, pid = 10257, processName = com.oplus.screenrecorder for thread android.os.BinderProxy@72fbcc5
2026-02-11 14:36:13.042  3564-9057  ActivityManager         system_server                        I  Process com.oplus.calendar (pid 10220) has died: cch+55 CEM 
2026-02-11 14:36:13.043  3564-5598  ActivityManager         system_server                        I  Death received, pid = 11701, processName = ru.kinopoisk for thread android.os.BinderProxy@29cc59
2026-02-11 14:36:13.043  3564-5217  ActivityManager         system_server                        I  Process ru.yandex.taxi (pid 11700) has died: cch+25 CEM 
2026-02-11 14:36:13.044  3564-9057  ActivityManager         system_server                        I  Process com.oplus.screenrecorder (pid 10257) has died: cch+65 CEM 
2026-02-11 14:36:13.046  3564-5217  ActivityManager         system_server                        I  Process ru.kinopoisk (pid 11701) has died: cch+5 CEM 
2026-02-11 14:36:13.052  3564-5004  OAppNetControlService   system_server                        D  Hans update:[10365=false][0|0] blackList:[10436, 10362, 10425, 10386]
2026-02-11 14:36:13.052  3564-5004  OAppNetControlService   system_server                        D  Hans update:[10386=false][0|0] blackList:[10436, 10362, 10425]
2026-02-11 14:36:13.070  3564-5789  CompatChangeReporter    system_server                        D  Compat change id reported: 311208629; UID 10241; state: ENABLED
2026-02-11 14:36:13.081  3564-4026  Accessibil...sPopulator system_server                        I  getInsensibleFlag flag = 0
2026-02-11 14:36:13.082  3564-4050  UserAwareMgr            system_server                        W  event can not be released, id: 1010, count: 261, releasePid: 3564
2026-02-11 14:36:13.083  6271-6271  ContextImpl             com.android.settings                 W  Calling a method in the system process without a qualified user: android.app.ContextImpl.bindService:2135 android.content.ContextWrapper.bindService:901 android.content.ContextWrapper.bindService:901 com.oplus.settings.feature.homepage.search.SearchPresenter.bindSearchService:133 com.oplus.settings.feature.homepage.search.SearchPresenter.s:0 
