2026-02-11 15:16:03.454 10693-10722 HWUI                    com.creysvpn.app                     D  SkiaVulkanPipeline::setSurface: this=0xb4000073041c0e80, surface=NULL
2026-02-11 15:16:03.455 10693-10722 BufferQueueProducer     com.creysvpn.app                     D  [VRI[VpnActivity]#4(BLAST Consumer)4](id:29c500000004,api:1,p:10693,c:10693) disconnect: api 1
2026-02-11 15:16:03.455 10693-10722 BLASTBufferQueue        com.creysvpn.app                     D  [VRI[VpnActivity]#4](f:0,a:1) destructor()
2026-02-11 15:16:03.455 10693-10722 BufferQueueConsumer     com.creysvpn.app                     D  [VRI[VpnActivity]#4(BLAST Consumer)4](id:29c500000004,api:0,p:-1,c:10693) disconnect
2026-02-11 15:16:03.456 10693-10743 PCAP                    com.creysvpn.app                     I  Filtered port: 443 (not 5-digit)
2026-02-11 15:16:03.460 10693-10693 ViewRootImplExtImpl     com.creysvpn.app                     D  wrapConfigInfoIntoFlags rotation=0, smallestScreenWidthDp=361, residentWS=false, scenario=0, bounds=Rect(0, 0 - 1264, 2780), relayoutAsync=false, flags=0, newFlags=1457532192, title=com.creysvpn.app/com.creysvpn.app.VpnActivity
2026-02-11 15:16:03.460  3564-5144  WindowManager           system_server                        V  Relayout Window{2f8fc95 u0 com.creysvpn.app/com.creysvpn.app.VpnActivity}: viewVisibility=4, oldvis=0, req=1264x2780 , apr = 0, vsysui=
2026-02-11 15:16:03.467 10693-10693 VRI[VpnActivity]        com.creysvpn.app                     D  relayoutWindow result, sizeChanged:false, surfaceControlChanged:true, transformHintChanged:false, mSurfaceSize:Point(1264, 2780), mLastSurfaceSize:Point(1264, 2780), mWidth:1264, mHeight:2780, requestedWidth:1264, requestedHeight:2780, transformHint:0, installOrientation:0, displayRotation:0, isSurfaceValid:false, attr.flag:-2122252032, tmpFrames:ClientWindowFrames{frame=[0,0][1264,2780] display=[0,0][1264,2780] parentFrame=[0,0][0,0]}, relayoutAsync:false, mSyncSeqId:0
2026-02-11 15:16:03.468 10693-10743 PCAP                    com.creysvpn.app                     I  Filtered port: 443 (not 5-digit)
2026-02-11 15:16:03.473  3564-6112  WindowManager           system_server                        D  NFW_setClientVisible:ActivityRecord{130275029 u0 com.creysvpn.app/.VpnActivity t9583} clientVisible:false
2026-02-11 15:16:03.473  3564-6112  WindowManager           system_server                        I  Window{2f8fc95 u0 com.creysvpn.app/com.creysvpn.app.VpnActivity} state from HAS_DRAWN to DRAW_PENDING; reason: resetDrawState
2026-02-11 15:16:03.473 10693-10706 VRI[VpnActivity]        com.creysvpn.app                     D  dispatchAppVisibility visible:false mUpcomingWindowFocus:false
2026-02-11 15:16:03.473  3564-6112  WindowManager           system_server                        I  Window{2f8fc95 u0 com.creysvpn.app/com.creysvpn.app.VpnActivity} state from DRAW_PENDING to NO_SURFACE; reason: destroySurface
2026-02-11 15:16:03.474  3564-6112  OplusStart...dowManager system_server                        D  skip remove starting window for activity = ActivityRecord{130275029 u0 com.creysvpn.app/.VpnActivity t9583} ,ar != topActivityContainsStartingWindow on activityStopped
2026-02-11 15:16:03.486  2354-7770  AudioFlingerExtImpl     audioserver                          D  AudioFlingerExtImpl oplusSetParameters: keyvalue onForegroundActivitiesChanged=com.creysvpn.app:foreground:0|10469:10693
2026-02-11 15:16:03.490  3564-6985  OStatsManager_Calc      system_server                        I  add screen power pkgName = com.creysvpn.app, uid = 10469, power = 204.08295000018552, is Fg = true, fore size = 2, mScale = 1.0
2026-02-11 15:16:03.490  3564-6985  OStatsManager_Calc      system_server                        I  noteBeforePkgSwitch change = true, curTime = 28369235, com.creysvpn.app, fg = true
2026-02-11 15:16:03.490  3564-6985  OStatsMana...atsManager system_server                        I  updateStateTime: PkgName = com.creysvpn.app, uid = 10469, state to bg, mForegroundCnt = 0, isFg = false
2026-02-11 15:16:03.490  3564-6985  OStatsMana...atsManager system_server                        I  notePkgBackground [com.android.launcher10244], uid = 10469, pid = 10693, pkgName = com.creysvpn.app
2026-02-11 15:16:03.494 10693-10722 HWUI                    com.creysvpn.app                     D  SkiaVulkanPipeline::setSurface: this=0xb400007304285e80, surface=NULL
2026-02-11 15:16:03.507 10693-10722 HWUI                    com.creysvpn.app                     D  SkiaVulkanPipeline::setSurface: this=0xb400007304285840, surface=NULL
2026-02-11 15:16:03.509 10693-10722 HWUI                    com.creysvpn.app                     D  SkiaVulkanPipeline::setSurface: this=0xb400007304286600, surface=NULL
2026-02-11 15:16:03.518 10693-10722 HWUI                    com.creysvpn.app                     D  SkiaVulkanPipeline::setSurface: this=0xb400007304286740, surface=NULL
2026-02-11 15:16:03.539 10693-10743 PCAP                    com.creysvpn.app                     I  Filtered port: 443 (not 5-digit)
2026-02-11 15:16:03.550 10693-10743 PCAP                    com.creysvpn.app                     I  Filtered port: 443 (not 5-digit)
2026-02-11 15:16:03.560 10693-10743 PCAP                    com.creysvpn.app                     I  Filtered port: 443 (not 5-digit)
2026-02-11 15:16:03.571 10693-10743 PCAP                    com.creysvpn.app                     I  Filtered port: 443 (not 5-digit)
2026-02-11 15:16:03.726 10693-10743 PCAP                    com.creysvpn.app                     I  Filtered port: 443 (not 5-digit)
2026-02-11 15:16:03.746 10693-10743 PCAP                    com.creysvpn.app                     I  Filtered port: 443 (not 5-digit)
2026-02-11 15:16:03.777 10693-10743 PCAP                    com.creysvpn.app                     I  Filtered port: 443 (not 5-digit)
2026-02-11 15:16:03.790  5941-8279  ActivityAdapter         com.oplus.subsys                     D  app com.creysvpn.app; com.creysvpn.app.VpnActivity; 1; COMMON; 10469 exit
2026-02-11 15:16:03.790  5941-8279  ActivityAdapter         com.oplus.subsys                     D  isEnterBGAppScene, mActiveUidMap has no app com.creysvpn.app
2026-02-11 15:16:03.791  3564-4026  AppSenseClient          system_server                        D  notifyAppEvent: pkgName: com.creysvpn.app,activityName:com.creysvpn.app.VpnActivity;state: 0;event: COMMON;type: 0;subEvent: 0;pid: 10693;uid: 10469
2026-02-11 15:16:03.791  5746-6045  AppSenseClient          com.oplus.nas                        D  notifyAppEvent: pkgName: com.creysvpn.app,activityName:com.creysvpn.app.VpnActivity;state: 0;event: COMMON;type: 0;subEvent: 0;pid: 10693;uid: 10469
2026-02-11 15:16:03.792  5746-6045  NAS-DataSceneEvent      com.oplus.nas                        D  new event: event=0, state=0, pkg=com.creysvpn.app, type=0, subEvent=0
2026-02-11 15:16:03.792  5759-5759  AppSenseClient          com.oplus.nhs                        D  notifyAppEvent: pkgName: com.creysvpn.app,activityName:com.creysvpn.app.VpnActivity;state: 0;event: COMMON;type: 0;subEvent: 0;pid: 10693;uid: 10469
2026-02-11 15:16:03.792  5759-5759  NhsAppSenseListener     com.oplus.nhs                        D  new event: event=0, state=0, pkg=com.creysvpn.app, type=0, subEvent=0
2026-02-11 15:16:03.792  5671-6128  AppSenseClient          com.android.phone                    D  notifyAppEvent: pkgName: com.creysvpn.app,activityName:com.creysvpn.app.VpnActivity;state: 0;event: COMMON;type: 0;subEvent: 0;pid: 10693;uid: 10469
2026-02-11 15:16:03.798 10693-10743 PCAP                    com.creysvpn.app                     I  Filtered port: 443 (not 5-digit)
2026-02-11 15:16:03.869 10693-10743 PCAP                    com.creysvpn.app                     I  Filtered port: 443 (not 5-digit)
2026-02-11 15:16:03.911  3564-5156  OsenseKillAction        system_server                        I  KillAction: don't check adj for non perceptible fgs app: ProcessInfo{10693:com.creysvpn.app/u0a469 oom:FGS/99/50/fg-service-act mem:0/67/44}
2026-02-11 15:16:04.057 10693-10743 PCAP                    com.creysvpn.app                     I  Filtered port: 443 (not 5-digit)
2026-02-11 15:16:04.067 10693-10743 PCAP                    com.creysvpn.app                     I  Filtered port: 443 (not 5-digit)
2026-02-11 15:16:04.078 10693-10743 PCAP                    com.creysvpn.app                     I  Filtered port: 443 (not 5-digit)
2026-02-11 15:16:04.088 10693-10743 PCAP                    com.creysvpn.app                     I  Filtered port: 443 (not 5-digit)
2026-02-11 15:16:04.102 10693-10743 PCAP                    com.creysvpn.app                     I  Filtered port: 443 (not 5-digit)
2026-02-11 15:16:04.134 10693-10743 PCAP                    com.creysvpn.app                     I  Filtered port: 443 (not 5-digit)
2026-02-11 15:16:04.144 10693-10743 PCAP                    com.creysvpn.app                     I  Filtered port: 443 (not 5-digit)
2026-02-11 15:16:04.227 10693-10743 PCAP                    com.creysvpn.app                     I  Filtered port: 443 (not 5-digit)
2026-02-11 15:16:04.233  5065-5065  SystemUi--Notification  com.android.systemui                 I  OplusNotificationLogger-->TOAST-->hideToast , pkg = com.creysvpn.app, uid = no_need_print , token = android.os.BinderProxy@5682df8 , content = no_need_print
2026-02-11 15:16:04.242 10693-10743 PCAP                    com.creysvpn.app                     I  Filtered port: 443 (not 5-digit)
2026-02-11 15:16:04.283 10693-10743 PCAP                    com.creysvpn.app                     I  Filtered port: 443 (not 5-digit)
2026-02-11 15:16:04.314 10693-10743 PCAP                    com.creysvpn.app                     I  Filtered port: 443 (not 5-digit)
2026-02-11 15:16:04.367 10693-10743 PCAP                    com.creysvpn.app                     I  Filtered port: 443 (not 5-digit)
2026-02-11 15:16:04.412 10693-10743 PCAP                    com.creysvpn.app                     I  Filtered port: 443 (not 5-digit)
2026-02-11 15:16:04.444 10693-10743 PCAP                    com.creysvpn.app                     I  Filtered port: 443 (not 5-digit)
2026-02-11 15:16:04.498  3564-6112  NotificationService     system_server                        W  Toast already killed. pkg=com.creysvpn.app token=android.os.BinderProxy@780221f
2026-02-11 15:16:04.599 10693-10743 PCAP                    com.creysvpn.app                     I  Filtered port: 443 (not 5-digit)
2026-02-11 15:16:04.632 10693-10743 PCAP                    com.creysvpn.app                     I  Filtered port: 123 (not 5-digit)
2026-02-11 15:16:04.793 10693-10743 PCAP                    com.creysvpn.app                     I  Filtered port: 443 (not 5-digit)
2026-02-11 15:16:04.823 10693-10743 PCAP                    com.creysvpn.app                     I  Filtered port: 443 (not 5-digit)
2026-02-11 15:16:04.874 10693-10743 PCAP                    com.creysvpn.app                     I  Filtered port: 443 (not 5-digit)
2026-02-11 15:16:04.894 10693-10743 PCAP                    com.creysvpn.app                     I  Filtered port: 443 (not 5-digit)
2026-02-11 15:16:04.955  3564-5156  OsenseKillAction        system_server                        I  KillAction: don't check adj for non perceptible fgs app: ProcessInfo{10693:com.creysvpn.app/u0a469 oom:FGS/108/50/fg-service-act mem:0/66/45}
2026-02-11 15:16:04.965 10693-10743 PCAP                    com.creysvpn.app                     I  Filtered port: 443 (not 5-digit)
2026-02-11 15:16:04.975 10693-10743 PCAP                    com.creysvpn.app                     I  Filtered port: 443 (not 5-digit)
2026-02-11 15:16:05.088 10693-10743 PCAP                    com.creysvpn.app                     I  Filtered port: 443 (not 5-digit)
2026-02-11 15:16:05.118 10693-10743 PCAP                    com.creysvpn.app                     I  Filtered port: 443 (not 5-digit)
2026-02-11 15:16:05.149 10693-10743 PCAP                    com.creysvpn.app                     I  Filtered port: 443 (not 5-digit)
2026-02-11 15:16:05.161 10693-10743 PCAP                    com.creysvpn.app                     I  Filtered port: 443 (not 5-digit)
2026-02-11 15:16:05.244 10693-10743 PCAP                    com.creysvpn.app                     I  Filtered port: 443 (not 5-digit)
2026-02-11 15:16:05.347 10693-10743 PCAP                    com.creysvpn.app                     I  Filtered port: 443 (not 5-digit)
2026-02-11 15:16:05.415  3564-3564  TrimMemoryHandler       system_server                        D  Unable do gfx trim on fg process: ProcessRecord{fb8e40d 10693:com.creysvpn.app/u0a469}, state=4
2026-02-11 15:16:05.441 10693-10743 PCAP                    com.creysvpn.app                     I  Filtered port: 443 (not 5-digit)
2026-02-11 15:16:05.452 10693-10743 PCAP                    com.creysvpn.app                     I  Filtered port: 443 (not 5-digit)
2026-02-11 15:16:05.464 10693-10743 PCAP                    com.creysvpn.app                     I  Filtered port: 7 (not 5-digit)
2026-02-11 15:16:05.475 10693-10743 PCAP                    com.creysvpn.app                     I  Filtered port: 443 (not 5-digit)
2026-02-11 15:16:05.530 10693-10743 PCAP                    com.creysvpn.app                     I  Filtered port: 443 (not 5-digit)
2026-02-11 15:16:05.601 10693-10743 PCAP                    com.creysvpn.app                     I  Filtered port: 443 (not 5-digit)
2026-02-11 15:16:05.755 10693-10743 PCAP                    com.creysvpn.app                     I  Filtered port: 9339 (not 5-digit)
2026-02-11 15:16:05.802 10693-10743 PCAP                    com.creysvpn.app                     I  Filtered port: 443 (not 5-digit)
2026-02-11 15:16:05.824 10693-10743 PCAP                    com.creysvpn.app                     I  Filtered port: 443 (not 5-digit)
2026-02-11 15:16:05.844 10693-10743 PCAP                    com.creysvpn.app                     I  Filtered port: 123 (not 5-digit)
2026-02-11 15:16:05.854 10693-10743 PCAP                    com.creysvpn.app                     I  Filtered port: 5222 (not 5-digit)
2026-02-11 15:16:05.886 10693-10743 PCAP                    com.creysvpn.app                     I  Filtered port: 443 (not 5-digit)
2026-02-11 15:16:05.896 10693-10743 PCAP                    com.creysvpn.app                     I  Filtered port: 443 (not 5-digit)
2026-02-11 15:16:05.906 10693-10743 PCAP                    com.creysvpn.app                     I  Filtered port: 5223 (not 5-digit)
2026-02-11 15:16:05.916 10693-10743 PCAP                    com.creysvpn.app                     I  Filtered port: 443 (not 5-digit)
2026-02-11 15:16:05.978 10693-10743 PCAP                    com.creysvpn.app                     I  Filtered port: 443 (not 5-digit)
2026-02-11 15:16:05.989 10693-10743 PCAP                    com.creysvpn.app                     I  Filtered port: 443 (not 5-digit)
2026-02-11 15:16:06.009 10693-10743 PCAP                    com.creysvpn.app                     I  Filtered port: 443 (not 5-digit)
2026-02-11 15:16:06.030 10693-10743 PCAP                    com.creysvpn.app                     I  Filtered port: 443 (not 5-digit)
2026-02-11 15:16:06.063 10693-10743 PCAP                    com.creysvpn.app                     I  Filtered port: 443 (not 5-digit)
2026-02-11 15:16:06.080 10693-10743 PCAP                    com.creysvpn.app                     I  Filtered port: 443 (not 5-digit)
2026-02-11 15:16:06.113 10693-10743 PCAP                    com.creysvpn.app                     I  Filtered port: 443 (not 5-digit)
2026-02-11 15:16:06.137 10693-10743 PCAP                    com.creysvpn.app                     I  Filtered port: 443 (not 5-digit)
2026-02-11 15:16:06.169 10693-10743 PCAP                    com.creysvpn.app                     I  Filtered port: 443 (not 5-digit)
2026-02-11 15:16:06.180 10693-10743 PCAP                    com.creysvpn.app                     I  Filtered port: 443 (not 5-digit)
2026-02-11 15:16:06.204 10693-10743 PCAP                    com.creysvpn.app                     I  Filtered port: 443 (not 5-digit)
2026-02-11 15:16:06.216 10693-10743 PCAP                    com.creysvpn.app                     I  Filtered port: 443 (not 5-digit)
2026-02-11 15:16:06.226 10693-10743 PCAP                    com.creysvpn.app                     I  Filtered port: 443 (not 5-digit)
2026-02-11 15:16:06.236 10693-10743 PCAP                    com.creysvpn.app                     I  Filtered port: 443 (not 5-digit)
2026-02-11 15:16:06.267 10693-10743 PCAP                    com.creysvpn.app                     I  Filtered port: 443 (not 5-digit)
2026-02-11 15:16:06.279 10693-10743 PCAP                    com.creysvpn.app                     I  Filtered port: 443 (not 5-digit)
2026-02-11 15:16:06.299 10693-10743 PCAP                    com.creysvpn.app                     I  Filtered port: 443 (not 5-digit)
2026-02-11 15:16:06.363 10693-10743 PCAP                    com.creysvpn.app                     I  Filtered port: 443 (not 5-digit)
2026-02-11 15:16:06.464 10693-10743 PCAP                    com.creysvpn.app                     I  Filtered port: 443 (not 5-digit)
2026-02-11 15:16:06.476 10693-10743 PCAP                    com.creysvpn.app                     I  Filtered port: 7 (not 5-digit)
2026-02-11 15:16:06.488 10693-10743 PCAP                    com.creysvpn.app                     I  Filtered port: 443 (not 5-digit)
2026-02-11 15:16:06.505 10693-10743 PCAP                    com.creysvpn.app                     I  Filtered port: 443 (not 5-digit)
2026-02-11 15:16:06.516 10693-10743 PCAP                    com.creysvpn.app                     I  Filtered port: 443 (not 5-digit)
2026-02-11 15:16:06.529 10693-10743 PCAP                    com.creysvpn.app                     I  Filtered port: 5228 (not 5-digit)
2026-02-11 15:16:06.564 10693-10743 PCAP                    com.creysvpn.app                     I  Filtered port: 443 (not 5-digit)
2026-02-11 15:16:06.628 10693-10743 PCAP                    com.creysvpn.app                     I  Filtered port: 443 (not 5-digit)
2026-02-11 15:16:06.659 10693-10743 PCAP                    com.creysvpn.app                     I  Filtered port: 443 (not 5-digit)
2026-02-11 15:16:06.709 10693-10743 PCAP                    com.creysvpn.app                     I  Filtered port: 443 (not 5-digit)
2026-02-11 15:16:06.811 10693-10743 PCAP                    com.creysvpn.app                     I  Filtered port: 443 (not 5-digit)
2026-02-11 15:16:06.842 10693-10743 PCAP                    com.creysvpn.app                     I  Filtered port: 5222 (not 5-digit)
2026-02-11 15:16:06.852 10693-10743 PCAP                    com.creysvpn.app                     I  Filtered port: 443 (not 5-digit)
2026-02-11 15:16:06.913 10693-10743 PCAP                    com.creysvpn.app                     I  Filtered port: 443 (not 5-digit)
2026-02-11 15:16:06.923 10693-10743 PCAP                    com.creysvpn.app                     I  Filtered port: 5223 (not 5-digit)
2026-02-11 15:16:06.933 10693-10743 PCAP                    com.creysvpn.app                     I  Filtered port: 443 (not 5-digit)
2026-02-11 15:16:06.943 10693-10743 PCAP                    com.creysvpn.app                     I  Filtered port: 443 (not 5-digit)
2026-02-11 15:16:07.009 10693-10743 PCAP                    com.creysvpn.app                     I  Filtered port: 443 (not 5-digit)
2026-02-11 15:16:07.019 10693-10743 PCAP                    com.creysvpn.app                     I  Filtered port: 443 (not 5-digit)
2026-02-11 15:16:07.032  3564-5156  OsenseKillAction        system_server                        I  KillAction: don't check adj for non perceptible fgs app: ProcessInfo{10693:com.creysvpn.app/u0a469 oom:FGS/115/50/fg-service-act mem:0/65/48}
2026-02-11 15:16:07.039 10693-10743 PCAP                    com.creysvpn.app                     I  Filtered port: 443 (not 5-digit)
2026-02-11 15:16:07.049 10693-10743 PCAP                    com.creysvpn.app                     I  Filtered port: 443 (not 5-digit)
2026-02-11 15:16:07.069 10693-10743 PCAP                    com.creysvpn.app                     I  Filtered port: 443 (not 5-digit)
2026-02-11 15:16:07.084 10693-10743 PCAP                    com.creysvpn.app                     I  Filtered port: 443 (not 5-digit)
2026-02-11 15:16:07.094 10693-10743 PCAP                    com.creysvpn.app                     I  Filtered port: 123 (not 5-digit)
2026-02-11 15:16:07.115 10693-10743 PCAP                    com.creysvpn.app                     I  Filtered port: 443 (not 5-digit)
2026-02-11 15:16:07.126 10693-10743 PCAP                    com.creysvpn.app                     I  Filtered port: 443 (not 5-digit)
2026-02-11 15:16:07.136  3564-5156  OsenseKillAction        system_server                        I  KillAction: don't check adj for non perceptible fgs app: ProcessInfo{10693:com.creysvpn.app/u0a469 oom:FGS/115/50/fg-service-act mem:0/65/48}
2026-02-11 15:16:07.136 10693-10743 PCAP                    com.creysvpn.app                     I  Filtered port: 443 (not 5-digit)
2026-02-11 15:16:07.158 10693-10743 PCAP                    com.creysvpn.app                     I  Filtered port: 443 (not 5-digit)
2026-02-11 15:16:07.170 10693-10743 PCAP                    com.creysvpn.app                     I  Filtered port: 443 (not 5-digit)
2026-02-11 15:16:07.202 10693-10743 PCAP                    com.creysvpn.app                     I  Filtered port: 443 (not 5-digit)
2026-02-11 15:16:07.212 10693-10743 PCAP                    com.creysvpn.app                     I  Filtered port: 443 (not 5-digit)
2026-02-11 15:16:07.225 10693-10743 PCAP                    com.creysvpn.app                     I  Filtered port: 443 (not 5-digit)
2026-02-11 15:16:07.236 10693-10743 PCAP                    com.creysvpn.app                     I  Filtered port: 443 (not 5-digit)
2026-02-11 15:16:07.246 10693-10743 PCAP                    com.creysvpn.app                     I  Filtered port: 443 (not 5-digit)
2026-02-11 15:16:07.301 10693-10743 PCAP                    com.creysvpn.app                     I  Filtered port: 443 (not 5-digit)
2026-02-11 15:16:07.327 12876-12876 HMSPushLog61600302      com.huawei.hwid.core                 I  [PushKit NetworkChangeReceiver.java:42] intent networkInfo:[type: VPN[], state: CONNECTED/CONNECTED, reason: (unspecified), extra: VPN:com.creysvpn.app, failover: false, available: true, roaming: false]
2026-02-11 15:16:07.386 10693-10743 PCAP                    com.creysvpn.app                     I  Filtered port: 443 (not 5-digit)
2026-02-11 15:16:07.449 10693-10743 PCAP                    com.creysvpn.app                     I  Filtered port: 443 (not 5-digit)
2026-02-11 15:16:07.470 10693-10743 PCAP                    com.creysvpn.app                     I  Filtered port: 443 (not 5-digit)
2026-02-11 15:16:07.480 10693-10743 PCAP                    com.creysvpn.app                     I  Filtered port: 443 (not 5-digit)
2026-02-11 15:16:07.490 10693-10743 PCAP                    com.creysvpn.app                     I  Filtered port: 443 (not 5-digit)
2026-02-11 15:16:07.501 10693-10743 PCAP                    com.creysvpn.app                     I  Filtered port: 443 (not 5-digit)
2026-02-11 15:16:07.511 10693-10743 PCAP                    com.creysvpn.app                     I  Filtered port: 443 (not 5-digit)
2026-02-11 15:16:07.522 10693-10743 PCAP                    com.creysvpn.app                     I  Filtered port: 443 (not 5-digit)
2026-02-11 15:16:07.532 10693-10743 PCAP                    com.creysvpn.app                     I  Filtered port: 7 (not 5-digit)
2026-02-11 15:16:07.542 10693-10743 PCAP                    com.creysvpn.app                     I  Filtered port: 443 (not 5-digit)
2026-02-11 15:16:07.553 10693-10743 PCAP                    com.creysvpn.app                     I  Filtered port: 443 (not 5-digit)
2026-02-11 15:16:07.588 10693-10743 PCAP                    com.creysvpn.app                     I  Filtered port: 443 (not 5-digit)
2026-02-11 15:16:07.599 10693-10743 PCAP                    com.creysvpn.app                     I  Filtered port: 443 (not 5-digit)
2026-02-11 15:16:07.609 10693-10743 PCAP                    com.creysvpn.app                     I  Filtered port: 443 (not 5-digit)
2026-02-11 15:16:07.641 10693-10743 PCAP                    com.creysvpn.app                     I  Filtered port: 443 (not 5-digit)
2026-02-11 15:16:07.676 10693-10743 PCAP                    com.creysvpn.app                     I  Filtered port: 443 (not 5-digit)
2026-02-11 15:16:07.707 10693-10743 PCAP                    com.creysvpn.app                     I  Filtered port: 443 (not 5-digit)
2026-02-11 15:16:07.734 10693-10743 PCAP                    com.creysvpn.app                     I  Filtered port: 443 (not 5-digit)
2026-02-11 15:16:07.778 10693-10743 PCAP                    com.creysvpn.app                     I  Filtered port: 443 (not 5-digit)
2026-02-11 15:16:07.789 10693-10743 PCAP                    com.creysvpn.app                     I  Filtered port: 443 (not 5-digit)
2026-02-11 15:16:07.819 10693-10743 PCAP                    com.creysvpn.app                     I  Filtered port: 7 (not 5-digit)
2026-02-11 15:16:07.839 10693-10743 PCAP                    com.creysvpn.app                     I  Filtered port: 443 (not 5-digit)
2026-02-11 15:16:07.869 10693-10743 PCAP                    com.creysvpn.app                     I  Filtered port: 5222 (not 5-digit)
2026-02-11 15:16:07.879 10693-10743 PCAP                    com.creysvpn.app                     I  Filtered port: 443 (not 5-digit)
2026-02-11 15:16:07.890 10693-10743 PCAP                    com.creysvpn.app                     I  Filtered port: 443 (not 5-digit)
2026-02-11 15:16:07.940 10693-10743 PCAP                    com.creysvpn.app                     I  Filtered port: 443 (not 5-digit)
2026-02-11 15:16:07.950 10693-10743 PCAP                    com.creysvpn.app                     I  Filtered port: 443 (not 5-digit)
2026-02-11 15:16:07.960 10693-10743 PCAP                    com.creysvpn.app                     I  Filtered port: 5223 (not 5-digit)
2026-02-11 15:16:07.970 10693-10743 PCAP                    com.creysvpn.app                     I  Filtered port: 443 (not 5-digit)
2026-02-11 15:16:07.990 14730-14843 SystemAlertManager      com.oplus.securitypermission         D  updateUserCfgMap mUserCfgMap:  {tg.hungry.wifi=0, com.creysvpn.app=0}
2026-02-11 15:16:08.034 10693-10743 PCAP                    com.creysvpn.app                     I  Filtered port: 443 (not 5-digit)
2026-02-11 15:16:08.044 10693-10743 PCAP                    com.creysvpn.app                     I  Filtered port: 443 (not 5-digit)
2026-02-11 15:16:08.065 10693-10743 PCAP                    com.creysvpn.app                     I  Filtered port: 443 (not 5-digit)
2026-02-11 15:16:08.076 10693-10743 PCAP                    com.creysvpn.app                     I  Filtered port: 443 (not 5-digit)
2026-02-11 15:16:08.086 10693-10743 PCAP                    com.creysvpn.app                     I  Filtered port: 443 (not 5-digit)
2026-02-11 15:16:08.096 10693-10743 PCAP                    com.creysvpn.app                     I  Filtered port: 443 (not 5-digit)
2026-02-11 15:16:08.106 10693-10743 PCAP                    com.creysvpn.app                     I  Filtered port: 443 (not 5-digit)
2026-02-11 15:16:08.129 10693-10743 PCAP                    com.creysvpn.app                     I  Filtered port: 443 (not 5-digit)
2026-02-11 15:16:08.140 10693-10743 PCAP                    com.creysvpn.app                     I  Filtered port: 443 (not 5-digit)
2026-02-11 15:16:08.160 10693-10743 PCAP                    com.creysvpn.app                     I  Filtered port: 443 (not 5-digit)
2026-02-11 15:16:08.171 10693-10743 PCAP                    com.creysvpn.app                     I  Filtered port: 443 (not 5-digit)
2026-02-11 15:16:08.219  3564-5156  OsenseKillAction        system_server                        I  KillAction: don't check adj for non perceptible fgs app: ProcessInfo{10693:com.creysvpn.app/u0a469 oom:FGS/116/50/fg-service-act mem:0/65/48}
2026-02-11 15:16:08.234 10693-10743 PCAP                    com.creysvpn.app                     I  Filtered port: 443 (not 5-digit)
2026-02-11 15:16:08.245 10693-10743 PCAP                    com.creysvpn.app                     I  Filtered port: 443 (not 5-digit)
2026-02-11 15:16:08.257 10693-10743 PCAP                    com.creysvpn.app                     I  Filtered port: 443 (not 5-digit)
2026-02-11 15:16:08.276 10693-10743 PCAP                    com.creysvpn.app                     I  Filtered port: 443 (not 5-digit)
2026-02-11 15:16:08.286 10693-10743 PCAP                    com.creysvpn.app                     I  Filtered port: 443 (not 5-digit)
2026-02-11 15:16:08.297 10693-10743 PCAP                    com.creysvpn.app                     I  Filtered port: 443 (not 5-digit)
2026-02-11 15:16:08.314  3564-6235  ActivityTaskManager     system_server                        D  after skip size:46,pre-Filtered:com.rldv1.switch2 # com.creysvpn.app # bsd.suitcase.release # tg.hungry.client # com.android.settings # ru.dedvpn.android # com.anthropic.claude # com.zhiliaoapp.musically # com.android.chrome # com.android.vending # com.gameloft.android.ANMP.GloftGGHM # com.android.settings # org.telegram.messenger # com.coloros.gallery3d # com.duolingo # com.google.android.youtube # com.deepseek.chat # com.lemon.lvoverseas # com.coloros.alarmclock # com.realsignal.packetcapturepro # com.oplus.camera # com.radolyn.ayugram # com.google.android.apps.docs # com.PlayMax.playergames # com.android.contacts # com.yandex.browser # andes.oplus.documentsreader # andes.oplus.documentsreader # ru.trashbox.tapk # net.apex_designs.payback2 # com.noorgames.basketbattle # com.adguard.vpn # ru.mes.dnevnik # com.picsart.studio # com.google.android.gm # com.meitu.wink # bin.mt.plus # com.google.android.documentsui # com.vkontakte.android # com.google.android.googlequicksearchbox # com.heytap.browser # com.android.mms # com.android.phone # com.discord # ru.yandex.music # com.vk.vkvideo # 
2026-02-11 15:16:08.342 10693-10743 PCAP                    com.creysvpn.app                     I  Filtered port: 443 (not 5-digit)
2026-02-11 15:16:08.357  3564-6350  Transition              system_server                        D  collectOrderChanges onTopTasksEnd: [Task{fb973b1 #9585 type=standard A=10245:com.rldv1.switch2}], reportedOnTop:null, mOnTopTasksStart: [Task{fb973b1 #9585 type=standard A=10245:com.rldv1.switch2}], TDA child: [Task{544bd5a #9337 type=undefined A=10382:com.anthropic.claude}, Task{4c73e12 #9541 type=standard A=1000:.applications.InstalledAppDetailsTop}, Task{fb8da48 #9549 type=standard A=10157:com.oppo.gallery3d.app.Gallery}, Task{e64325e #9545 type=standard A=10339:com.duolingo}, Task{d3796b3 #2 type=undefined}, Task{245c3ca #9535 type=standard A=10186:com.google.android.youtube}, Task{cc0952c #9533 type=standard A=10375:org.telegram.messenger}, Task{eb959dc #9568 type=standard A=10268:com.gameloft.android.ANMP.GloftGGHM nonResizable}, Task{9292532 #9547 type=standard A=10125:com.android.vending}, Task{2dd9047 #9543 type=standard A=10174:com.android.chrome}, Task{e01704b #9560 type=standard A=10362:com.zhiliaoapp.musically}, Task{53d0b05 #9584 type=standard I=com.oplus.wirelesssettings/com.android.settings.SettingsActivity nonResizable}, Task{c71f905 #9455 type=undefined A=10436:ru.dedvpn.android}, Task{25890db #9567 type=standard A=1000:com.android.settings.root}, Task{2e34f53 #9576 type=standard A=10401:tg.hungry.client}, Task{b353f02 #9582 type=standard A=10425:bsd.suitcase.release}, Task{fbba365 #9583 type=standard A=10469:com.creysvpn.app}, Task{813da85 #1 type=home}, Task{39c730e #9539 type=standard A=10134:com.oppo.quicksearchbox nonResizable}, Task{fb973b1 #9585 type=standard A=10245:com.rldv1.switch2}]
2026-02-11 15:16:08.378 10693-10743 PCAP                    com.creysvpn.app                     I  Filtered port: 443 (not 5-digit)
2026-02-11 15:16:08.389 10693-10743 PCAP                    com.creysvpn.app                     I  Filtered port: 123 (not 5-digit)
2026-02-11 15:16:08.411 10693-10743 PCAP                    com.creysvpn.app                     I  Filtered port: 6447 (not 5-digit)
2026-02-11 15:16:08.421 10693-10743 PCAP                    com.creysvpn.app                     I  Filtered port: 443 (not 5-digit)
2026-02-11 15:16:08.447  3564-6235  AppsFilter              system_server                        I  interaction: PackageSetting{a75a466 com.creysvpn.app/10469} -> PackageSetting{8887766 com.huawei.hwid/10428} BLOCKED
2026-02-11 15:16:08.481 10693-10743 PCAP                    com.creysvpn.app                     I  Filtered port: 443 (not 5-digit)
2026-02-11 15:16:08.482  3564-6112  ActivityTaskManager     system_server                        D  after skip size:46,pre-Filtered:com.rldv1.switch2 # com.creysvpn.app # bsd.suitcase.release # tg.hungry.client # com.android.settings # ru.dedvpn.android # com.anthropic.claude # com.zhiliaoapp.musically # com.android.chrome # com.android.vending # com.gameloft.android.ANMP.GloftGGHM # com.android.settings # org.telegram.messenger # com.coloros.gallery3d # com.duolingo # com.google.android.youtube # com.deepseek.chat # com.lemon.lvoverseas # com.coloros.alarmclock # com.realsignal.packetcapturepro # com.oplus.camera # com.radolyn.ayugram # com.google.android.apps.docs # com.PlayMax.playergames # com.android.contacts # com.yandex.browser # andes.oplus.documentsreader # andes.oplus.documentsreader # ru.trashbox.tapk # net.apex_designs.payback2 # com.noorgames.basketbattle # com.adguard.vpn # ru.mes.dnevnik # com.picsart.studio # com.google.android.gm # com.meitu.wink # bin.mt.plus # com.google.android.documentsui # com.vkontakte.android # com.google.android.googlequicksearchbox # com.heytap.browser # com.android.mms # com.android.phone # com.discord # ru.yandex.music # com.vk.vkvideo # 
2026-02-11 15:16:08.517 10693-10743 PCAP                    com.creysvpn.app                     I  Filtered port: 443 (not 5-digit)
2026-02-11 15:16:08.529 10693-10743 PCAP                    com.creysvpn.app                     I  Filtered port: 443 (not 5-digit)
2026-02-11 15:16:08.541 10693-10743 PCAP                    com.creysvpn.app                     I  Filtered port: 443 (not 5-digit)
2026-02-11 15:16:08.552 10693-10743 PCAP                    com.creysvpn.app                     I  Filtered port: 443 (not 5-digit)
2026-02-11 15:16:08.562 17719-18249 GameSpaceU...SDKManager com.oplus.games                      I  getManagerInfoList_1770812168562 getPrintAppInfoString AppInfo{mPackageName='com.creysvpn.app', mType=7, mUserMarkType=-1}
2026-02-11 15:16:08.563 17719-18249 GameSpaceU...SDKManager com.oplus.games                      I   getPrintAppInfoString AppInfo{mPackageName='com.creysvpn.app', mType=7, mUserMarkType=-1}
2026-02-11 15:16:08.608 10693-10743 PCAP                    com.creysvpn.app                     I  Filtered port: 443 (not 5-digit)
2026-02-11 15:16:08.621 10693-10743 PCAP                    com.creysvpn.app                     I  Filtered port: 443 (not 5-digit)
2026-02-11 15:16:08.642 10693-10743 PCAP                    com.creysvpn.app                     I  Filtered port: 443 (not 5-digit)
2026-02-11 15:16:08.653 10693-10743 PCAP                    com.creysvpn.app                     I  Filtered port: 3667 (not 5-digit)
2026-02-11 15:16:08.674 10693-10743 PCAP                    com.creysvpn.app                     I  Filtered port: 443 (not 5-digit)
2026-02-11 15:16:08.694 10693-10743 PCAP                    com.creysvpn.app                     I  Filtered port: 443 (not 5-digit)
2026-02-11 15:16:08.705 10693-10743 PCAP                    com.creysvpn.app                     I  Filtered port: 443 (not 5-digit)
2026-02-11 15:16:08.715 10693-10743 PCAP                    com.creysvpn.app                     I  Filtered port: 443 (not 5-digit)
2026-02-11 15:16:08.726 10693-10743 PCAP                    com.creysvpn.app                     I  Filtered port: 443 (not 5-digit)
2026-02-11 15:16:08.736 10693-10743 PCAP                    com.creysvpn.app                     I  Filtered port: 443 (not 5-digit)
2026-02-11 15:16:08.748 10693-10743 PCAP                    com.creysvpn.app                     I  Filtered port: 443 (not 5-digit)
2026-02-11 15:16:08.762  3564-5561  FlexibleTaskController  system_server                        D  changeConfigForFlexibleTask for this task is not flexible:Task{fbba365 #9583 type=standard A=10469:com.creysvpn.app}
2026-02-11 15:16:08.768 10693-10743 PCAP                    com.creysvpn.app                     I  Filtered port: 443 (not 5-digit)
2026-02-11 15:16:08.776  3564-4026  Transition              system_server                        D  collectOrderChanges onTopTasksEnd: [Task{fb973b1 #9585 type=standard A=10245:com.rldv1.switch2}], reportedOnTop:null, mOnTopTasksStart: [Task{fb973b1 #9585 type=standard A=10245:com.rldv1.switch2}], TDA child: [Task{544bd5a #9337 type=undefined A=10382:com.anthropic.claude}, Task{4c73e12 #9541 type=standard A=1000:.applications.InstalledAppDetailsTop}, Task{fb8da48 #9549 type=standard A=10157:com.oppo.gallery3d.app.Gallery}, Task{e64325e #9545 type=standard A=10339:com.duolingo}, Task{d3796b3 #2 type=undefined}, Task{245c3ca #9535 type=standard A=10186:com.google.android.youtube}, Task{cc0952c #9533 type=standard A=10375:org.telegram.messenger}, Task{eb959dc #9568 type=standard A=10268:com.gameloft.android.ANMP.GloftGGHM nonResizable}, Task{9292532 #9547 type=standard A=10125:com.android.vending}, Task{2dd9047 #9543 type=standard A=10174:com.android.chrome}, Task{e01704b #9560 type=standard A=10362:com.zhiliaoapp.musically}, Task{53d0b05 #9584 type=standard I=com.oplus.wirelesssettings/com.android.settings.SettingsActivity nonResizable}, Task{c71f905 #9455 type=undefined A=10436:ru.dedvpn.android}, Task{25890db #9567 type=standard A=1000:com.android.settings.root}, Task{2e34f53 #9576 type=standard A=10401:tg.hungry.client}, Task{b353f02 #9582 type=standard A=10425:bsd.suitcase.release}, Task{fbba365 #9583 type=standard A=10469:com.creysvpn.app}, Task{813da85 #1 type=home}, Task{39c730e #9539 type=standard A=10134:com.oppo.quicksearchbox nonResizable}, Task{fb973b1 #9585 type=standard A=10245:com.rldv1.switch2}]
2026-02-11 15:16:08.785 10693-10743 PCAP                    com.creysvpn.app                     I  Filtered port: 443 (not 5-digit)
2026-02-11 15:16:08.847 10693-10743 PCAP                    com.creysvpn.app                     I  Filtered port: 7 (not 5-digit)
2026-02-11 15:16:08.858 10693-10743 PCAP                    com.creysvpn.app                     I  Filtered port: 443 (not 5-digit)
2026-02-11 15:16:08.897 10693-10743 PCAP                    com.creysvpn.app                     I  Filtered port: 443 (not 5-digit)
2026-02-11 15:16:08.908 10693-10743 PCAP                    com.creysvpn.app                     I  Filtered port: 443 (not 5-digit)
2026-02-11 15:16:08.919 10693-10743 PCAP                    com.creysvpn.app                     I  Filtered port: 5222 (not 5-digit)
2026-02-11 15:16:08.961 10693-10743 PCAP                    com.creysvpn.app                     I  Filtered port: 443 (not 5-digit)
2026-02-11 15:16:08.972 10693-10743 PCAP                    com.creysvpn.app                     I  Filtered port: 443 (not 5-digit)
2026-02-11 15:16:08.972  3564-6235  ActivityTaskManager     system_server                        D  after skip size:46,pre-Filtered:com.rldv1.switch2 # com.creysvpn.app # bsd.suitcase.release # tg.hungry.client # com.android.settings # ru.dedvpn.android # com.anthropic.claude # com.zhiliaoapp.musically # com.android.chrome # com.android.vending # com.gameloft.android.ANMP.GloftGGHM # com.android.settings # org.telegram.messenger # com.coloros.gallery3d # com.duolingo # com.google.android.youtube # com.deepseek.chat # com.lemon.lvoverseas # com.coloros.alarmclock # com.realsignal.packetcapturepro # com.oplus.camera # com.radolyn.ayugram # com.google.android.apps.docs # com.PlayMax.playergames # com.android.contacts # com.yandex.browser # andes.oplus.documentsreader # andes.oplus.documentsreader # ru.trashbox.tapk # net.apex_designs.payback2 # com.noorgames.basketbattle # com.adguard.vpn # ru.mes.dnevnik # com.picsart.studio # com.google.android.gm # com.meitu.wink # bin.mt.plus # com.google.android.documentsui # com.vkontakte.android # com.google.android.googlequicksearchbox # com.heytap.browser # com.android.mms # com.android.phone # com.discord # ru.yandex.music # com.vk.vkvideo # 
2026-02-11 15:16:09.055 10693-10743 PCAP                    com.creysvpn.app                     I  Filtered port: 443 (not 5-digit)
2026-02-11 15:16:09.066 10693-10743 PCAP                    com.creysvpn.app                     I  Filtered port: 443 (not 5-digit)
2026-02-11 15:16:09.089 10693-10743 PCAP                    com.creysvpn.app                     I  Filtered port: 443 (not 5-digit)
2026-02-11 15:16:09.100 10693-10743 PCAP                    com.creysvpn.app                     I  Filtered port: 443 (not 5-digit)
2026-02-11 15:16:09.122 10693-10743 PCAP                    com.creysvpn.app                     I  Filtered port: 443 (not 5-digit)
2026-02-11 15:16:09.133 10693-10743 PCAP                    com.creysvpn.app                     I  Filtered port: 443 (not 5-digit)
2026-02-11 15:16:09.145 10693-10743 PCAP                    com.creysvpn.app                     I  Filtered port: 443 (not 5-digit)
2026-02-11 15:16:09.158 10693-10743 PCAP                    com.creysvpn.app                     I  Filtered port: 443 (not 5-digit)
2026-02-11 15:16:09.180 10693-10743 PCAP                    com.creysvpn.app                     I  Filtered port: 443 (not 5-digit)
2026-02-11 15:16:09.190 10693-10743 PCAP                    com.creysvpn.app                     I  Filtered port: 443 (not 5-digit)
2026-02-11 15:16:09.200 10693-10743 PCAP                    com.creysvpn.app                     I  Filtered port: 443 (not 5-digit)
2026-02-11 15:16:09.210 10693-10743 PCAP                    com.creysvpn.app                     I  Filtered port: 443 (not 5-digit)
2026-02-11 15:16:09.239 10693-10743 PCAP                    com.creysvpn.app                     I  Filtered port: 443 (not 5-digit)
2026-02-11 15:16:09.251 10693-10743 PCAP                    com.creysvpn.app                     I  Filtered port: 443 (not 5-digit)
2026-02-11 15:16:09.261 10693-10743 PCAP                    com.creysvpn.app                     I  Filtered port: 443 (not 5-digit)
2026-02-11 15:16:09.276 10693-10743 PCAP                    com.creysvpn.app                     I  Filtered port: 443 (not 5-digit)
2026-02-11 15:16:09.288 10693-10743 PCAP                    com.creysvpn.app                     I  Filtered port: 443 (not 5-digit)
2026-02-11 15:16:09.298 10693-10743 PCAP                    com.creysvpn.app                     I  Filtered port: 443 (not 5-digit)
2026-02-11 15:16:09.309 10693-10743 PCAP                    com.creysvpn.app                     I  Filtered port: 443 (not 5-digit)
2026-02-11 15:16:09.428 10693-10743 PCAP                    com.creysvpn.app                     I  Filtered port: 5222 (not 5-digit)
2026-02-11 15:16:09.439 10693-10743 PCAP                    com.creysvpn.app                     I  Filtered port: 443 (not 5-digit)
2026-02-11 15:16:09.464 10693-10743 PCAP                    com.creysvpn.app                     I  Filtered port: 443 (not 5-digit)
2026-02-11 15:16:09.508 10693-10743 PCAP                    com.creysvpn.app                     I  Filtered port: 443 (not 5-digit)
2026-02-11 15:16:09.518 10693-10743 PCAP                    com.creysvpn.app                     I  Filtered port: 443 (not 5-digit)
2026-02-11 15:16:09.528 10693-10743 PCAP                    com.creysvpn.app                     I  Filtered port: 443 (not 5-digit)
2026-02-11 15:16:09.562 10693-10743 PCAP                    com.creysvpn.app                     I  Filtered port: 443 (not 5-digit)
2026-02-11 15:16:09.590 10693-10743 PCAP                    com.creysvpn.app                     I  Filtered port: 443 (not 5-digit)
2026-02-11 15:16:09.599  3564-4154  AppsFilter              system_server                        I  interaction: PackageSetting{a75a466 com.creysvpn.app/10469} -> PackageSetting{167d6ff com.coloros.smartsidebar/10229} BLOCKED
2026-02-11 15:16:09.625 10693-10743 PCAP                    com.creysvpn.app                     I  Filtered port: 443 (not 5-digit)
2026-02-11 15:16:09.640 10693-10743 PCAP                    com.creysvpn.app                     I  Filtered port: 443 (not 5-digit)
2026-02-11 15:16:09.660 10693-10743 PCAP                    com.creysvpn.app                     I  Filtered port: 123 (not 5-digit)
2026-02-11 15:16:09.671 10693-10743 PCAP                    com.creysvpn.app                     I  Filtered port: 3667 (not 5-digit)
2026-02-11 15:16:09.681 10693-10743 PCAP                    com.creysvpn.app                     I  Filtered port: 443 (not 5-digit)
2026-02-11 15:16:09.692 10693-10743 PCAP                    com.creysvpn.app                     I  Filtered port: 443 (not 5-digit)
2026-02-11 15:16:09.704 10693-10743 PCAP                    com.creysvpn.app                     I  Filtered port: 443 (not 5-digit)
2026-02-11 15:16:09.719 10693-10743 PCAP                    com.creysvpn.app                     I  Filtered port: 443 (not 5-digit)
2026-02-11 15:16:09.730 10693-10743 PCAP                    com.creysvpn.app                     I  Filtered port: 443 (not 5-digit)
2026-02-11 15:16:09.740 10693-10743 PCAP                    com.creysvpn.app                     I  Filtered port: 443 (not 5-digit)
2026-02-11 15:16:09.750 10693-10743 PCAP                    com.creysvpn.app                     I  Filtered port: 443 (not 5-digit)
2026-02-11 15:16:09.760 10693-10743 PCAP                    com.creysvpn.app                     I  Filtered port: 443 (not 5-digit)
2026-02-11 15:16:09.774 10693-10743 PCAP                    com.creysvpn.app                     I  Filtered port: 443 (not 5-digit)
2026-02-11 15:16:09.851 10693-10743 PCAP                    com.creysvpn.app                     I  Filtered port: 443 (not 5-digit)
2026-02-11 15:16:09.861 10693-10743 PCAP                    com.creysvpn.app                     I  Filtered port: 443 (not 5-digit)
2026-02-11 15:16:09.886 10693-10743 PCAP                    com.creysvpn.app                     I  Filtered port: 443 (not 5-digit)
2026-02-11 15:16:09.920 10693-10743 PCAP                    com.creysvpn.app                     I  Filtered port: 443 (not 5-digit)
2026-02-11 15:16:09.931 10693-10743 PCAP                    com.creysvpn.app                     I  Filtered port: 5222 (not 5-digit)
2026-02-11 15:16:09.983 10693-10743 PCAP                    com.creysvpn.app                     I  Filtered port: 443 (not 5-digit)
2026-02-11 15:16:09.994 10693-10743 PCAP                    com.creysvpn.app                     I  Filtered port: 443 (not 5-digit)
2026-02-11 15:16:10.004 10693-10743 PCAP                    com.creysvpn.app                     I  Filtered port: 443 (not 5-digit)
2026-02-11 15:16:10.076 10693-10743 PCAP                    com.creysvpn.app                     I  Filtered port: 443 (not 5-digit)
2026-02-11 15:16:10.086 10693-10743 PCAP                    com.creysvpn.app                     I  Filtered port: 443 (not 5-digit)
2026-02-11 15:16:10.106 10693-10743 PCAP                    com.creysvpn.app                     I  Filtered port: 443 (not 5-digit)
2026-02-11 15:16:10.116 10693-10743 PCAP                    com.creysvpn.app                     I  Filtered port: 443 (not 5-digit)
2026-02-11 15:16:10.126 10693-10743 PCAP                    com.creysvpn.app                     I  Filtered port: 443 (not 5-digit)
2026-02-11 15:16:10.136 10693-10743 PCAP                    com.creysvpn.app                     I  Filtered port: 443 (not 5-digit)
2026-02-11 15:16:10.147 10693-10743 PCAP                    com.creysvpn.app                     I  Filtered port: 443 (not 5-digit)
2026-02-11 15:16:10.177 10693-10743 PCAP                    com.creysvpn.app                     I  Filtered port: 443 (not 5-digit)
2026-02-11 15:16:10.187 10693-10743 PCAP                    com.creysvpn.app                     I  Filtered port: 443 (not 5-digit)
2026-02-11 15:16:10.207 10693-10743 PCAP                    com.creysvpn.app                     I  Filtered port: 443 (not 5-digit)
2026-02-11 15:16:10.217 10693-10743 PCAP                    com.creysvpn.app                     I  Filtered port: 443 (not 5-digit)
2026-02-11 15:16:10.239 10693-10743 PCAP                    com.creysvpn.app                     I  Filtered port: 443 (not 5-digit)
2026-02-11 15:16:10.271 10693-10743 PCAP                    com.creysvpn.app                     I  Filtered port: 443 (not 5-digit)
2026-02-11 15:16:10.281 10693-10743 PCAP                    com.creysvpn.app                     I  Filtered port: 443 (not 5-digit)
2026-02-11 15:16:10.303 10693-10743 PCAP                    com.creysvpn.app                     I  Filtered port: 443 (not 5-digit)
2026-02-11 15:16:10.313 10693-10743 PCAP                    com.creysvpn.app                     I  Filtered port: 443 (not 5-digit)
2026-02-11 15:16:10.335 10693-10743 PCAP                    com.creysvpn.app                     I  Filtered port: 443 (not 5-digit)
2026-02-11 15:16:10.366 10693-10743 PCAP                    com.creysvpn.app                     I  Filtered port: 443 (not 5-digit)
2026-02-11 15:16:10.429 10693-10743 PCAP                    com.creysvpn.app                     I  Filtered port: 5222 (not 5-digit)
2026-02-11 15:16:10.464 10693-10743 PCAP                    com.creysvpn.app                     I  Filtered port: 443 (not 5-digit)
