2026-02-11 15:16:41.497  3564-3917  OplusHansManager        system_server                        I  front pkg: com.creysvpn.app, uid: 10469, prev pkg: com.android.launcher, prev uid: 10244
2026-02-11 15:16:41.497  3564-3917  RefreshRate             system_server                        D  Trigger app switch boost, ar=ActivityRecord{130275029 u0 com.creysvpn.app/.VpnActivity t9583},currDisplayRate=120.00001,boostId=3
2026-02-11 15:16:41.497  3564-5722  NativeFreezeManager     system_server                        D  freezeForAppSwitchScene mAppLaunchFzDxEnable enter, mFgAppPkgname com.creysvpn.app
2026-02-11 15:16:41.497  3564-3917  RefreshRate             system_server                        D  startAppSwitchBoost targetMode={id=2, width=1264, height=2780, fps=120.00001, vsync=120.00001, synthetic=false, alternativeRefreshRates=[60.000004], supportedHdrTypes=[1, 2, 3, 4]} record=ActivityRecord{130275029 u0 com.creysvpn.app/.VpnActivity t9583}: votes=PRIORITY_START_ANIMATION_BOOST -> Vote{mRefreshRate=120.0, mMinRefreshRate=120.0, mRequestSource=null};PRIORITY_WINDOW_REQUEST -> Vote{mRefreshRate=120.0, mMinRefreshRate=120.0, mRequestSource=null};
2026-02-11 15:16:41.497  3564-3917  ActivityTaskManager     system_server                        D  setAppVisibility(Token{49045a4 ActivityRecord{130275029 u0 com.creysvpn.app/.VpnActivity t9583}}, visible=true):  visible=false mVisibleRequested=false
2026-02-11 15:16:41.497  3564-3917  WindowManager           system_server                        D  NFW_setClientVisible:ActivityRecord{130275029 u0 com.creysvpn.app/.VpnActivity t9583} clientVisible:true
2026-02-11 15:16:41.497  3564-3917  ActivityTaskManager     system_server                        D  setVisibility(Token{49045a4 ActivityRecord{130275029 u0 com.creysvpn.app/.VpnActivity t9583}}, visible=true) defer commitVisibility for transition collecting
2026-02-11 15:16:41.497 10693-10710 VRI[VpnActivity]        com.creysvpn.app                     D  dispatchAppVisibility visible:true mUpcomingWindowFocus:false
2026-02-11 15:16:41.497  3564-4050  UserAwareMgr            system_server                        I  handleTopAppChanged: com.creysvpn.app, pid: 10693, uid: 10469
2026-02-11 15:16:41.497  3564-3917  ActivityTaskManager     system_server                        D  onWindowFocusChanged Task{fbba365 #9583 type=standard A=10469:com.creysvpn.app} would transfer to compact
2026-02-11 15:16:41.497  3564-3917  ActivityTaskManager     system_server                        D  NFW_setLastResumedActivityUncheckLocked:true r:ActivityRecord{130275029 u0 com.creysvpn.app/.VpnActivity t9583} currentFocus:Window{4dd157d u0 com.android.launcher/com.android.launcher.Launcher}
2026-02-11 15:16:41.498  3564-3917  FlexibleTaskController  system_server                        D  onTaskFocusChanged prevTask:Task{d6580ee #5 type=home I=com.android.launcher/.Launcher} ,currentTask:Task{fbba365 #9583 type=standard A=10469:com.creysvpn.app}, reason: resumeTopActivity - onActivityStateChanged
2026-02-11 15:16:41.498  3564-3917  OplusFlexibleDCSManager system_server                        D  onNextPkgChanged pkg = com.creysvpn.app
2026-02-11 15:16:41.498  3564-4909  [UAH_CLIENT]            system_server                        I  UahEventAcquire, cmdid:0, pkg:com.creysvpn.app, identity:com.android.server.wm
2026-02-11 15:16:41.498  3564-3917  ActivityTaskManager     system_server                        D  validateStartingWindowTheme:  Pkg=com.creysvpn.app, Translucent=false, Floating=false, ShowWallpaper=false, Disable=false, LaunchSource=2, Prev=null, LaunchedFromPackage=com.creysvpn.app
2026-02-11 15:16:41.498  3564-3917  ActivityTaskManager     system_server                        D  addStartingWindow for ActivityRecord{130275029 u0 com.creysvpn.app/.VpnActivity t9583}, mainWin=Window{2f8fc95 u0 com.creysvpn.app/com.creysvpn.app.VpnActivity}, mVisible=false, mVisibleRequested=true, drawn=false, mDestroying=false, state=RESUMED, isKeyguardLocked=false, isKeyguardGoingAway=false
2026-02-11 15:16:41.499  3564-3917  OplusDexSceneManager    system_server                        D   High temp 415 with highTemperatureThreshold 380 pkg:com.creysvpn.app reason: extra-second-dex
2026-02-11 15:16:41.500  5065-5167  WindowManagerShell      com.android.systemui                 V  Transition requested (#535): android.os.BinderProxy@e3fa05c TransitionRequestInfo { type = TO_FRONT, triggerTask = TaskInfo{userId=0 taskId=9583 effectiveUid=10469 displayId=0 isRunning=true baseIntent=Intent { act=android.intent.action.MAIN cat=[android.intent.category.LAUNCHER] flg=0x10000000 cmp=com.creysvpn.app/.MainActivity oflg=0x800 } baseActivity=ComponentInfo{com.creysvpn.app/com.creysvpn.app.MainActivity} topActivity=ComponentInfo{com.creysvpn.app/com.creysvpn.app.VpnActivity} origActivity=null realActivity=ComponentInfo{com.creysvpn.app/com.creysvpn.app.MainActivity}
                                                                                                     numActivities=2 lastActiveTime=28407248 supportsSplitScreenMultiWindow=true supportsMultiWindow=true supportsPocketStudioMultiWindow=true isInFlexibleEmbedded = false uid = 10469 pid = 10693 resizeMode=1 isResizeable=true minWidth=-1 minHeight=-1 defaultMinSize=220 token=WCT{android.window.IWindowContainerToken$Stub$Proxy@71b7f65} topActivityType=1 pictureInPictureParams=null shouldDockBigOverlays=false launchIntoPipHostTaskId=-1 lastParentTaskIdBeforePip=-1 displayCutoutSafeInsets=Rect(0, 0 - 0, 0)
                                                                                                     topActivityInfo=ActivityInfo{4a4343a com.creysvpn.app.VpnActivity} launchCookies=[] positionInParent=Point(0, 0) parentTaskId=-1 isFocused=true isVisible=false isVisibleRequested=true isTopActivityNoDisplay=false isSleeping=false locusId=null displayAreaFeatureId=1 isTopActivityTransparent=false isActivityStackTransparent=false lastNonFullscreenBounds=null capturedLink=null capturedLinkTimestamp=0 requestedVisibleTypes=-9 topActivityRequestOpenInBrowserEducationTimestamp=0
                                                                                                     appCompatTaskInfo=AppCompatTaskInfo { topActivityInSizeCompat=false topActivityInOplusCompatMode=false eligibleForLetterboxEducation= false isLetterboxEducationEnabled= false isLetterboxDoubleTapEnabled= false eligibleForUserAspectRatioButton= false topActivityBoundsLetterboxed= false isFromLetterboxDoubleTap= false topActivityLetterboxVerticalPosition= -1 topActivityLetterboxHorizontalPosition= -1 topActivityLetterboxWidth=-1 topActivityLetterboxHeight=-1 topActivityAppBounds=Rect(0, 140 - 1264, 2724) isUserFullscreenOverrideEnabled=false isSystemFullscreenOverrideEnabled=false hasMinAspectRatioOverride=false topActivityLetterboxBounds=null cameraCompatTaskInfo=CameraCompatTaskInfo { freeformCameraCompatMode=inactive}} topActivityMainWindowFrame=null topActivityLetterboxInsets=Rect(0, 0 - 0, 0)
                                                                                                     mOplusExtraBundle = Bundle[mParcelledData.dataSize=1564]}, pipChange = null, remoteTransition = RemoteTransition { remoteTransition = android.window.IRemoteTransition$Stub$Proxy@b018eb, appThread = android.app.IApplicationThread$Stub$Proxy@3546648, debugName = QuickstepLaunch }, displayChange = null, flags = 0, debugId = 535 }
2026-02-11 15:16:41.503  3564-5743  OPM-Process             system_server                        I  resume pkg: com.creysvpn.app, uid:10469, prev pkg: com.android.launcher, prev uid: 10244
2026-02-11 15:16:41.503  3564-5149  Osense-Bas...isionMaker system_server                        I  notifySceneToAthenaPolicy: SCENE_APP_SWITCH, bundle: Bundle[{prevPkgName=com.android.launcher, curUid=10469, isGame=false, curPkgName=com.creysvpn.app, prevUid=10244}]
2026-02-11 15:16:41.503 10693-10693 VRI[VpnActivity]        com.creysvpn.app                     D  setWindowStopped stopped:false
2026-02-11 15:16:41.504 10693-10693 ActivityThread          com.creysvpn.app                     D  ComponentInfo{com.creysvpn.app/com.creysvpn.app.VpnActivity} checkFinished=false 2
2026-02-11 15:16:41.504 10693-10693 ResourcesManagerExtImpl com.creysvpn.app                     D  applyConfigurationToAppResourcesLocked app.getDisplayId() return callback.displayId:0
2026-02-11 15:16:41.504 10693-10693 AutofillCl...Controller com.creysvpn.app                     V  onActivityResumed()
2026-02-11 15:16:41.504  3564-4027  ActivityTaskManager     system_server                        D  commitVisibility: ActivityRecord{130275029 u0 com.creysvpn.app/.VpnActivity t9583}: visible=true visibleRequested=true, isInTransition=true 
2026-02-11 15:16:41.504 10693-10693 AutofillCl...Controller com.creysvpn.app                     V  onActivityPostResumed()
2026-02-11 15:16:41.504 10693-10693 AutofillCl...Controller com.creysvpn.app                     V  onActivityPostResumed(): Relayout fix enabled
2026-02-11 15:16:41.504 10693-10693 AutofillCl...Controller com.creysvpn.app                     V  forResume(): Not attempting refill.
2026-02-11 15:16:41.504  3564-4027  Transition              system_server                        D  collectOrderChanges onTopTasksEnd: [Task{fbba365 #9583 type=standard A=10469:com.creysvpn.app}], reportedOnTop:null, mOnTopTasksStart: [Task{813da85 #1 type=home}, Task{d6580ee #5 type=home I=com.android.launcher/.Launcher}], TDA child: [Task{39c730e #9539 type=standard A=10134:com.oppo.quicksearchbox nonResizable}, Task{544bd5a #9337 type=undefined A=10382:com.anthropic.claude}, Task{4c73e12 #9541 type=standard A=1000:.applications.InstalledAppDetailsTop}, Task{fb8da48 #9549 type=standard A=10157:com.oppo.gallery3d.app.Gallery}, Task{e64325e #9545 type=standard A=10339:com.duolingo}, Task{d3796b3 #2 type=undefined}, Task{245c3ca #9535 type=standard A=10186:com.google.android.youtube}, Task{cc0952c #9533 type=standard A=10375:org.telegram.messenger}, Task{eb959dc #9568 type=standard A=10268:com.gameloft.android.ANMP.GloftGGHM nonResizable}, Task{9292532 #9547 type=standard A=10125:com.android.vending}, Task{2dd9047 #9543 type=standard A=10174:com.android.chrome}, Task{e01704b #9560 type=standard A=10362:com.zhiliaoapp.musically}, Task{25890db #9567 type=standard A=1000:com.android.settings.root}, Task{2e34f53 #9576 type=standard A=10401:tg.hungry.client}, Task{b353f02 #9582 type=standard A=10425:bsd.suitcase.release}, Task{c71f905 #9455 type=undefined A=10436:ru.dedvpn.android}, Task{813da85 #1 type=home}, Task{fbba365 #9583 type=standard A=10469:com.creysvpn.app}]
2026-02-11 15:16:41.504  3564-4027  Transition              system_server                        D  collectOrderChanges **mParticipants add task: Task{fbba365 #9583 type=standard A=10469:com.creysvpn.app}
2026-02-11 15:16:41.505  3564-4027  OplusFlexi...ionManager system_server                        D  fixTransitType type result:3, targets: [ChangeInfo{41a5392 container=Task{fbba365 #9583 type=standard A=10469:com.creysvpn.app} flags=0x30}, ChangeInfo{9984163 container=Task{813da85 #1 type=home} flags=0x10}]
2026-02-11 15:16:41.505  3564-4027  OplusTrans...Controller system_server                        D  onTransactionReady, transition: 535, info: {id=535 t=TO_FRONT f=0x0 trk=0 r=[0@Point(0, 0)] c=[{WCT{RemoteToken{1b439ac Task{fbba365 #9583 type=standard A=10469:com.creysvpn.app}}} m=TO_FRONT f=MOVE_TO_TOP leash=Surface(name=Task=9583)/@0xa572675 sb=Rect(0, 0 - 1264, 2780) eb=Rect(0, 0 - 1264, 2780) epz=Point(1264, 2780) d=0 taskParent=-1},{WCT{RemoteToken{a341a67 Task{813da85 #1 type=home}}} m=TO_BACK f=SHOW_WALLPAPER leash=Surface(name=Task=1)/@0x8d4c568 sb=Rect(0, 0 - 1264, 2780) eb=Rect(0, 0 - 1264, 2780) epz=Point(1264, 2780) d=0 taskParent=-1}] 
                                                                                                    extendInfo=[
                                                                                                     OplusTransitionExtendedInfo{mTmpFinishT=null, mInOplusCompatMode=false, mIsProcessRunning=true, mHasMismatchBoundsTarget=false, mRecentsController=null, mRemoteTransition=null, mIsTranslucentActivityToHome=false, mAvoidInterceptKeyEventToHome=false, mIsFromHome=true, mParentLeash=null, mBackAnimClosingLeash=null, mIsOplusAnimRes=false, mKeepBgForContinuous=false, mIsBalAllow=false, mTaskNotInRecent=false, mIsPredictiveBackAnim=false, mIsMergedWithPredictive=false, mIsLaunchFromSpruce=false, mIsLaunchFromDrive=false, mGlobalSearchPageSwitch=false, mNeedNoAlphaGlobalSearchScene=false, mAssistScreenShowing=false, mSwipeUpBrowserScreenShowing=false, mUserIdTransition=0
                                                                                                    , mInRemoteScene=false, mInPreReady=false, mPreStart=false, mToken=null, mAbortByRemoteFromHome=false, mShellApplyToken=null, mRequestTransitionTaskId=9583, mAbortTransitionOnShell=0, mStartFromShortcut=false, mRemovedTaskId=-1, mTransitionInterruptType=0, mMergeSecondTaskId=-1, mTaskIdStartFromRecents=9583, mTransitionId=535, mCanUseSpringSlideAnim=false, mTransitionLaunchFrom=0, mFoldChangeType=-1, mAnimStartingPosition=[0, 0, 0, 0], mIsOpeningStkDialogActivity=false, mIsNeedApplyStartTForEmbedded=false, mMergeSecondTaskAnimation=false, mIsLaunchUnityStart=false, mIsLaunchFromAssistantByDefault=false, mSkipRemoteTransitionfalse, mIsStartFromKeyguard=false flags=0x0, mWCT=null, mIsOpenMergeToInValidPredictive=false}]}, targets : [ChangeInfo{41a5392 container=Task{fbba365 #9583 type=standard A=10469:com.creysvpn.app} flags=0x30}, ChangeInfo{9984163 container=Task{813da85 #1 type=home} flags=0x10}], participants: {WallpaperWindowToken{5b6e5fe showWhenLocked=false}, ActivityRecord{130275029 u0 com.creysvpn.app/.VpnActivity t9583}, ActivityRecord{215934230 u0 com.android.launcher/.Launcher t5}, WallpaperWindowToken{dfffc0c showWhenLocked=true}, Task{fbba365 #9583 type=standard A=10469:com.creysvpn.app}}
2026-02-11 15:16:41.506  3564-4023  WindowManager           system_server                        V  Sent Transition (#535) createdAt=02-11 15:16:41.494 via request=TransitionRequestInfo { type = TO_FRONT, triggerTask = TaskInfo{userId=0 taskId=9583 effectiveUid=10469 displayId=0 isRunning=true baseIntent=Intent { act=android.intent.action.MAIN cat=[android.intent.category.LAUNCHER] flg=0x10000000 cmp=com.creysvpn.app/.MainActivity oflg=0x800 } baseActivity=ComponentInfo{com.creysvpn.app/com.creysvpn.app.MainActivity} topActivity=ComponentInfo{com.creysvpn.app/com.creysvpn.app.VpnActivity} origActivity=null realActivity=ComponentInfo{com.creysvpn.app/com.creysvpn.app.MainActivity}
                                                                                                     numActivities=2 lastActiveTime=28407248 supportsSplitScreenMultiWindow=true supportsMultiWindow=true supportsPocketStudioMultiWindow=true isInFlexibleEmbedded = false uid = 10469 pid = 10693 resizeMode=1 isResizeable=true minWidth=-1 minHeight=-1 defaultMinSize=220 token=WCT{RemoteToken{1b439ac Task{fbba365 #9583 type=standard A=10469:com.creysvpn.app}}} topActivityType=1 pictureInPictureParams=null shouldDockBigOverlays=false launchIntoPipHostTaskId=-1 lastParentTaskIdBeforePip=-1 displayCutoutSafeInsets=Rect(0, 0 - 0, 0)
                                                                                                     topActivityInfo=ActivityInfo{5c76604 com.creysvpn.app.VpnActivity} launchCookies=[] positionInParent=Point(0, 0) parentTaskId=-1 isFocused=true isVisible=false isVisibleRequested=true isTopActivityNoDisplay=false isSleeping=false locusId=null displayAreaFeatureId=1 isTopActivityTransparent=false isActivityStackTransparent=false lastNonFullscreenBounds=null capturedLink=null capturedLinkTimestamp=0 requestedVisibleTypes=-9 topActivityRequestOpenInBrowserEducationTimestamp=0
                                                                                                     appCompatTaskInfo=AppCompatTaskInfo { topActivityInSizeCompat=false topActivityInOplusCompatMode=false eligibleForLetterboxEducation= false isLetterboxEducationEnabled= false isLetterboxDoubleTapEnabled= false eligibleForUserAspectRatioButton= false topActivityBoundsLetterboxed= false isFromLetterboxDoubleTap= false topActivityLetterboxVerticalPosition= -1 topActivityLetterboxHorizontalPosition= -1 topActivityLetterboxWidth=-1 topActivityLetterboxHeight=-1 topActivityAppBounds=Rect(0, 140 - 1264, 2724) isUserFullscreenOverrideEnabled=false isSystemFullscreenOverrideEnabled=false hasMinAspectRatioOverride=false topActivityLetterboxBounds=null cameraCompatTaskInfo=CameraCompatTaskInfo { freeformCameraCompatMode=inactive}} topActivityMainWindowFrame=null topActivityLetterboxInsets=Rect(0, 0 - 0, 0)
                                                                                                     mOplusExtraBundle = Bundle[{androidx.flexible.taskFrame=Rect(0, 0 - 0, 0), topOpaqueSystemBarsAppearance=0, androidx.flexible.Alpha=1.0, androidx.activity.task.attach.blur=0, lively=false, androidx.activity.LaunchInsensible=0, androidx.activity.LaunchCornerRadius=0, key_flexible_task_state=0, topActivitySupportAppInnerSplit=false, key_flexible_task_animating_type=-1, key_flexible_task_root_activity_processname=com.creysvpn.app, androidx.activity.LaunchScenario=0, is_oplus_clone_task=false, flexible_super_mini_state=false, topRunningActivityHash=130275029, androidx.activity.LaunchScale=1.0, androidx.activity.LaunchShadowRadius=0, is_transient_hide_for_task_info=false, key_flexible_task_root_activity_pid=0, key_flexible_task_root_activity_uid=10469}]}, pipChange = null, remoteTransition = RemoteTransition { remoteTransition = android.window.IRemoteTransition$Stub$Proxy@999038c, appThread = android.app.IApplicationThread$Stub$Proxy@f835ad5, debugName = QuickstepLaunch }, displayChange = null, flags = 0, debugId = 535 }
2026-02-11 15:16:41.506  3564-4023  WindowManager           system_server                        V      info={id=535 t=TO_FRONT f=0x0 trk=0 r=[0@Point(0, 0)] c=[
                                                                                                            {WCT{RemoteToken{1b439ac Task{fbba365 #9583 type=standard A=10469:com.creysvpn.app}}} m=TO_FRONT f=MOVE_TO_TOP leash=Surface(name=Task=9583)/@0xa572675 sb=Rect(0, 0 - 1264, 2780) eb=Rect(0, 0 - 1264, 2780) epz=Point(1264, 2780) d=0 taskParent=-1},
                                                                                                            {WCT{RemoteToken{a341a67 Task{813da85 #1 type=home}}} m=TO_BACK f=SHOW_WALLPAPER leash=Surface(name=Task=1)/@0x8d4c568 sb=Rect(0, 0 - 1264, 2780) eb=Rect(0, 0 - 1264, 2780) epz=Point(1264, 2780) d=0 taskParent=-1}
                                                                                                        ] 
                                                                                                    extendInfo=[
                                                                                                     OplusTransitionExtendedInfo{mTmpFinishT=null, mInOplusCompatMode=false, mIsProcessRunning=true, mHasMismatchBoundsTarget=false, mRecentsController=null, mRemoteTransition=null, mIsTranslucentActivityToHome=false, mAvoidInterceptKeyEventToHome=false, mIsFromHome=true, mParentLeash=null, mBackAnimClosingLeash=null, mIsOplusAnimRes=false, mKeepBgForContinuous=false, mIsBalAllow=false, mTaskNotInRecent=false, mIsPredictiveBackAnim=false, mIsMergedWithPredictive=false, mIsLaunchFromSpruce=false, mIsLaunchFromDrive=false, mGlobalSearchPageSwitch=false, mNeedNoAlphaGlobalSearchScene=false, mAssistScreenShowing=false, mSwipeUpBrowserScreenShowing=false, mUserIdTransition=0
                                                                                                    , mInRemoteScene=false, mInPreReady=false, mPreStart=false, mToken=null, mAbortByRemoteFromHome=false, mShellApplyToken=null, mRequestTransitionTaskId=9583, mAbortTransitionOnShell=0, mStartFromShortcut=false, mRemovedTaskId=-1, mTransitionInterruptType=0, mMergeSecondTaskId=-1, mTaskIdStartFromRecents=9583, mTransitionId=535, mCanUseSpringSlideAnim=false, mTransitionLaunchFrom=0, mFoldChangeType=-1, mAnimStartingPosition=[0, 0, 0, 0], mIsOpeningStkDialogActivity=false, mIsNeedApplyStartTForEmbedded=false, mMergeSecondTaskAnimation=false, mIsLaunchUnityStart=false, mIsLaunchFromAssistantByDefault=false, mSkipRemoteTransitionfalse, mIsStartFromKeyguard=false flags=0x0, mWCT=null, mIsOpenMergeToInValidPredictive=false}]}
2026-02-11 15:16:41.507  3564-7841  GameManage...ServiceExt system_server                        I  on FG change: com.android.launcher|com.creysvpn.app
2026-02-11 15:16:41.508  3564-4026  OplusKeepAliveManager   system_server                        D  TOP_APP is ProcessRecord{fb8e40d 10693:com.creysvpn.app/u0a469} uid is 10469
2026-02-11 15:16:41.510  5339-5339  [UAH_CLIENT]            com.android.launcher                 I  UahEventAcquire, cmdid:85, pkg:com.creysvpn.app, identity:GpuBoost
2026-02-11 15:16:41.510  3564-4068  OplusThermalStats       system_server                        E  Error getting package info: com.creysvpn.app
2026-02-11 15:16:41.511  3564-4136  OplusAppSwitchListener  system_server                        D  Detect com.creysvpn.app switch to foreground
2026-02-11 15:16:41.512  5005-11630 DCSEX-AppSwitchManager  com.oplus.exsystemservice            V  OnAppSwitchObserver: onAppExit, resuming = com.creysvpn.app, target = com.android.launcher, is ResumingFirstStart =  false, is ResumingMultiApp =  false, extensionInfo =  Bundle[mParcelledData.dataSize=580]
2026-02-11 15:16:41.512 10693-10693 ViewRootImplExtImpl     com.creysvpn.app                     D  wrapConfigInfoIntoFlags rotation=0, smallestScreenWidthDp=361, residentWS=false, scenario=0, bounds=Rect(0, 0 - 1264, 2780), relayoutAsync=false, flags=0, newFlags=1457532192, title=com.creysvpn.app/com.creysvpn.app.VpnActivity
2026-02-11 15:16:41.512  5005-14195 DCSEX-AppL...ntRecorder com.oplus.exsystemservice            D  onAppSwitch from = com.android.launcher to = com.creysvpn.app
2026-02-11 15:16:41.513  6273-6293  Battery                 com.oplus.battery                    W  AppSwitchDetectorV2: OnAppSwitchObserver: onAppExit , info = OplusAppExitInfo = {  targetName = com.android.launcher hasResumingActivity = true resumingPackageName = com.creysvpn.app resumingActivityName = com.creysvpn.app.VpnActivity resumingWindowMode = 1 isResumingMultiApp = false isResumingFirstStart = false extension = Bundle[mParcelledData.dataSize=580]} lastReg=1770783808738
2026-02-11 15:16:41.513  5005-11630 DCSEX-AppSwitchManager  com.oplus.exsystemservice            V  OnAppSwitchObserver: onAppEnter, launchedFrom =  com.creysvpn.app, target =  com.creysvpn.app, is firstStart =  false, is multiApp =  false, extensionInfo =  Bundle[mParcelledData.dataSize=984], launch_source_type =  launcherRecentTask, launch_source_traceid =  
2026-02-11 15:16:41.513  5905-5929  Athena                  com.oplus.athena                     I  AthenaDynamicReceiver: pre_app:com.android.launcher, next_app:com.creysvpn.app(10469|10693)
2026-02-11 15:16:41.513  3564-4140  VRR [OPlus...teService] system_server                        D  handleFrontAppChange pkgName: com.creysvpn.app
2026-02-11 15:16:41.513  6273-6293  Battery                 com.oplus.battery                    W  ThermalControlUtils: mForegroundPkg=com.creysvpn.app mLastWindowMode=1
2026-02-11 15:16:41.513  3564-5867  OplusLaten...zerManager system_server                        D  enter pkg: com.creysvpn.app isPrevBlackAppTop: false mIsBlackAppTop: false
2026-02-11 15:16:41.513  3564-5867  OplusEapManager         system_server                        D  mTargetEnterName :com.creysvpn.app
2026-02-11 15:16:41.514  6273-6293  Battery                 com.oplus.battery                    W  StateManager: getAppType com.creysvpn.app, last=1770812161354
2026-02-11 15:16:41.515  3564-5162  WindowManager           system_server                        V  Relayout Window{2f8fc95 u0 com.creysvpn.app/com.creysvpn.app.VpnActivity}: viewVisibility=0, oldvis=4, req=1264x2780 , apr = 0, vsysui=, x=0, y=0
2026-02-11 15:16:41.515  3564-5162  WindowManager           system_server                        I  Window{2f8fc95 u0 com.creysvpn.app/com.creysvpn.app.VpnActivity} state from NO_SURFACE to DRAW_PENDING; reason: resetDrawState
2026-02-11 15:16:41.515  6273-6293  Battery                 com.oplus.battery                    W  ThermalControllHandler: tempLevel=[8],userMode=2,gameUserMode=7,appType=-1,envTempType=0,appStates=[],appSwitchSafetyMode=false,split=[],float=[],full=[com.creysvpn.app], tempGear=[8],configItemName=common_config
2026-02-11 15:16:41.515  3564-4583  OplusBatte...iceFeature system_server                        D  setSmartCoolDown: coolDown = 3, normalCoolDown = 3, pkgName = com.creysvpn.app
2026-02-11 15:16:41.517  3564-5162  WindowManager           system_server                        D  NFW_findFocusedWindowIfNeeded:Window{2f8fc95 u0 com.creysvpn.app/com.creysvpn.app.VpnActivity} mCurrentFocus:null
2026-02-11 15:16:41.517  3564-5162  WindowManager           system_server                        V  Changing focus from null to Window{2f8fc95 u0 com.creysvpn.app/com.creysvpn.app.VpnActivity},diplayid=0
2026-02-11 15:16:41.518  3564-6985  OStatsManager_Calc      system_server                        I  noteBeforePkgSwitch change = false, curTime = 28407269, com.creysvpn.app, fg = false
2026-02-11 15:16:41.518  3564-6985  OStatsMana...atsManager system_server                        I  updateStateTime: PkgName = com.creysvpn.app, uid = 10469, state to fg, mForegroundCnt = 1, isFg = true
2026-02-11 15:16:41.518  3564-6985  OStatsMana...atsManager system_server                        I  notePkgForeground [com.android.launcher10244, ru.dedvpn.android10436, com.creysvpn.app10469], uid = 10469, pid = 10693, pkgName = com.creysvpn.app
2026-02-11 15:16:41.519 10693-10693 VRI[VpnActivity]        com.creysvpn.app                     D  relayoutWindow result, sizeChanged:false, surfaceControlChanged:true, transformHintChanged:false, mSurfaceSize:Point(1264, 2780), mLastSurfaceSize:Point(1264, 2780), mWidth:1264, mHeight:2780, requestedWidth:1264, requestedHeight:2780, transformHint:0, installOrientation:0, displayRotation:0, isSurfaceValid:true, attr.flag:-2122252032, tmpFrames:ClientWindowFrames{frame=[0,0][1264,2780] display=[0,0][1264,2780] parentFrame=[0,0][0,0]}, relayoutAsync:false, mSyncSeqId:0
2026-02-11 15:16:41.519 10693-10693 VRI[VpnActivity]        com.creysvpn.app                     W  updateBlastSurfaceIfNeeded, surfaceSize:Point(1264, 2780), lastSurfaceSize:Point(1264, 2780), format:-1, blastBufferQueue:null
2026-02-11 15:16:41.519 10693-10693 BufferQueueConsumer     com.creysvpn.app                     D  [](id:29c500000006,api:0,p:-1,c:10693) connect: controlledByApp=false
2026-02-11 15:16:41.519 10693-10693 BufferQueueConsumer     com.creysvpn.app                     D  [VRI[VpnActivity]#6(BLAST Consumer)6](id:29c500000006,api:0,p:-1,c:10693) setMaxAcquiredBufferCount: 2
2026-02-11 15:16:41.521 10693-10722 colorx                  com.creysvpn.app                     D  I can't find colorx layer , let's enumerate colorx layers first.
2026-02-11 15:16:41.521 15222-15260 SceneSDK.1...tchAbility com.oplus.metis                      D  onAppSwitchEvent: AppSwitchEvent(timeStamp=1770812201517, eventType=2, targetName=com.android.launcher, firstStart=false, multiApp=false, windowMode=0, resumingPackageName=com.creysvpn.app, resumingActivityName=com.creysvpn.app.VpnActivity, isResumingMultiApp=false, isResumingFirstStart=false)
2026-02-11 15:16:41.521 15222-15260 metis_v2_A...aCollector com.oplus.metis                      I  AppExitEvent =  com.android.launcher, NextAppName = com.creysvpn.app
2026-02-11 15:16:41.521 10693-10722 Adreno-UNKNOWN          com.creysvpn.app                     I  Using previously loaded IMapper library.
2026-02-11 15:16:41.521  2354-5660  AudioFlingerExtImpl     audioserver                          D  AudioFlingerExtImpl oplusSetParameters: keyvalue onForegroundActivitiesChanged=com.creysvpn.app:foreground:1|10469:10693
2026-02-11 15:16:41.521  2354-5660  AudioFlingerExtImpl     audioserver                          D  updateForegroundInfo, mapInf mForegroundMap(2)|[com.creysvpn.app]=1|[ru.dedvpn.android]=1, uidPidMapInf mForegroundUidPidMap(2)|[10469]=10693|[10436]=16274
2026-02-11 15:16:41.523  5065-5167  WindowManagerShell      com.android.systemui                 D  onActivityRestartAttempt: topActivity=ComponentInfo{com.creysvpn.app/com.creysvpn.app.VpnActivity}, wasVisible=false
2026-02-11 15:16:41.524 10693-10722 Adreno-UNKNOWN          com.creysvpn.app                     I  Using previously loaded IMapper library.
2026-02-11 15:16:41.526  3564-4027  SurfaceComposerClient   system_server                        D  Transaction::apply InputWindowCommands.focusRequests timestamp=27482002724255, windowName=2f8fc95 com.creysvpn.app/com.creysvpn.app.VpnActivity
2026-02-11 15:16:41.526 10693-10722 AdrenoVK-0              com.creysvpn.app                     I  QUALCOMM build          : f03bfc90ee, I18e19e5b67
                                                                                                    Build Date              : 10/17/25
                                                                                                    Shader Compiler Version : E031.47.18.44
                                                                                                    Local Branch            : 
                                                                                                    Remote Branch           : refs/tags/AU_LINUX_ANDROID_LA.VENDOR.15.4.0.11.00.00.1088.811
                                                                                                    Remote Branch           : NONE
                                                                                                    Reconstruct Branch      : NOTHING
2026-02-11 15:16:41.526 10693-10722 AdrenoVK-0              com.creysvpn.app                     I  Build Config            : S P 18.0.0 AArch64
2026-02-11 15:16:41.526 10693-10722 AdrenoVK-0              com.creysvpn.app                     I  Driver Path             : /vendor/lib64/hw/vulkan.adreno.so
2026-02-11 15:16:41.526 10693-10722 AdrenoVK-0              com.creysvpn.app                     I  Driver Version          : 0800.59
2026-02-11 15:16:41.526 10693-10722 AdrenoVK-0              com.creysvpn.app                     I  PFP                     : 0x01500077
2026-02-11 15:16:41.526 10693-10722 AdrenoVK-0              com.creysvpn.app                     I  ME                      : 0x01500014
2026-02-11 15:16:41.526 10693-10722 AdrenoVK-0              com.creysvpn.app                     I  Application Name    : android framework
                                                                                                    Process Name        : com.creysvpn.app
                                                                                                    Application Version : 0x00000000
                                                                                                    Engine Name         : android framework
                                                                                                    Engine Version      : 0x00000000
                                                                                                    Api Version         : 0x00401000
2026-02-11 15:16:41.528 10693-10722 BufferQueueProducer     com.creysvpn.app                     D  [VRI[VpnActivity]#6(BLAST Consumer)6](id:29c500000006,api:1,p:10693,c:10693) connect: api=1 producerControlledByApp=true
2026-02-11 15:16:41.528 10693-10693 SurfaceControl          com.creysvpn.app                     I   setExtendedRangeBrightness sc=Surface(name=com.creysvpn.app/com.creysvpn.app.VpnActivity)/@0xebb7a2a,currentBufferRatio=1.0,desiredRatio=1.0
2026-02-11 15:16:41.530 15222-15260 SceneSDK.1...tchAbility com.oplus.metis                      D  onAppSwitchEvent: AppSwitchEvent(timeStamp=1770812201517, eventType=1, targetName=com.creysvpn.app, firstStart=false, multiApp=false, windowMode=1, resumingPackageName=, resumingActivityName=, isResumingMultiApp=false, isResumingFirstStart=false)
2026-02-11 15:16:41.530 15222-15260 metis_v2_A...aCollector com.oplus.metis                      I  AppEnterEvent =  com.creysvpn.app, windowMode = 1,firstStart = false
2026-02-11 15:16:41.530 15222-15260 metis_v2_A...aCollector com.oplus.metis                      W  fenceKey = com.oplus.metis:TOP_APPLICATION, getExits = [], getEnters = [] packageName = com.creysvpn.app
2026-02-11 15:16:41.534 10693-10722 skia                    com.creysvpn.app                     D  GrGpu::writePixels takes 3
2026-02-11 15:16:41.536  2378-3070  SurfaceFlinger          surfaceflinger                       D  updateWinowInfo=1, setFocusedWindow timestamp=27482002724255, windowName=2f8fc95 com.creysvpn.app/com.creysvpn.app.VpnActivity
2026-02-11 15:16:41.536  3564-3917  InputDispatcher         system_server                        I  NFW_setFocusedWindow, 2f8fc95 com.creysvpn.app/com.creysvpn.app.VpnActivity on display 0, same as the previous:0
2026-02-11 15:16:41.539 10693-10722 BLASTBufferQueue        com.creysvpn.app                     D  [VRI[VpnActivity]#6](f:0,a:1) acquireNextBufferLocked size=1264x2780 mFrameNumber=1 applyTransaction=true mTimestamp=27482022421494(auto) mPendingTransactions.size=0 graphicBufferId=45926085296158 transform=0
2026-02-11 15:16:41.539 10693-10722 VRI[VpnActivity]        com.creysvpn.app                     D  Received frameCommittedCallback lastAttemptedDrawFrameNum=1 didProduceBuffer=true syncBuffer=false
2026-02-11 15:16:41.539 10693-10693 VRI[VpnActivity]        com.creysvpn.app                     D  draw finished. seqId=0
2026-02-11 15:16:41.540 10693-10693 ResourcesManagerExtImpl com.creysvpn.app                     D  applyConfigurationToAppResourcesLocked app.getDisplayId() return callback.displayId:0
2026-02-11 15:16:41.540 10693-10693 VRI[VpnActivity]        com.creysvpn.app                     W  handleResized, msg:, frameChanged:false, configChanged:false, displayChanged:false, attachedFrameChanged:false, compatScaleChanged:false, pendingDragResizing=false
2026-02-11 15:16:41.541  3564-5792  WindowManager           system_server                        D  NFW_findFocusedWindowIfNeeded:Window{2f8fc95 u0 com.creysvpn.app/com.creysvpn.app.VpnActivity} mCurrentFocus:Window{2f8fc95 u0 com.creysvpn.app/com.creysvpn.app.VpnActivity}
2026-02-11 15:16:41.544  3564-4583  WindowManager           system_server                        I  Window{2f8fc95 u0 com.creysvpn.app/com.creysvpn.app.VpnActivity} state from DRAW_PENDING to COMMIT_DRAW_PENDING; reason: finishDrawingLocked
2026-02-11 15:16:41.545  3564-4027  WindowManager           system_server                        I  Window{2f8fc95 u0 com.creysvpn.app/com.creysvpn.app.VpnActivity} state from COMMIT_DRAW_PENDING to READY_TO_SHOW; reason: commitFinishDrawingLocked
2026-02-11 15:16:41.545  3564-4027  ActivityTaskManager     system_server                        D  Clearing startingData for activity=ActivityRecord{130275029 u0 com.creysvpn.app/.VpnActivity t9583} mStartingData=null mStartingSurface=null
2026-02-11 15:16:41.545  3564-4027  Quality                 system_server                        I  LaunchTime2.0: com.creysvpn.app/.VpnActivity 3 45 com.creysvpn.app -1 -1
2026-02-11 15:16:41.545  3564-4027  QuickBackInputPolicy    system_server                        D  setAppLaunchEndTime update timePair=Pair{ActivityRecord{130275029 u0 com.creysvpn.app/.VpnActivity t9583} 27482028}
2026-02-11 15:16:41.545 10693-10722 VRI[VpnActivity]        com.creysvpn.app                     D  Received frameCommittedCallback lastAttemptedDrawFrameNum=2 didProduceBuffer=false syncBuffer=false
2026-02-11 15:16:41.545  3564-4027  WindowManager           system_server                        I  Window{2f8fc95 u0 com.creysvpn.app/com.creysvpn.app.VpnActivity} state from READY_TO_SHOW to HAS_DRAWN; reason: performShowLocked
2026-02-11 15:16:41.545 10693-10693 VRI[VpnActivity]        com.creysvpn.app                     D  draw finished. seqId=0
2026-02-11 15:16:41.549  1941-1999  statsd                  statsd                               I  An anomaly (119840000001) (100198)0x10000->com.creysvpn.app[S] (100198)0x20000->10469[I]  has occurred! Informing subscribers.
2026-02-11 15:16:41.550  7408-21621 midasd                  midasd                               I  app forground called:com.creysvpn.app
2026-02-11 15:16:41.564  1941-1999  statsd                  statsd                               I  An anomaly (104240000001) (42)0x10000->10469[I] (42)0x20000->com.creysvpn.app[S] (42)0x30000->.VpnActivity[S]  has occurred! Informing subscribers.
2026-02-11 15:16:41.577  1941-1999  statsd                  statsd                               I  An anomaly (104840000001) (48)0x10000->10469[I] (48)0x20000->com.creysvpn.app[S] (48)0x30000->2[I]  has occurred! Informing subscribers.
2026-02-11 15:16:41.577  3564-6985  OStatsManager_Calc      system_server                        I  add screen power pkgName = com.creysvpn.app, uid = 10469, power = 11.283900000154972, is Fg = true, fore size = 3, mScale = 1.0
2026-02-11 15:16:41.577  3564-6985  OStatsMana...atsManager system_server                        I  notePkgBackground [com.android.launcher10244, com.creysvpn.app10469], uid = 10436, pid = 16274, pkgName = ru.dedvpn.android
2026-02-11 15:16:41.578  2354-2515  AudioFlingerExtImpl     audioserver                          D  updateForegroundInfo, mapInf mForegroundMap(1)|[com.creysvpn.app]=1, uidPidMapInf mForegroundUidPidMap(1)|[10469]=10693
2026-02-11 15:16:41.601  3564-7841  ActivityTaskManager     system_server                        D  after skip size:46,pre-Filtered:com.creysvpn.app # ru.dedvpn.android # com.oppo.quicksearchbox # com.rldv1.switch2 # bsd.suitcase.release # tg.hungry.client # com.android.settings # com.anthropic.claude # com.zhiliaoapp.musically # com.android.chrome # com.android.vending # com.gameloft.android.ANMP.GloftGGHM # com.android.settings # org.telegram.messenger # com.coloros.gallery3d # com.duolingo # com.google.android.youtube # com.deepseek.chat # com.lemon.lvoverseas # com.coloros.alarmclock # com.realsignal.packetcapturepro # com.oplus.camera # com.radolyn.ayugram # com.google.android.apps.docs # com.PlayMax.playergames # com.android.contacts # com.yandex.browser # andes.oplus.documentsreader # andes.oplus.documentsreader # ru.trashbox.tapk # net.apex_designs.payback2 # com.noorgames.basketbattle # com.adguard.vpn # ru.mes.dnevnik # com.picsart.studio # com.google.android.gm # com.meitu.wink # bin.mt.plus # com.google.android.documentsui # com.vkontakte.android # com.google.android.googlequicksearchbox # com.heytap.browser # com.android.mms # com.android.phone # com.discord # ru.yandex.music # 
2026-02-11 15:16:41.990  5339-5978  OplusUXIconLoader       com.android.launcher                 V  loadUxIcon drawable null, packageName = com.creysvpn.app,activityName =:com.creysvpn.app.MainActivity
2026-02-11 15:16:41.990  3564-6350  OplusHansManager        system_server                        I  front pkg: com.android.launcher, uid: 10244, prev pkg: com.creysvpn.app, prev uid: 10469
2026-02-11 15:16:41.991  3564-6350  FlexibleTaskController  system_server                        D  onTaskFocusChanged prevTask:Task{fbba365 #9583 type=standard A=10469:com.creysvpn.app} ,currentTask:Task{d6580ee #5 type=home I=com.android.launcher/.Launcher}, reason: resumeTopActivity - onActivityStateChanged
2026-02-11 15:16:41.993  3564-5149  Osense-Bas...isionMaker system_server                        I  notifySceneToAthenaPolicy: SCENE_LAUNCHER, bundle: Bundle[{prevPkgName=com.creysvpn.app, curUid=10244, isGame=false, curPkgName=com.android.launcher, prevUid=10469}]
2026-02-11 15:16:41.995  3564-5743  OPM-Process             system_server                        I  resume pkg: com.android.launcher, uid:10244, prev pkg: com.creysvpn.app, prev uid: 10469
2026-02-11 15:16:41.995  3564-5561  InputDispatcher         system_server                        I  updateFocusedWindow, 2f8fc95 com.creysvpn.app/com.creysvpn.app.VpnActivity on display 0, reason: Window became focusable. Previous reason: NOT_VISIBLE, result:   FocusedWindows:
                                                                                                        displayId=0, name='2f8fc95 com.creysvpn.app/com.creysvpn.app.VpnActivity'
2026-02-11 15:16:41.996  3564-6350  Transition              system_server                        D  collectOrderChanges onTopTasksEnd: [Task{813da85 #1 type=home}, Task{d6580ee #5 type=home I=com.android.launcher/.Launcher}], reportedOnTop:null, mOnTopTasksStart: [Task{fbba365 #9583 type=standard A=10469:com.creysvpn.app}], TDA child: [Task{39c730e #9539 type=standard A=10134:com.oppo.quicksearchbox nonResizable}, Task{544bd5a #9337 type=undefined A=10382:com.anthropic.claude}, Task{4c73e12 #9541 type=standard A=1000:.applications.InstalledAppDetailsTop}, Task{fb8da48 #9549 type=standard A=10157:com.oppo.gallery3d.app.Gallery}, Task{e64325e #9545 type=standard A=10339:com.duolingo}, Task{d3796b3 #2 type=undefined}, Task{245c3ca #9535 type=standard A=10186:com.google.android.youtube}, Task{cc0952c #9533 type=standard A=10375:org.telegram.messenger}, Task{eb959dc #9568 type=standard A=10268:com.gameloft.android.ANMP.GloftGGHM nonResizable}, Task{9292532 #9547 type=standard A=10125:com.android.vending}, Task{2dd9047 #9543 type=standard A=10174:com.android.chrome}, Task{e01704b #9560 type=standard A=10362:com.zhiliaoapp.musically}, Task{25890db #9567 type=standard A=1000:com.android.settings.root}, Task{2e34f53 #9576 type=standard A=10401:tg.hungry.client}, Task{b353f02 #9582 type=standard A=10425:bsd.suitcase.release}, Task{c71f905 #9455 type=undefined A=10436:ru.dedvpn.android}, Task{fbba365 #9583 type=standard A=10469:com.creysvpn.app}, Task{813da85 #1 type=home}]
2026-02-11 15:16:41.996  3564-6350  OplusFlexi...ionManager system_server                        D  fixTransitType type result:3, targets: [ChangeInfo{b6b07a2 container=Task{813da85 #1 type=home} flags=0x30}, ChangeInfo{231cc33 container=Task{fbba365 #9583 type=standard A=10469:com.creysvpn.app} flags=0x4}]
2026-02-11 15:16:41.999  3564-6350  OplusTrans...ionManager system_server                        D  dispatchTransitionReadyToClient topWin=Window{2f8fc95 u0 com.creysvpn.app/com.creysvpn.app.VpnActivity}, transitionId=536, hasRemoteOpenFromViewSeamlessTransition=false
2026-02-11 15:16:41.999  3564-6350  OplusTrans...Controller system_server                        D  onTransactionReady, transition: 536, info: {id=536 t=TO_FRONT f=0x80 trk=0 r=[0@Point(0, 0)] c=[{WCT{RemoteToken{a341a67 Task{813da85 #1 type=home}}} m=TO_FRONT f=SHOW_WALLPAPER|MOVE_TO_TOP leash=Surface(name=Task=1)/@0x8d4c568 sb=Rect(0, 0 - 1264, 2780) eb=Rect(0, 0 - 1264, 2780) epz=Point(1264, 2780) d=0 taskParent=-1},{WCT{RemoteToken{1b439ac Task{fbba365 #9583 type=standard A=10469:com.creysvpn.app}}} m=TO_BACK f=NONE leash=Surface(name=Task=9583)/@0xa572675 sb=Rect(0, 0 - 1264, 2780) eb=Rect(0, 0 - 1264, 2780) epz=Point(1264, 2780) d=0 taskParent=-1}] 
                                                                                                    extendInfo=[
                                                                                                     OplusTransitionExtendedInfo{mTmpFinishT=null, mInOplusCompatMode=false, mIsProcessRunning=true, mHasMismatchBoundsTarget=false, mRecentsController=null, mRemoteTransition=null, mIsTranslucentActivityToHome=false, mAvoidInterceptKeyEventToHome=false, mIsFromHome=false, mParentLeash=null, mBackAnimClosingLeash=null, mIsOplusAnimRes=false, mKeepBgForContinuous=false, mIsBalAllow=false, mTaskNotInRecent=false, mIsPredictiveBackAnim=false, mIsMergedWithPredictive=false, mIsLaunchFromSpruce=false, mIsLaunchFromDrive=false, mGlobalSearchPageSwitch=false, mNeedNoAlphaGlobalSearchScene=false, mAssistScreenShowing=false, mSwipeUpBrowserScreenShowing=false, mUserIdTransition=0
                                                                                                    , mInRemoteScene=false, mInPreReady=false, mPreStart=false, mToken=null, mAbortByRemoteFromHome=false, mShellApplyToken=null, mRequestTransitionTaskId=-1, mAbortTransitionOnShell=0, mStartFromShortcut=false, mRemovedTaskId=-1, mTransitionInterruptType=0, mMergeSecondTaskId=-1, mTaskIdStartFromRecents=0, mTransitionId=536, mCanUseSpringSlideAnim=false, mTransitionLaunchFrom=0, mFoldChangeType=-1, mAnimStartingPosition=[0, 0, 0, 0], mIsOpeningStkDialogActivity=false, mIsNeedApplyStartTForEmbedded=false, mMergeSecondTaskAnimation=false, mIsLaunchUnityStart=false, mIsLaunchFromAssistantByDefault=false, mSkipRemoteTransitionfalse, mIsStartFromKeyguard=false flags=0x0, mWCT=null, mIsOpenMergeToInValidPredictive=false}]}, targets : [ChangeInfo{b6b07a2 container=Task{813da85 #1 type=home} flags=0x30}, ChangeInfo{231cc33 container=Task{fbba365 #9583 type=standard A=10469:com.creysvpn.app} flags=0x4}], participants: {Task{813da85 #1 type=home}, ActivityRecord{215934230 u0 com.android.launcher/.Launcher t5}, Task{d6580ee #5 type=home I=com.android.launcher/.Launcher}, Task{fbba365 #9583 type=standard A=10469:com.creysvpn.app}}
2026-02-11 15:16:42.000  3564-14371 GameManage...ServiceExt system_server                        I  on FG change: com.creysvpn.app|com.android.launcher
2026-02-11 15:16:42.001 10693-10693 VRI[VpnActivity]        com.creysvpn.app                     D  onFocusEvent true
2026-02-11 15:16:42.001  3564-5156  OsenseKillAction        system_server                        I  KillAction: 693mb more anonRss to reclaim, 0mb more swapMb to reclaim, <trigger> mem guard, cur avail=2503mb, bundle: Bundle[{appcareThreshold=19, prevPkgName=com.creysvpn.app, triggerMemory=2800, curUid=10244, isGame=false, curPkgName=com.android.launcher, qbmode=false, prevUid=10469, type=smart-force, level=2, scene=SCENE_LAUNCHER, requestId=665, purposeMemory=3200}]
2026-02-11 15:16:42.001  3564-4023  WindowManager           system_server                        V      info={id=536 t=TO_FRONT f=0x80 trk=0 r=[0@Point(0, 0)] c=[
                                                                                                            {WCT{RemoteToken{a341a67 Task{813da85 #1 type=home}}} m=TO_FRONT f=SHOW_WALLPAPER|MOVE_TO_TOP leash=Surface(name=Task=1)/@0x8d4c568 sb=Rect(0, 0 - 1264, 2780) eb=Rect(0, 0 - 1264, 2780) epz=Point(1264, 2780) d=0 taskParent=-1},
                                                                                                            {WCT{RemoteToken{1b439ac Task{fbba365 #9583 type=standard A=10469:com.creysvpn.app}}} m=TO_BACK f=NONE leash=Surface(name=Task=9583)/@0xa572675 sb=Rect(0, 0 - 1264, 2780) eb=Rect(0, 0 - 1264, 2780) epz=Point(1264, 2780) d=0 taskParent=-1}
                                                                                                        ] 
                                                                                                    extendInfo=[
                                                                                                     OplusTransitionExtendedInfo{mTmpFinishT=null, mInOplusCompatMode=false, mIsProcessRunning=true, mHasMismatchBoundsTarget=false, mRecentsController=null, mRemoteTransition=null, mIsTranslucentActivityToHome=false, mAvoidInterceptKeyEventToHome=false, mIsFromHome=false, mParentLeash=null, mBackAnimClosingLeash=null, mIsOplusAnimRes=false, mKeepBgForContinuous=false, mIsBalAllow=false, mTaskNotInRecent=false, mIsPredictiveBackAnim=false, mIsMergedWithPredictive=false, mIsLaunchFromSpruce=false, mIsLaunchFromDrive=false, mGlobalSearchPageSwitch=false, mNeedNoAlphaGlobalSearchScene=false, mAssistScreenShowing=false, mSwipeUpBrowserScreenShowing=false, mUserIdTransition=0
                                                                                                    , mInRemoteScene=false, mInPreReady=false, mPreStart=false, mToken=null, mAbortByRemoteFromHome=false, mShellApplyToken=null, mRequestTransitionTaskId=-1, mAbortTransitionOnShell=0, mStartFromShortcut=false, mRemovedTaskId=-1, mTransitionInterruptType=0, mMergeSecondTaskId=-1, mTaskIdStartFromRecents=0, mTransitionId=536, mCanUseSpringSlideAnim=false, mTransitionLaunchFrom=0, mFoldChangeType=-1, mAnimStartingPosition=[0, 0, 0, 0], mIsOpeningStkDialogActivity=false, mIsNeedApplyStartTForEmbedded=false, mMergeSecondTaskAnimation=false, mIsLaunchUnityStart=false, mIsLaunchFromAssistantByDefault=false, mSkipRemoteTransitionfalse, mIsStartFromKeyguard=false flags=0x0, mWCT=null, mIsOpenMergeToInValidPredictive=false}]}
2026-02-11 15:16:42.002  3564-4583  Transition              system_server                        D  finishTransition ar ActivityRecord{130275029 u0 com.creysvpn.app/.VpnActivity t9583}, isVisibleRequested=true, state=RESUMED, visibleAtTransitionEndTokens={WallpaperWindowToken{5b6e5fe showWhenLocked=false}, ActivityRecord{130275029 u0 com.creysvpn.app/.VpnActivity t9583}}, this=TransitionRecord{fdd9ac6 id=535 track=0 type=TO_FRONT flags=0x0 state=2 c=[
                                                                                                       ChangeInfo{1a76a87 container=DefaultTaskDisplayArea@47971945 flags=0x0}
                                                                                                       ChangeInfo{227adb4 container=WallpaperWindowToken{5b6e5fe showWhenLocked=false} flags=0x0}
